=== example.com/idioms
# example.com/idioms/pslice
panic: assignment to entry in nil map

goroutine 1 [running]:
github.com/DataDog/orchestrion/internal/toolexec/aspect.Weaver.OnCompile({{0x60c9ba572464?, 0x2?}, {0x0?, 0x10376f60c?}}, {0x10491a6a8, 0x60c9ba9ad420}, 0x60c9ba86e780)
	/Users/eliott.bouhana/go/pkg/mod/github.com/!data!dog/orchestrion@v1.12.2-0.20260828141217-23afa71d6dcb/internal/toolexec/aspect/oncompile.go:195 +0x17ac
github.com/DataDog/orchestrion/internal/toolexec/proxy.ProcessCommand[...](...)
	/Users/eliott.bouhana/go/pkg/mod/github.com/!data!dog/orchestrion@v1.12.2-0.20260828141217-23afa71d6dcb/internal/toolexec/proxy/proxy.go:78
github.com/DataDog/orchestrion/internal/cmd.init.func8(0x60c9ba9bec40)
	/Users/eliott.bouhana/go/pkg/mod/github.com/!data!dog/orchestrion@v1.12.2-0.20260828141217-23afa71d6dcb/internal/cmd/toolexec.go:93 +0x4c4
github.com/urfave/cli/v2.(*Command).Run(0x104b00f40, 0x60c9ba9bec40, {0x60c9ba84d600, 0x15, 0x15})
	/Users/eliott.bouhana/go/pkg/mod/github.com/urfave/cli/v2@v2.27.7/command.go:276 +0x580
github.com/urfave/cli/v2.(*Command).Run(0x60c9ba84d1e0, 0x60c9ba9be9c0, {0x60c9ba56c160, 0x16, 0x16})
	/Users/eliott.bouhana/go/pkg/mod/github.com/urfave/cli/v2@v2.27.7/command.go:269 +0x774
github.com/urfave/cli/v2.(*App).RunContext(0x60c9ba834c00, {0x10491a3d0, 0x104b4ad20}, {0x60c9ba56c160, 0x16, 0x16})
	/Users/eliott.bouhana/go/pkg/mod/github.com/urfave/cli/v2@v2.27.7/app.go:333 +0x4bc
main.main()
	/Users/eliott.bouhana/go/pkg/mod/github.com/!data!dog/orchestrion@v1.12.2-0.20260828141217-23afa71d6dcb/main.go:218 +0xe9c
# example.com/idioms/pnamed
panic: assignment to entry in nil map

goroutine 1 [running]:
github.com/DataDog/orchestrion/internal/toolexec/aspect.Weaver.OnCompile({{0x3e67ad780464?, 0x2?}, {0x0?, 0x10592760c?}}, {0x106ad26a8, 0x3e67adc4d420}, 0x3e67adb04780)
	/Users/eliott.bouhana/go/pkg/mod/github.com/!data!dog/orchestrion@v1.12.2-0.20260828141217-23afa71d6dcb/internal/toolexec/aspect/oncompile.go:195 +0x17ac
github.com/DataDog/orchestrion/internal/toolexec/proxy.ProcessCommand[...](...)
	/Users/eliott.bouhana/go/pkg/mod/github.com/!data!dog/orchestrion@v1.12.2-0.20260828141217-23afa71d6dcb/internal/toolexec/proxy/proxy.go:78
github.com/DataDog/orchestrion/internal/cmd.init.func8(0x3e67adc5ec40)
	/Users/eliott.bouhana/go/pkg/mod/github.com/!data!dog/orchestrion@v1.12.2-0.20260828141217-23afa71d6dcb/internal/cmd/toolexec.go:93 +0x4c4
github.com/urfave/cli/v2.(*Command).Run(0x106cb8f40, 0x3e67adc5ec40, {0x3e67adae5600, 0x15, 0x15})
	/Users/eliott.bouhana/go/pkg/mod/github.com/urfave/cli/v2@v2.27.7/command.go:276 +0x580
exit=141
=== example.com/idioms/pcgo
exit=0
=== example.com/idioms/pconst
exit=0
=== example.com/idioms/pembed
exit=0
=== example.com/idioms/pflow
exit=0
=== example.com/idioms/pgeneric
# example.com/idioms/pgeneric
panic: assignment to entry in nil map

goroutine 1 [running]:
github.com/DataDog/orchestrion/internal/toolexec/aspect.Weaver.OnCompile({{0x4f7632692464?, 0x2?}, {0x0?, 0x10504b60c?}}, {0x1061f66a8, 0x4f76327abb80}, 0x4f763290c1e0)
	/Users/eliott.bouhana/go/pkg/mod/github.com/!data!dog/orchestrion@v1.12.2-0.20260828141217-23afa71d6dcb/internal/toolexec/aspect/oncompile.go:195 +0x17ac
github.com/DataDog/orchestrion/internal/toolexec/proxy.ProcessCommand[...](...)
	/Users/eliott.bouhana/go/pkg/mod/github.com/!data!dog/orchestrion@v1.12.2-0.20260828141217-23afa71d6dcb/internal/toolexec/proxy/proxy.go:78
github.com/DataDog/orchestrion/internal/cmd.init.func8(0x4f763294fcc0)
	/Users/eliott.bouhana/go/pkg/mod/github.com/!data!dog/orchestrion@v1.12.2-0.20260828141217-23afa71d6dcb/internal/cmd/toolexec.go:93 +0x4c4
github.com/urfave/cli/v2.(*Command).Run(0x1063dcf40, 0x4f763294fcc0, {0x4f763290a840, 0x15, 0x15})
	/Users/eliott.bouhana/go/pkg/mod/github.com/urfave/cli/v2@v2.27.7/command.go:276 +0x580
github.com/urfave/cli/v2.(*Command).Run(0x4f763290a420, 0x4f763294fa40, {0x4f763268c160, 0x16, 0x16})
	/Users/eliott.bouhana/go/pkg/mod/github.com/urfave/cli/v2@v2.27.7/command.go:269 +0x774
github.com/urfave/cli/v2.(*App).RunContext(0x4f7632a92600, {0x1061f63d0, 0x106426d20}, {0x4f763268c160, 0x16, 0x16})
	/Users/eliott.bouhana/go/pkg/mod/github.com/urfave/cli/v2@v2.27.7/app.go:333 +0x4bc
main.main()
	/Users/eliott.bouhana/go/pkg/mod/github.com/!data!dog/orchestrion@v1.12.2-0.20260828141217-23afa71d6dcb/main.go:218 +0xe9c
exit status 1
exit=1
=== example.com/idioms/pmethod
exit=0
=== example.com/idioms/pnamed
# example.com/idioms/pnamed
panic: assignment to entry in nil map

goroutine 1 [running]:
github.com/DataDog/orchestrion/internal/toolexec/aspect.Weaver.OnCompile({{0x55b8dc792464?, 0x2?}, {0x0?, 0x101d9f60c?}}, {0x102f4a6a8, 0x55b8dcad4580}, 0x55b8dc93b680)
	/Users/eliott.bouhana/go/pkg/mod/github.com/!data!dog/orchestrion@v1.12.2-0.20260828141217-23afa71d6dcb/internal/toolexec/aspect/oncompile.go:195 +0x17ac
github.com/DataDog/orchestrion/internal/toolexec/proxy.ProcessCommand[...](...)
	/Users/eliott.bouhana/go/pkg/mod/github.com/!data!dog/orchestrion@v1.12.2-0.20260828141217-23afa71d6dcb/internal/toolexec/proxy/proxy.go:78
github.com/DataDog/orchestrion/internal/cmd.init.func8(0x55b8dcade280)
	/Users/eliott.bouhana/go/pkg/mod/github.com/!data!dog/orchestrion@v1.12.2-0.20260828141217-23afa71d6dcb/internal/cmd/toolexec.go:93 +0x4c4
github.com/urfave/cli/v2.(*Command).Run(0x103130f40, 0x55b8dcade280, {0x55b8dc8e4b00, 0x15, 0x15})
	/Users/eliott.bouhana/go/pkg/mod/github.com/urfave/cli/v2@v2.27.7/command.go:276 +0x580
github.com/urfave/cli/v2.(*Command).Run(0x55b8dc8e46e0, 0x55b8dcade000, {0x55b8dc8e4000, 0x16, 0x16})
	/Users/eliott.bouhana/go/pkg/mod/github.com/urfave/cli/v2@v2.27.7/command.go:269 +0x774
github.com/urfave/cli/v2.(*App).RunContext(0x55b8dca70a00, {0x102f4a3d0, 0x10317ad20}, {0x55b8dc8e4000, 0x16, 0x16})
	/Users/eliott.bouhana/go/pkg/mod/github.com/urfave/cli/v2@v2.27.7/app.go:333 +0x4bc
main.main()
	/Users/eliott.bouhana/go/pkg/mod/github.com/!data!dog/orchestrion@v1.12.2-0.20260828141217-23afa71d6dcb/main.go:218 +0xe9c
exit status 1
exit=1
=== example.com/idioms/pnoimport
# example.com/idioms/pnoimport
panic: assignment to entry in nil map

goroutine 1 [running]:
github.com/DataDog/orchestrion/internal/toolexec/aspect.Weaver.OnCompile({{0x7fcb250d2464?, 0x2?}, {0x0?, 0x10170b60c?}}, {0x1028b66a8, 0x7fcb254dfee0}, 0x7fcb25277c20)
	/Users/eliott.bouhana/go/pkg/mod/github.com/!data!dog/orchestrion@v1.12.2-0.20260828141217-23afa71d6dcb/internal/toolexec/aspect/oncompile.go:195 +0x17ac
github.com/DataDog/orchestrion/internal/toolexec/proxy.ProcessCommand[...](...)
	/Users/eliott.bouhana/go/pkg/mod/github.com/!data!dog/orchestrion@v1.12.2-0.20260828141217-23afa71d6dcb/internal/toolexec/proxy/proxy.go:78
github.com/DataDog/orchestrion/internal/cmd.init.func8(0x7fcb254f6180)
	/Users/eliott.bouhana/go/pkg/mod/github.com/!data!dog/orchestrion@v1.12.2-0.20260828141217-23afa71d6dcb/internal/cmd/toolexec.go:93 +0x4c4
github.com/urfave/cli/v2.(*Command).Run(0x102a9cf40, 0x7fcb254f6180, {0x7fcb250cda20, 0x15, 0x15})
	/Users/eliott.bouhana/go/pkg/mod/github.com/urfave/cli/v2@v2.27.7/command.go:276 +0x580
github.com/urfave/cli/v2.(*Command).Run(0x7fcb250cd600, 0x7fcb254efe00, {0x7fcb250cc160, 0x16, 0x16})
	/Users/eliott.bouhana/go/pkg/mod/github.com/urfave/cli/v2@v2.27.7/command.go:269 +0x774
github.com/urfave/cli/v2.(*App).RunContext(0x7fcb253a0c00, {0x1028b63d0, 0x102ae6d20}, {0x7fcb250cc160, 0x16, 0x16})
	/Users/eliott.bouhana/go/pkg/mod/github.com/urfave/cli/v2@v2.27.7/app.go:333 +0x4bc
main.main()
	/Users/eliott.bouhana/go/pkg/mod/github.com/!data!dog/orchestrion@v1.12.2-0.20260828141217-23afa71d6dcb/main.go:218 +0xe9c
exit status 1
exit=1
=== example.com/idioms/pslice
# example.com/idioms/pslice
panic: assignment to entry in nil map

goroutine 1 [running]:
github.com/DataDog/orchestrion/internal/toolexec/aspect.Weaver.OnCompile({{0x7b37f50c0464?, 0x2?}, {0x0?, 0x10157b60c?}}, {0x1027266a8, 0x7b37f554dee0}, 0x7b37f5265c20)
	/Users/eliott.bouhana/go/pkg/mod/github.com/!data!dog/orchestrion@v1.12.2-0.20260828141217-23afa71d6dcb/internal/toolexec/aspect/oncompile.go:195 +0x17ac
github.com/DataDog/orchestrion/internal/toolexec/proxy.ProcessCommand[...](...)
	/Users/eliott.bouhana/go/pkg/mod/github.com/!data!dog/orchestrion@v1.12.2-0.20260828141217-23afa71d6dcb/internal/toolexec/proxy/proxy.go:78
github.com/DataDog/orchestrion/internal/cmd.init.func8(0x7b37f55641c0)
	/Users/eliott.bouhana/go/pkg/mod/github.com/!data!dog/orchestrion@v1.12.2-0.20260828141217-23afa71d6dcb/internal/cmd/toolexec.go:93 +0x4c4
github.com/urfave/cli/v2.(*Command).Run(0x10290cf40, 0x7b37f55641c0, {0x7b37f50bba20, 0x15, 0x15})
	/Users/eliott.bouhana/go/pkg/mod/github.com/urfave/cli/v2@v2.27.7/command.go:276 +0x580
github.com/urfave/cli/v2.(*Command).Run(0x7b37f50bb600, 0x7b37f555de40, {0x7b37f50ba160, 0x16, 0x16})
	/Users/eliott.bouhana/go/pkg/mod/github.com/urfave/cli/v2@v2.27.7/command.go:269 +0x774
github.com/urfave/cli/v2.(*App).RunContext(0x7b37f5412c00, {0x1027263d0, 0x102956d20}, {0x7b37f50ba160, 0x16, 0x16})
	/Users/eliott.bouhana/go/pkg/mod/github.com/urfave/cli/v2@v2.27.7/app.go:333 +0x4bc
main.main()
	/Users/eliott.bouhana/go/pkg/mod/github.com/!data!dog/orchestrion@v1.12.2-0.20260828141217-23afa71d6dcb/main.go:218 +0xe9c
exit status 1
exit=1
=== example.com/idioms/pvariadic
exit=0
