Command: cd samber-lo && GOTOOLCHAIN=local go tool orchestrion go build ./...
go version: go version go1.27.0 darwin/arm64

# github.com/samber/lo
resolving woven dependency on github.com/DataDog/dd-iast-go/iast/propagation: -: # encoding/json
$WORK/b072/orchestrion/src/encoding/json/<generated>:2: dec.r undefined (type *Decoder has no field or method r)
$WORK/b072/orchestrion/src/encoding/json/<generated>:2: dec.d undefined (type *Decoder has no field or method d)
$WORK/b072/orchestrion/src/encoding/json/<generated>:3: dec.d undefined (type *Decoder has no field or method d)
exit status 2
-: # encoding/json
$WORK/b072/orchestrion/src/encoding/json/<generated>:2: dec.r undefined (type *Decoder has no field or method r)
$WORK/b072/orchestrion/src/encoding/json/<generated>:2: dec.d undefined (type *Decoder has no field or method d)
$WORK/b072/orchestrion/src/encoding/json/<generated>:3: dec.d undefined (type *Decoder has no field or method d)
exit status 2
-: # encoding/json
$WORK/b072/orchestrion/src/encoding/json/<generated>:2: dec.r undefined (type *Decoder has no field or method r)
$WORK/b072/orchestrion/src/encoding/json/<generated>:2: dec.d undefined (type *Decoder has no field or method d)
$WORK/b072/orchestrion/src/encoding/json/<generated>:3: dec.d undefined (type *Decoder has no field or method d)
exit status 2
-: # encoding/json
$WORK/b072/orchestrion/src/encoding/json/<generated>:2: dec.r undefined (type *Decoder has no field or method r)
$WORK/b072/orchestrion/src/encoding/json/<generated>:2: dec.d undefined (type *Decoder has no field or method d)
$WORK/b072/orchestrion/src/encoding/json/<generated>:3: dec.d undefined (type *Decoder has no field or method d)
exit status 2
-: # encoding/json
$WORK/b072/orchestrion/src/encoding/json/<generated>:2: dec.r undefined (type *Decoder has no field or method r)
$WORK/b072/orchestrion/src/encoding/json/<generated>:2: dec.d undefined (type *Decoder has no field or method d)
$WORK/b072/orchestrion/src/encoding/json/<generated>:3: dec.d undefined (type *Decoder has no field or method d)
exit status 2
-: # encoding/json
$WORK/b072/orchestrion/src/encoding/json/<generated>:2: dec.r undefined (type *Decoder has no field or method r)
$WORK/b072/orchestrion/src/encoding/json/<generated>:2: dec.d undefined (type *Decoder has no field or method d)
$WORK/b072/orchestrion/src/encoding/json/<generated>:3: dec.d undefined (type *Decoder has no field or method d)
exit status 2
-: # encoding/json
$WORK/b072/orchestrion/src/encoding/json/<generated>:2: dec.r undefined (type *Decoder has no field or method r)
$WORK/b072/orchestrion/src/encoding/json/<generated>:2: dec.d undefined (type *Decoder has no field or method d)
$WORK/b072/orchestrion/src/encoding/json/<generated>:3: dec.d undefined (type *Decoder has no field or method d)
exit status 2
-: # encoding/json
$WORK/b072/orchestrion/src/encoding/json/<generated>:2: dec.r undefined (type *Decoder has no field or method r)
$WORK/b072/orchestrion/src/encoding/json/<generated>:2: dec.d undefined (type *Decoder has no field or method d)
$WORK/b072/orchestrion/src/encoding/json/<generated>:3: dec.d undefined (type *Decoder has no field or method d)
exit status 2
-: # encoding/json
$WORK/b072/orchestrion/src/encoding/json/<generated>:2: dec.r undefined (type *Decoder has no field or method r)
$WORK/b072/orchestrion/src/encoding/json/<generated>:2: dec.d undefined (type *Decoder has no field or method d)
$WORK/b072/orchestrion/src/encoding/json/<generated>:3: dec.d undefined (type *Decoder has no field or method d)
exit status 2
-: # encoding/json
$WORK/b072/orchestrion/src/encoding/json/<generated>:2: dec.r undefined (type *Decoder has no field or method r)
$WORK/b072/orchestrion/src/encoding/json/<generated>:2: dec.d undefined (type *Decoder has no field or method d)
$WORK/b072/orchestrion/src/encoding/json/<generated>:3: dec.d undefined (type *Decoder has no field or method d)
exit status 2
-: # encoding/json
$WORK/b072/orchestrion/src/encoding/json/<generated>:2: dec.r undefined (type *Decoder has no field or method r)
$WORK/b072/orchestrion/src/encoding/json/<generated>:2: dec.d undefined (type *Decoder has no field or method d)
$WORK/b072/orchestrion/src/encoding/json/<generated>:3: dec.d undefined (type *Decoder has no field or method d)
exit status 2
-: # encoding/json
$WORK/b072/orchestrion/src/encoding/json/<generated>:2: dec.r undefined (type *Decoder has no field or method r)
$WORK/b072/orchestrion/src/encoding/json/<generated>:2: dec.d undefined (type *Decoder has no field or method d)
$WORK/b072/orchestrion/src/encoding/json/<generated>:3: dec.d undefined (type *Decoder has no field or method d)
exit status 2
-: # encoding/json
$WORK/b072/orchestrion/src/encoding/json/<generated>:2: dec.r undefined (type *Decoder has no field or method r)
$WORK/b072/orchestrion/src/encoding/json/<generated>:2: dec.d undefined (type *Decoder has no field or method d)
$WORK/b072/orchestrion/src/encoding/json/<generated>:3: dec.d undefined (type *Decoder has no field or method d)
exit status 2
-: # encoding/json
$WORK/b072/orchestrion/src/encoding/json/<generated>:2: dec.r undefined (type *Decoder has no field or method r)
$WORK/b072/orchestrion/src/encoding/json/<generated>:2: dec.d undefined (type *Decoder has no field or method d)
$WORK/b072/orchestrion/src/encoding/json/<generated>:3: dec.d undefined (type *Decoder has no field or method d)
exit status 2
-: # encoding/json
$WORK/b072/orchestrion/src/encoding/json/<generated>:2: dec.r undefined (type *Decoder has no field or method r)
$WORK/b072/orchestrion/src/encoding/json/<generated>:2: dec.d undefined (type *Decoder has no field or method d)
$WORK/b072/orchestrion/src/encoding/json/<generated>:3: dec.d undefined (type *Decoder has no field or method d)
exit status 2
-: # encoding/json
$WORK/b072/orchestrion/src/encoding/json/<generated>:2: dec.r undefined (type *Decoder has no field or method r)
$WORK/b072/orchestrion/src/encoding/json/<generated>:2: dec.d undefined (type *Decoder has no field or method d)
$WORK/b072/orchestrion/src/encoding/json/<generated>:3: dec.d undefined (type *Decoder has no field or method d)
exit status 2
-: # encoding/json
$WORK/b072/orchestrion/src/encoding/json/<generated>:2: dec.r undefined (type *Decoder has no field or method r)
$WORK/b072/orchestrion/src/encoding/json/<generated>:2: dec.d undefined (type *Decoder has no field or method d)
$WORK/b072/orchestrion/src/encoding/json/<generated>:3: dec.d undefined (type *Decoder has no field or method d)
exit status 2
-: # encoding/json
$WORK/b072/orchestrion/src/encoding/json/<generated>:2: dec.r undefined (type *Decoder has no field or method r)
$WORK/b072/orchestrion/src/encoding/json/<generated>:2: dec.d undefined (type *Decoder has no field or method d)
$WORK/b072/orchestrion/src/encoding/json/<generated>:3: dec.d undefined (type *Decoder has no field or method d)
exit status 2
-: # encoding/json
$WORK/b072/orchestrion/src/encoding/json/<generated>:2: dec.r undefined (type *Decoder has no field or method r)
$WORK/b072/orchestrion/src/encoding/json/<generated>:2: dec.d undefined (type *Decoder has no field or method d)
$WORK/b072/orchestrion/src/encoding/json/<generated>:3: dec.d undefined (type *Decoder has no field or method d)
exit status 2
-: # encoding/json
$WORK/b072/orchestrion/src/encoding/json/<generated>:2: dec.r undefined (type *Decoder has no field or method r)
$WORK/b072/orchestrion/src/encoding/json/<generated>:2: dec.d undefined (type *Decoder has no field or method d)
$WORK/b072/orchestrion/src/encoding/json/<generated>:3: dec.d undefined (type *Decoder has no field or method d)
exit status 2
-: # encoding/json
$WORK/b072/orchestrion/src/encoding/json/<generated>:2: dec.r undefined (type *Decoder has no field or method r)
$WORK/b072/orchestrion/src/encoding/json/<generated>:2: dec.d undefined (type *Decoder has no field or method d)
$WORK/b072/orchestrion/src/encoding/json/<generated>:3: dec.d undefined (type *Decoder has no field or method d)
exit status 2
-: # encoding/json
$WORK/b072/orchestrion/src/encoding/json/<generated>:2: dec.r undefined (type *Decoder has no field or method r)
$WORK/b072/orchestrion/src/encoding/json/<generated>:2: dec.d undefined (type *Decoder has no field or method d)
$WORK/b072/orchestrion/src/encoding/json/<generated>:3: dec.d undefined (type *Decoder has no field or method d)
exit status 2
-: # encoding/json
$WORK/b072/orchestrion/src/encoding/json/<generated>:2: dec.r undefined (type *Decoder has no field or method r)
$WORK/b072/orchestrion/src/encoding/json/<generated>:2: dec.d undefined (type *Decoder has no field or method d)
$WORK/b072/orchestrion/src/encoding/json/<generated>:3: dec.d undefined (type *Decoder has no field or method d)
exit status 2
-: # encoding/json
$WORK/b072/orchestrion/src/encoding/json/<generated>:2: dec.r undefined (type *Decoder has no field or method r)
$WORK/b072/orchestrion/src/encoding/json/<generated>:2: dec.d undefined (type *Decoder has no field or method d)
$WORK/b072/orchestrion/src/encoding/json/<generated>:3: dec.d undefined (type *Decoder has no field or method d)
exit status 2
exit status 1

Exit status: 1  (elapsed 105s)
