Command: cd st-golang-app && GOTOOLCHAIN=local go tool orchestrion go build ./...
go version: go version go1.27.0 darwin/arm64

# encoding/json
$WORK/b041/orchestrion/src/encoding/json/<generated>:2: dec.r undefined (type *Decoder has no field or method r)
$WORK/b041/orchestrion/src/encoding/json/<generated>:2: dec.d undefined (type *Decoder has no field or method d)
$WORK/b041/orchestrion/src/encoding/json/<generated>:3: dec.d undefined (type *Decoder has no field or method d)
exit status 2
# crypto/md5
resolving woven dependency on github.com/DataDog/dd-iast-go/internal/instrumentation/telemetry: -: # encoding/json
sending never-build-twice request: exit status 2
-: # encoding/json
sending never-build-twice request: exit status 2
# golang.org/x/crypto/md4
resolving woven dependency on github.com/DataDog/dd-iast-go/internal/model/constants: -: # encoding/json
sending never-build-twice request: exit status 2
-: # encoding/json
sending never-build-twice request: exit status 2
# crypto/rc4
resolving woven dependency on github.com/DataDog/dd-iast-go/internal/instrumentation/telemetry: -: # encoding/json
sending never-build-twice request: exit status 2
-: # encoding/json
sending never-build-twice request: exit status 2
# crypto/des
resolving woven dependency on github.com/DataDog/dd-iast-go/internal/instrumentation/telemetry: -: # encoding/json
sending never-build-twice request: exit status 2
-: # encoding/json
sending never-build-twice request: exit status 2
# crypto/sha1
resolving woven dependency on github.com/DataDog/dd-iast-go/internal/instrumentation/telemetry: -: # encoding/json
sending never-build-twice request: exit status 2
-: # encoding/json
sending never-build-twice request: exit status 2
exit status 1

Exit status: 1  (elapsed 42s)
