go: upgraded go 1.26.0 => 1.26.6
go: upgraded github.com/DataDog/datadog-agent/comp/core/tagger/origindetection v0.71.0 => v0.82.2
go: upgraded github.com/DataDog/datadog-agent/pkg/obfuscate v0.71.0 => v0.82.2
go: upgraded github.com/DataDog/datadog-agent/pkg/opentelemetry-mapping-go/otlp/attributes v0.71.0 => v0.82.2
go: upgraded github.com/DataDog/datadog-agent/pkg/proto v0.71.0 => v0.82.2
go: upgraded github.com/DataDog/datadog-agent/pkg/remoteconfig/state v0.73.0-rc.1 => v0.82.2
go: upgraded github.com/DataDog/datadog-agent/pkg/trace v0.71.0 => v0.82.2
go: upgraded github.com/DataDog/datadog-agent/pkg/util/log v0.71.0 => v0.82.2
go: upgraded github.com/DataDog/datadog-agent/pkg/util/scrubber v0.71.0 => v0.82.2
go: upgraded github.com/DataDog/datadog-agent/pkg/version v0.71.0 => v0.82.2
go: upgraded github.com/DataDog/datadog-go/v5 v5.6.0 => v5.9.1
go: upgraded github.com/DataDog/dd-trace-go/contrib/99designs/gqlgen/v2 v2.7.0-dev => v2.11.0-rc.1
go: upgraded github.com/DataDog/dd-trace-go/contrib/IBM/sarama/v2 v2.7.0-dev => v2.11.0-rc.1
go: upgraded github.com/DataDog/dd-trace-go/contrib/database/sql/v2 v2.7.0-dev => v2.11.0-rc.1
go: upgraded github.com/DataDog/dd-trace-go/contrib/gin-gonic/gin/v2 v2.7.0-dev => v2.11.0-rc.1
go: upgraded github.com/DataDog/dd-trace-go/contrib/go-chi/chi.v5/v2 v2.7.0-dev => v2.11.0-rc.1
go: upgraded github.com/DataDog/dd-trace-go/contrib/google.golang.org/grpc/v2 v2.7.0-dev => v2.11.0-rc.1
go: upgraded github.com/DataDog/dd-trace-go/contrib/graph-gophers/graphql-go/v2 v2.7.0-dev => v2.11.0-rc.1
go: upgraded github.com/DataDog/dd-trace-go/contrib/graphql-go/graphql/v2 v2.7.0-dev => v2.11.0-rc.1
go: upgraded github.com/DataDog/dd-trace-go/contrib/labstack/echo.v4/v2 v2.7.0-dev => v2.11.0-rc.1
go: upgraded github.com/DataDog/dd-trace-go/contrib/net/http/v2 v2.7.0-dev => v2.11.0-rc.1
go: upgraded github.com/DataDog/dd-trace-go/contrib/sirupsen/logrus/v2 v2.7.0-dev => v2.11.0-rc.1
go: upgraded github.com/DataDog/dd-trace-go/v2 v2.7.0-dev => v2.11.0-rc.1
go: upgraded github.com/DataDog/go-libddwaf/v4 v4.8.0 => v4.10.0
go: upgraded github.com/DataDog/go-runtime-metrics-internal v0.0.4-0.20250721125240-fdf1ef85b633 => v0.0.4-0.20260317103029-7c129975f019
go: upgraded github.com/DataDog/go-sqllexer v0.1.8 => v0.2.4
go: upgraded github.com/DataDog/sketches-go v1.4.7 => v1.4.8
go: upgraded github.com/bytedance/sonic v1.12.0 => v1.12.6
go: upgraded github.com/bytedance/sonic/loader v0.2.0 => v0.2.1
go: upgraded github.com/ebitengine/purego v0.8.4 => v0.10.2
go: upgraded github.com/gabriel-vasile/mimetype v1.4.3 => v1.4.8
go: upgraded github.com/gin-contrib/sse v0.1.0 => v1.0.0
go: upgraded github.com/go-chi/chi/v5 v5.2.2 => v5.3.0
go: upgraded github.com/go-logr/logr v1.4.3 => v1.4.4
go: upgraded github.com/go-playground/validator/v10 v10.20.0 => v10.23.0
go: upgraded github.com/goccy/go-json v0.10.2 => v0.10.4
go: upgraded github.com/golang/snappy v0.0.4 => v1.0.0
go: upgraded github.com/google/pprof v0.0.0-20241210010833-40e02aabc2ad => v0.0.0-20250403155104-27863c87afa6
go: upgraded github.com/graphql-go/handler v0.2.3 => v0.2.4
go: upgraded github.com/hashicorp/go-version v1.7.0 => v1.9.0
go: upgraded github.com/klauspost/compress v1.18.0 => v1.19.2
go: upgraded github.com/klauspost/cpuid/v2 v2.2.7 => v2.4.0
go: upgraded github.com/labstack/echo/v4 v4.11.1 => v4.15.3
go: upgraded github.com/labstack/gommon v0.4.2 => v0.5.0
go: upgraded github.com/lib/pq v1.10.2 => v1.11.1
go: upgraded github.com/lufia/plan9stats v0.0.0-20250317134145-8bc96cf8fc35 => v0.0.0-20260802145828-341c2f0c90b5
go: upgraded github.com/mattn/go-colorable v0.1.14 => v0.1.15
go: upgraded github.com/mattn/go-isatty v0.0.21 => v0.0.24
go: upgraded github.com/open-feature/go-sdk v1.17.0 => v1.18.0
go: upgraded github.com/pelletier/go-toml/v2 v2.2.2 => v2.2.3
go: upgraded github.com/petermattis/goid v0.0.0-20250813065127-a731cc31b4fe => v0.0.0-20260820044319-269ab09b5261
go: upgraded github.com/power-devops/perfstat v0.0.0-20240221224432-82ca36839d55 => v0.0.0-20260805114148-88456608a4f6
go: upgraded github.com/secure-systems-lab/go-securesystemslib v0.9.0 => v0.11.1
go: upgraded github.com/shirou/gopsutil/v4 v4.25.8-0.20250809033336-ffcdc2b7662f => v4.26.7
go: upgraded github.com/tinylib/msgp v1.3.0 => v1.6.4
go: upgraded github.com/tklauser/go-sysconf v0.3.15 => v0.4.0
go: upgraded github.com/tklauser/numcpus v0.10.0 => v0.12.0
go: upgraded go.opentelemetry.io/auto/sdk v1.1.0 => v1.2.1
go: upgraded go.opentelemetry.io/collector/component v1.39.0 => v1.65.0
go: upgraded go.opentelemetry.io/collector/featuregate v1.46.0 => v1.65.0
go: upgraded go.opentelemetry.io/collector/pdata v1.46.0 => v1.65.0
go: upgraded go.opentelemetry.io/collector/pdata/pprofile v0.140.0 => v0.159.0
go: upgraded go.opentelemetry.io/contrib/instrumentation/net/http/otelhttp v0.49.0 => v0.68.0
go: upgraded go.opentelemetry.io/otel v1.38.0 => v1.45.0
go: upgraded go.opentelemetry.io/otel/log v0.13.0 => v0.19.0
go: upgraded go.opentelemetry.io/otel/metric v1.38.0 => v1.45.0
go: upgraded go.opentelemetry.io/otel/sdk v1.38.0 => v1.44.0
go: upgraded go.opentelemetry.io/otel/trace v1.38.0 => v1.45.0
go: upgraded go.uber.org/zap v1.27.0 => v1.28.0
go: upgraded go.yaml.in/yaml/v3 v3.0.4 => v3.0.5
go: upgraded golang.org/x/crypto v0.53.0 => v0.57.0
go: upgraded golang.org/x/exp v0.0.0-20250408133849-7e4ce0ab07d0 => v0.0.0-20260813180055-c1d0aacb2297
go: upgraded golang.org/x/mod v0.37.0 => v0.41.0
go: upgraded golang.org/x/net v0.56.0 => v0.58.0
go: upgraded golang.org/x/sync v0.21.0 => v0.23.0
go: upgraded golang.org/x/sys v0.46.0 => v0.48.0
go: upgraded golang.org/x/text v0.38.0 => v0.42.0
go: upgraded golang.org/x/time v0.12.0 => v0.15.0
go: upgraded google.golang.org/genproto/googleapis/rpc v0.0.0-20250825161204-c5933d9347a5 => v0.0.0-20260819154853-08b0e4226688
go: upgraded google.golang.org/grpc v1.76.0 => v1.83.0
go: upgraded google.golang.org/protobuf v1.36.11 => v1.36.12
--- go.mod key lines
go 1.26.6
	github.com/DataDog/dd-trace-go/v2 v2.11.0-rc.1
	github.com/DataDog/orchestrion v1.12.2-0.20260828141217-23afa71d6dcb
	github.com/DataDog/dd-iast-go v0.0.0-00010101000000-000000000000
replace github.com/DataDog/dd-iast-go => /tmp/ddiast-review/wt/hooks-compile-matrix/dd-iast-go
--- tool.go
	_ "github.com/DataDog/dd-iast-go" // integration
	_ "github.com/DataDog/orchestrion" // integration
