Command: cd x-exp && GOTOOLCHAIN=local go tool orchestrion go build ./...
go version: go version go1.27.0 darwin/arm64

# encoding/json
sending never-build-twice request: exit status 2
# crypto/md5
resolving woven dependency on github.com/DataDog/dd-iast-go/internal/instrumentation/telemetry: -: # encoding/json
sending never-build-twice request: exit status 2
-: # encoding/json
sending never-build-twice request: exit status 2
# golang.org/x/exp/slog/internal/buffer
resolving woven dependency on github.com/DataDog/dd-iast-go/iast/propagation: -: # encoding/json
$WORK/b072/orchestrion/src/encoding/json/<generated>:2: dec.r undefined (type *Decoder has no field or method r)
$WORK/b072/orchestrion/src/encoding/json/<generated>:2: dec.d undefined (type *Decoder has no field or method d)
$WORK/b072/orchestrion/src/encoding/json/<generated>:3: dec.d undefined (type *Decoder has no field or method d)
exit status 2
-: # encoding/json
$WORK/b072/orchestrion/src/encoding/json/<generated>:2: dec.r undefined (type *Decoder has no field or method r)
$WORK/b072/orchestrion/src/encoding/json/<generated>:2: dec.d undefined (type *Decoder has no field or method d)
$WORK/b072/orchestrion/src/encoding/json/<generated>:3: dec.d undefined (type *Decoder has no field or method d)
exit status 2
-: # encoding/json
$WORK/b072/orchestrion/src/encoding/json/<generated>:2: dec.r undefined (type *Decoder has no field or method r)
$WORK/b072/orchestrion/src/encoding/json/<generated>:2: dec.d undefined (type *Decoder has no field or method d)
$WORK/b072/orchestrion/src/encoding/json/<generated>:3: dec.d undefined (type *Decoder has no field or method d)
exit status 2
-: # encoding/json
$WORK/b072/orchestrion/src/encoding/json/<generated>:2: dec.r undefined (type *Decoder has no field or method r)
$WORK/b072/orchestrion/src/encoding/json/<generated>:2: dec.d undefined (type *Decoder has no field or method d)
$WORK/b072/orchestrion/src/encoding/json/<generated>:3: dec.d undefined (type *Decoder has no field or method d)
exit status 2
-: # encoding/json
$WORK/b072/orchestrion/src/encoding/json/<generated>:2: dec.r undefined (type *Decoder has no field or method r)
$WORK/b072/orchestrion/src/encoding/json/<generated>:2: dec.d undefined (type *Decoder has no field or method d)
$WORK/b072/orchestrion/src/encoding/json/<generated>:3: dec.d undefined (type *Decoder has no field or method d)
exit status 2
-: # encoding/json
$WORK/b072/orchestrion/src/encoding/json/<generated>:2: dec.r undefined (type *Decoder has no field or method r)
$WORK/b072/orchestrion/src/encoding/json/<generated>:2: dec.d undefined (type *Decoder has no field or method d)
$WORK/b072/orchestrion/src/encoding/json/<generated>:3: dec.d undefined (type *Decoder has no field or method d)
exit status 2
-: # encoding/json
$WORK/b072/orchestrion/src/encoding/json/<generated>:2: dec.r undefined (type *Decoder has no field or method r)
$WORK/b072/orchestrion/src/encoding/json/<generated>:2: dec.d undefined (type *Decoder has no field or method d)
$WORK/b072/orchestrion/src/encoding/json/<generated>:3: dec.d undefined (type *Decoder has no field or method d)
exit status 2
-: # encoding/json
$WORK/b072/orchestrion/src/encoding/json/<generated>:2: dec.r undefined (type *Decoder has no field or method r)
$WORK/b072/orchestrion/src/encoding/json/<generated>:2: dec.d undefined (type *Decoder has no field or method d)
$WORK/b072/orchestrion/src/encoding/json/<generated>:3: dec.d undefined (type *Decoder has no field or method d)
exit status 2
-: # encoding/json
$WORK/b072/orchestrion/src/encoding/json/<generated>:2: dec.r undefined (type *Decoder has no field or method r)
$WORK/b072/orchestrion/src/encoding/json/<generated>:2: dec.d undefined (type *Decoder has no field or method d)
$WORK/b072/orchestrion/src/encoding/json/<generated>:3: dec.d undefined (type *Decoder has no field or method d)
exit status 2
-: # encoding/json
$WORK/b072/orchestrion/src/encoding/json/<generated>:2: dec.r undefined (type *Decoder has no field or method r)
$WORK/b072/orchestrion/src/encoding/json/<generated>:2: dec.d undefined (type *Decoder has no field or method d)
$WORK/b072/orchestrion/src/encoding/json/<generated>:3: dec.d undefined (type *Decoder has no field or method d)
exit status 2
-: # encoding/json
$WORK/b072/orchestrion/src/encoding/json/<generated>:2: dec.r undefined (type *Decoder has no field or method r)
$WORK/b072/orchestrion/src/encoding/json/<generated>:2: dec.d undefined (type *Decoder has no field or method d)
$WORK/b072/orchestrion/src/encoding/json/<generated>:3: dec.d undefined (type *Decoder has no field or method d)
exit status 2
-: # encoding/json
$WORK/b072/orchestrion/src/encoding/json/<generated>:2: dec.r undefined (type *Decoder has no field or method r)
$WORK/b072/orchestrion/src/encoding/json/<generated>:2: dec.d undefined (type *Decoder has no field or method d)
$WORK/b072/orchestrion/src/encoding/json/<generated>:3: dec.d undefined (type *Decoder has no field or method d)
exit status 2
-: # encoding/json
$WORK/b072/orchestrion/src/encoding/json/<generated>:2: dec.r undefined (type *Decoder has no field or method r)
$WORK/b072/orchestrion/src/encoding/json/<generated>:2: dec.d undefined (type *Decoder has no field or method d)
$WORK/b072/orchestrion/src/encoding/json/<generated>:3: dec.d undefined (type *Decoder has no field or method d)
exit status 2
-: # encoding/json
$WORK/b072/orchestrion/src/encoding/json/<generated>:2: dec.r undefined (type *Decoder has no field or method r)
$WORK/b072/orchestrion/src/encoding/json/<generated>:2: dec.d undefined (type *Decoder has no field or method d)
$WORK/b072/orchestrion/src/encoding/json/<generated>:3: dec.d undefined (type *Decoder has no field or method d)
exit status 2
-: # encoding/json
$WORK/b072/orchestrion/src/encoding/json/<generated>:2: dec.r undefined (type *Decoder has no field or method r)
$WORK/b072/orchestrion/src/encoding/json/<generated>:2: dec.d undefined (type *Decoder has no field or method d)
$WORK/b072/orchestrion/src/encoding/json/<generated>:3: dec.d undefined (type *Decoder has no field or method d)
exit status 2
-: # encoding/json
$WORK/b072/orchestrion/src/encoding/json/<generated>:2: dec.r undefined (type *Decoder has no field or method r)
$WORK/b072/orchestrion/src/encoding/json/<generated>:2: dec.d undefined (type *Decoder has no field or method d)
$WORK/b072/orchestrion/src/encoding/json/<generated>:3: dec.d undefined (type *Decoder has no field or method d)
exit status 2
-: # encoding/json
$WORK/b072/orchestrion/src/encoding/json/<generated>:2: dec.r undefined (type *Decoder has no field or method r)
$WORK/b072/orchestrion/src/encoding/json/<generated>:2: dec.d undefined (type *Decoder has no field or method d)
$WORK/b072/orchestrion/src/encoding/json/<generated>:3: dec.d undefined (type *Decoder has no field or method d)
exit status 2
-: # encoding/json
$WORK/b072/orchestrion/src/encoding/json/<generated>:2: dec.r undefined (type *Decoder has no field or method r)
$WORK/b072/orchestrion/src/encoding/json/<generated>:2: dec.d undefined (type *Decoder has no field or method d)
$WORK/b072/orchestrion/src/encoding/json/<generated>:3: dec.d undefined (type *Decoder has no field or method d)
exit status 2
-: # encoding/json
$WORK/b072/orchestrion/src/encoding/json/<generated>:2: dec.r undefined (type *Decoder has no field or method r)
$WORK/b072/orchestrion/src/encoding/json/<generated>:2: dec.d undefined (type *Decoder has no field or method d)
$WORK/b072/orchestrion/src/encoding/json/<generated>:3: dec.d undefined (type *Decoder has no field or method d)
exit status 2
-: # encoding/json
$WORK/b072/orchestrion/src/encoding/json/<generated>:2: dec.r undefined (type *Decoder has no field or method r)
$WORK/b072/orchestrion/src/encoding/json/<generated>:2: dec.d undefined (type *Decoder has no field or method d)
$WORK/b072/orchestrion/src/encoding/json/<generated>:3: dec.d undefined (type *Decoder has no field or method d)
exit status 2
-: # encoding/json
$WORK/b072/orchestrion/src/encoding/json/<generated>:2: dec.r undefined (type *Decoder has no field or method r)
$WORK/b072/orchestrion/src/encoding/json/<generated>:2: dec.d undefined (type *Decoder has no field or method d)
$WORK/b072/orchestrion/src/encoding/json/<generated>:3: dec.d undefined (type *Decoder has no field or method d)
exit status 2
-: # encoding/json
$WORK/b072/orchestrion/src/encoding/json/<generated>:2: dec.r undefined (type *Decoder has no field or method r)
$WORK/b072/orchestrion/src/encoding/json/<generated>:2: dec.d undefined (type *Decoder has no field or method d)
$WORK/b072/orchestrion/src/encoding/json/<generated>:3: dec.d undefined (type *Decoder has no field or method d)
exit status 2
-: # encoding/json
$WORK/b072/orchestrion/src/encoding/json/<generated>:2: dec.r undefined (type *Decoder has no field or method r)
$WORK/b072/orchestrion/src/encoding/json/<generated>:2: dec.d undefined (type *Decoder has no field or method d)
$WORK/b072/orchestrion/src/encoding/json/<generated>:3: dec.d undefined (type *Decoder has no field or method d)
exit status 2
-: # encoding/json
$WORK/b072/orchestrion/src/encoding/json/<generated>:2: dec.r undefined (type *Decoder has no field or method r)
$WORK/b072/orchestrion/src/encoding/json/<generated>:2: dec.d undefined (type *Decoder has no field or method d)
$WORK/b072/orchestrion/src/encoding/json/<generated>:3: dec.d undefined (type *Decoder has no field or method d)
exit status 2
# golang.org/x/exp/utf8string
resolving woven dependency on github.com/DataDog/dd-iast-go/iast/propagation: -: # encoding/json
sending never-build-twice request: exit status 2
-: # encoding/json
sending never-build-twice request: exit status 2
-: # encoding/json
sending never-build-twice request: exit status 2
-: # encoding/json
sending never-build-twice request: exit status 2
-: # encoding/json
sending never-build-twice request: exit status 2
-: # encoding/json
sending never-build-twice request: exit status 2
-: # encoding/json
sending never-build-twice request: exit status 2
-: # encoding/json
sending never-build-twice request: exit status 2
-: # encoding/json
sending never-build-twice request: exit status 2
-: # encoding/json
sending never-build-twice request: exit status 2
-: # encoding/json
sending never-build-twice request: exit status 2
-: # encoding/json
sending never-build-twice request: exit status 2
-: # encoding/json
sending never-build-twice request: exit status 2
-: # encoding/json
sending never-build-twice request: exit status 2
-: # encoding/json
sending never-build-twice request: exit status 2
-: # encoding/json
sending never-build-twice request: exit status 2
-: # encoding/json
sending never-build-twice request: exit status 2
-: # encoding/json
sending never-build-twice request: exit status 2
-: # encoding/json
sending never-build-twice request: exit status 2
-: # encoding/json
sending never-build-twice request: exit status 2
-: # encoding/json
sending never-build-twice request: exit status 2
-: # encoding/json
sending never-build-twice request: exit status 2
-: # encoding/json
sending never-build-twice request: exit status 2
-: # encoding/json
sending never-build-twice request: exit status 2
# crypto/des
resolving woven dependency on github.com/DataDog/dd-iast-go/internal/instrumentation/telemetry: -: # encoding/json
sending never-build-twice request: exit status 2
-: # encoding/json
sending never-build-twice request: exit status 2
# golang.org/x/exp/rand
resolving woven dependency on github.com/DataDog/dd-iast-go/iast/propagation: -: # encoding/json
sending never-build-twice request: exit status 2
-: # encoding/json
sending never-build-twice request: exit status 2
-: # encoding/json
sending never-build-twice request: exit status 2
-: # encoding/json
sending never-build-twice request: exit status 2
-: # encoding/json
sending never-build-twice request: exit status 2
-: # encoding/json
sending never-build-twice request: exit status 2
-: # encoding/json
sending never-build-twice request: exit status 2
-: # encoding/json
sending never-build-twice request: exit status 2
-: # encoding/json
sending never-build-twice request: exit status 2
-: # encoding/json
sending never-build-twice request: exit status 2
-: # encoding/json
sending never-build-twice request: exit status 2
-: # encoding/json
sending never-build-twice request: exit status 2
-: # encoding/json
sending never-build-twice request: exit status 2
-: # encoding/json
sending never-build-twice request: exit status 2
-: # encoding/json
sending never-build-twice request: exit status 2
-: # encoding/json
sending never-build-twice request: exit status 2
-: # encoding/json
sending never-build-twice request: exit status 2
-: # encoding/json
sending never-build-twice request: exit status 2
-: # encoding/json
sending never-build-twice request: exit status 2
-: # encoding/json
sending never-build-twice request: exit status 2
-: # encoding/json
sending never-build-twice request: exit status 2
-: # encoding/json
sending never-build-twice request: exit status 2
-: # encoding/json
sending never-build-twice request: exit status 2
-: # encoding/json
sending never-build-twice request: exit status 2
# crypto/sha1
resolving woven dependency on github.com/DataDog/dd-iast-go/internal/instrumentation/telemetry: -: # encoding/json
sending never-build-twice request: exit status 2
-: # encoding/json
sending never-build-twice request: exit status 2
# golang.org/x/exp/mmap
resolving woven dependency on github.com/DataDog/dd-iast-go/iast/propagation: -: # encoding/json
sending never-build-twice request: exit status 2
-: # encoding/json
sending never-build-twice request: exit status 2
-: # encoding/json
sending never-build-twice request: exit status 2
-: # encoding/json
sending never-build-twice request: exit status 2
-: # encoding/json
sending never-build-twice request: exit status 2
-: # encoding/json
sending never-build-twice request: exit status 2
-: # encoding/json
sending never-build-twice request: exit status 2
-: # encoding/json
sending never-build-twice request: exit status 2
-: # encoding/json
sending never-build-twice request: exit status 2
-: # encoding/json
sending never-build-twice request: exit status 2
-: # encoding/json
sending never-build-twice request: exit status 2
-: # encoding/json
sending never-build-twice request: exit status 2
-: # encoding/json
sending never-build-twice request: exit status 2
-: # encoding/json
sending never-build-twice request: exit status 2
-: # encoding/json
sending never-build-twice request: exit status 2
-: # encoding/json
sending never-build-twice request: exit status 2
-: # encoding/json
sending never-build-twice request: exit status 2
-: # encoding/json
sending never-build-twice request: exit status 2
-: # encoding/json
sending never-build-twice request: exit status 2
-: # encoding/json
sending never-build-twice request: exit status 2
-: # encoding/json
sending never-build-twice request: exit status 2
-: # encoding/json
sending never-build-twice request: exit status 2
-: # encoding/json
sending never-build-twice request: exit status 2
-: # encoding/json
sending never-build-twice request: exit status 2
# golang.org/x/exp/trace/internal/version
resolving woven dependency on github.com/DataDog/dd-iast-go/iast/propagation: -: # encoding/json
sending never-build-twice request: exit status 2
-: # encoding/json
sending never-build-twice request: exit status 2
-: # encoding/json
sending never-build-twice request: exit status 2
-: # encoding/json
sending never-build-twice request: exit status 2
-: # encoding/json
sending never-build-twice request: exit status 2
-: # encoding/json
sending never-build-twice request: exit status 2
-: # encoding/json
sending never-build-twice request: exit status 2
-: # encoding/json
sending never-build-twice request: exit status 2
-: # encoding/json
sending never-build-twice request: exit status 2
-: # encoding/json
sending never-build-twice request: exit status 2
-: # encoding/json
sending never-build-twice request: exit status 2
-: # encoding/json
sending never-build-twice request: exit status 2
-: # encoding/json
sending never-build-twice request: exit status 2
-: # encoding/json
sending never-build-twice request: exit status 2
-: # encoding/json
sending never-build-twice request: exit status 2
-: # encoding/json
sending never-build-twice request: exit status 2
-: # encoding/json
sending never-build-twice request: exit status 2
-: # encoding/json
sending never-build-twice request: exit status 2
-: # encoding/json
sending never-build-twice request: exit status 2
-: # encoding/json
sending never-build-twice request: exit status 2
-: # encoding/json
sending never-build-twice request: exit status 2
-: # encoding/json
sending never-build-twice request: exit status 2
-: # encoding/json
sending never-build-twice request: exit status 2
-: # encoding/json
sending never-build-twice request: exit status 2
# golang.org/x/exp/ebnf
resolving woven dependency on github.com/DataDog/dd-iast-go/iast/propagation: -: # encoding/json
sending never-build-twice request: exit status 2
-: # encoding/json
sending never-build-twice request: exit status 2
-: # encoding/json
sending never-build-twice request: exit status 2
-: # encoding/json
sending never-build-twice request: exit status 2
-: # encoding/json
sending never-build-twice request: exit status 2
-: # encoding/json
sending never-build-twice request: exit status 2
-: # encoding/json
sending never-build-twice request: exit status 2
-: # encoding/json
sending never-build-twice request: exit status 2
-: # encoding/json
sending never-build-twice request: exit status 2
-: # encoding/json
sending never-build-twice request: exit status 2
-: # encoding/json
sending never-build-twice request: exit status 2
-: # encoding/json
sending never-build-twice request: exit status 2
-: # encoding/json
sending never-build-twice request: exit status 2
-: # encoding/json
sending never-build-twice request: exit status 2
-: # encoding/json
sending never-build-twice request: exit status 2
-: # encoding/json
sending never-build-twice request: exit status 2
-: # encoding/json
sending never-build-twice request: exit status 2
-: # encoding/json
sending never-build-twice request: exit status 2
-: # encoding/json
sending never-build-twice request: exit status 2
-: # encoding/json
sending never-build-twice request: exit status 2
-: # encoding/json
sending never-build-twice request: exit status 2
-: # encoding/json
sending never-build-twice request: exit status 2
-: # encoding/json
sending never-build-twice request: exit status 2
-: # encoding/json
sending never-build-twice request: exit status 2
# golang.org/x/exp/trace/internal/diff
resolving woven dependency on github.com/DataDog/dd-iast-go/iast/propagation: -: # encoding/json
sending never-build-twice request: exit status 2
-: # encoding/json
sending never-build-twice request: exit status 2
-: # encoding/json
sending never-build-twice request: exit status 2
-: # encoding/json
sending never-build-twice request: exit status 2
-: # encoding/json
sending never-build-twice request: exit status 2
-: # encoding/json
sending never-build-twice request: exit status 2
-: # encoding/json
sending never-build-twice request: exit status 2
-: # encoding/json
sending never-build-twice request: exit status 2
-: # encoding/json
sending never-build-twice request: exit status 2
-: # encoding/json
sending never-build-twice request: exit status 2
-: # encoding/json
sending never-build-twice request: exit status 2
-: # encoding/json
sending never-build-twice request: exit status 2
-: # encoding/json
sending never-build-twice request: exit status 2
-: # encoding/json
sending never-build-twice request: exit status 2
-: # encoding/json
sending never-build-twice request: exit status 2
-: # encoding/json
sending never-build-twice request: exit status 2
-: # encoding/json
sending never-build-twice request: exit status 2
-: # encoding/json
sending never-build-twice request: exit status 2
-: # encoding/json
sending never-build-twice request: exit status 2
-: # encoding/json
sending never-build-twice request: exit status 2
-: # encoding/json
sending never-build-twice request: exit status 2
-: # encoding/json
sending never-build-twice request: exit status 2
-: # encoding/json
sending never-build-twice request: exit status 2
-: # encoding/json
sending never-build-twice request: exit status 2
# golang.org/x/exp/apidiff
resolving woven dependency on github.com/DataDog/dd-iast-go/iast/propagation: -: # encoding/json
sending never-build-twice request: exit status 2
-: # encoding/json
sending never-build-twice request: exit status 2
-: # encoding/json
sending never-build-twice request: exit status 2
-: # encoding/json
sending never-build-twice request: exit status 2
-: # encoding/json
sending never-build-twice request: exit status 2
-: # encoding/json
sending never-build-twice request: exit status 2
-: # encoding/json
sending never-build-twice request: exit status 2
-: # encoding/json
sending never-build-twice request: exit status 2
-: # encoding/json
sending never-build-twice request: exit status 2
-: # encoding/json
sending never-build-twice request: exit status 2
-: # encoding/json
sending never-build-twice request: exit status 2
-: # encoding/json
sending never-build-twice request: exit status 2
-: # encoding/json
sending never-build-twice request: exit status 2
-: # encoding/json
sending never-build-twice request: exit status 2
-: # encoding/json
sending never-build-twice request: exit status 2
-: # encoding/json
sending never-build-twice request: exit status 2
-: # encoding/json
sending never-build-twice request: exit status 2
-: # encoding/json
sending never-build-twice request: exit status 2
-: # encoding/json
sending never-build-twice request: exit status 2
-: # encoding/json
sending never-build-twice request: exit status 2
-: # encoding/json
sending never-build-twice request: exit status 2
-: # encoding/json
sending never-build-twice request: exit status 2
-: # encoding/json
sending never-build-twice request: exit status 2
-: # encoding/json
sending never-build-twice request: exit status 2
# golang.org/x/exp/cmd/modgraphviz
resolving woven dependency on github.com/DataDog/dd-iast-go/iast/database/sql: internal error: nats: maximum payload exceeded
# golang.org/x/exp/io/i2c/example/displayip
resolving woven dependency on github.com/DataDog/dd-iast-go/iast/database/sql: internal error: nats: maximum payload exceeded
# golang.org/x/exp/cmd/txtar
resolving woven dependency on github.com/DataDog/dd-iast-go/iast/database/sql: internal error: nats: maximum payload exceeded
exit status 1

Exit status: 1  (elapsed 640s)
