fuzz: elapsed: 0s, gathering baseline coverage: 0/177 completed
fuzz: elapsed: 0s, gathering baseline coverage: 177/177 completed, now fuzzing with 2 workers
fuzz: elapsed: 3s, execs: 4268 (1422/sec), new interesting: 8 (total: 185)
fuzz: elapsed: 6s, execs: 4268 (0/sec), new interesting: 8 (total: 185)
fuzz: elapsed: 9s, execs: 16686 (4141/sec), new interesting: 11 (total: 188)
fuzz: elapsed: 12s, execs: 16686 (0/sec), new interesting: 11 (total: 188)
fuzz: elapsed: 15s, execs: 24684 (2666/sec), new interesting: 13 (total: 190)
fuzz: elapsed: 18s, execs: 33428 (2915/sec), new interesting: 15 (total: 192)
fuzz: elapsed: 21s, execs: 41817 (2797/sec), new interesting: 59 (total: 236)
fuzz: elapsed: 24s, execs: 49703 (2628/sec), new interesting: 106 (total: 283)
fuzz: elapsed: 27s, execs: 56737 (2345/sec), new interesting: 141 (total: 318)
fuzz: elapsed: 30s, execs: 60834 (1366/sec), new interesting: 151 (total: 328)
fuzz: elapsed: 33s, execs: 60834 (0/sec), new interesting: 151 (total: 328)
fuzz: elapsed: 36s, execs: 99695 (12954/sec), new interesting: 187 (total: 364)
fuzz: elapsed: 39s, execs: 112483 (4263/sec), new interesting: 205 (total: 382)
fuzz: elapsed: 42s, execs: 118713 (2077/sec), new interesting: 229 (total: 406)
fuzz: elapsed: 45s, execs: 127020 (2769/sec), new interesting: 249 (total: 426)
fuzz: elapsed: 48s, execs: 127020 (0/sec), new interesting: 249 (total: 426)
fuzz: elapsed: 51s, execs: 127020 (0/sec), new interesting: 249 (total: 426)
fuzz: elapsed: 54s, execs: 127020 (0/sec), new interesting: 249 (total: 426)
fuzz: elapsed: 57s, execs: 127020 (0/sec), new interesting: 249 (total: 426)
fuzz: elapsed: 1m0s, execs: 127020 (0/sec), new interesting: 249 (total: 426)
fuzz: elapsed: 1m3s, execs: 134779 (2586/sec), new interesting: 271 (total: 448)
fuzz: elapsed: 1m6s, execs: 210874 (25365/sec), new interesting: 286 (total: 463)
fuzz: elapsed: 1m9s, execs: 210874 (0/sec), new interesting: 286 (total: 463)
fuzz: elapsed: 1m12s, execs: 210874 (0/sec), new interesting: 286 (total: 463)
fuzz: elapsed: 1m15s, execs: 210874 (0/sec), new interesting: 286 (total: 463)
fuzz: elapsed: 1m18s, execs: 210874 (0/sec), new interesting: 286 (total: 463)
fuzz: elapsed: 1m21s, execs: 250965 (13364/sec), new interesting: 304 (total: 481)
fuzz: elapsed: 1m24s, execs: 260088 (3041/sec), new interesting: 327 (total: 504)
fuzz: elapsed: 1m27s, execs: 268792 (2902/sec), new interesting: 366 (total: 543)
fuzz: elapsed: 1m30s, execs: 276775 (2661/sec), new interesting: 401 (total: 578)
fuzz: elapsed: 1m33s, execs: 284736 (2654/sec), new interesting: 432 (total: 609)
fuzz: elapsed: 1m36s, execs: 292887 (2717/sec), new interesting: 439 (total: 616)
fuzz: elapsed: 1m39s, execs: 295085 (732/sec), new interesting: 451 (total: 628)
fuzz: elapsed: 1m42s, execs: 295085 (0/sec), new interesting: 451 (total: 628)
fuzz: elapsed: 1m45s, execs: 295085 (0/sec), new interesting: 451 (total: 628)
fuzz: elapsed: 1m48s, execs: 295085 (0/sec), new interesting: 451 (total: 628)
fuzz: elapsed: 1m51s, execs: 295085 (0/sec), new interesting: 451 (total: 628)
fuzz: elapsed: 1m54s, execs: 295085 (0/sec), new interesting: 451 (total: 628)
fuzz: elapsed: 1m57s, execs: 295085 (0/sec), new interesting: 451 (total: 628)
fuzz: elapsed: 2m0s, execs: 295085 (0/sec), new interesting: 451 (total: 628)
fuzz: elapsed: 2m3s, execs: 295085 (0/sec), new interesting: 451 (total: 628)
fuzz: elapsed: 2m6s, execs: 297108 (674/sec), new interesting: 457 (total: 634)
fuzz: elapsed: 2m9s, execs: 297108 (0/sec), new interesting: 457 (total: 634)
fuzz: elapsed: 2m12s, execs: 297108 (0/sec), new interesting: 457 (total: 634)
fuzz: elapsed: 2m15s, execs: 297108 (0/sec), new interesting: 457 (total: 634)
fuzz: elapsed: 2m18s, execs: 297108 (0/sec), new interesting: 457 (total: 634)
fuzz: elapsed: 2m21s, execs: 297108 (0/sec), new interesting: 457 (total: 634)
fuzz: elapsed: 2m24s, execs: 342624 (15179/sec), new interesting: 468 (total: 645)
fuzz: elapsed: 2m27s, execs: 343206 (194/sec), new interesting: 470 (total: 647)
fuzz: elapsed: 2m30s, execs: 396107 (17633/sec), new interesting: 482 (total: 659)
fuzz: elapsed: 2m33s, execs: 401539 (1811/sec), new interesting: 498 (total: 675)
fuzz: elapsed: 2m36s, execs: 401539 (0/sec), new interesting: 498 (total: 675)
fuzz: elapsed: 2m39s, execs: 401539 (0/sec), new interesting: 498 (total: 675)
fuzz: elapsed: 2m42s, execs: 401539 (0/sec), new interesting: 498 (total: 675)
fuzz: elapsed: 2m45s, execs: 401539 (0/sec), new interesting: 498 (total: 675)
fuzz: elapsed: 2m48s, execs: 401539 (0/sec), new interesting: 498 (total: 675)
fuzz: elapsed: 2m51s, execs: 401539 (0/sec), new interesting: 498 (total: 675)
fuzz: elapsed: 2m54s, execs: 401539 (0/sec), new interesting: 498 (total: 675)
fuzz: elapsed: 2m57s, execs: 401539 (0/sec), new interesting: 498 (total: 675)
fuzz: elapsed: 3m0s, execs: 401539 (0/sec), new interesting: 498 (total: 675)
fuzz: elapsed: 3m3s, execs: 401539 (0/sec), new interesting: 498 (total: 675)
fuzz: elapsed: 3m6s, execs: 401539 (0/sec), new interesting: 498 (total: 675)
fuzz: elapsed: 3m9s, execs: 401539 (0/sec), new interesting: 498 (total: 675)
fuzz: elapsed: 3m12s, execs: 401539 (0/sec), new interesting: 498 (total: 675)
fuzz: elapsed: 3m15s, execs: 401539 (0/sec), new interesting: 498 (total: 675)
fuzz: elapsed: 3m18s, execs: 401539 (0/sec), new interesting: 498 (total: 675)
fuzz: elapsed: 3m21s, execs: 401539 (0/sec), new interesting: 498 (total: 675)
fuzz: elapsed: 3m24s, execs: 401539 (0/sec), new interesting: 498 (total: 675)
fuzz: elapsed: 3m27s, execs: 408596 (2352/sec), new interesting: 519 (total: 696)
fuzz: elapsed: 3m30s, execs: 408596 (0/sec), new interesting: 519 (total: 696)
fuzz: elapsed: 3m33s, execs: 410802 (735/sec), new interesting: 529 (total: 706)
fuzz: elapsed: 3m36s, execs: 418637 (2611/sec), new interesting: 553 (total: 730)
fuzz: elapsed: 3m39s, execs: 418768 (44/sec), new interesting: 554 (total: 731)
fuzz: elapsed: 3m42s, execs: 418768 (0/sec), new interesting: 554 (total: 731)
fuzz: elapsed: 3m45s, execs: 418768 (0/sec), new interesting: 554 (total: 731)
fuzz: elapsed: 3m48s, execs: 418768 (0/sec), new interesting: 554 (total: 731)
fuzz: elapsed: 3m51s, execs: 418768 (0/sec), new interesting: 554 (total: 731)
fuzz: elapsed: 3m54s, execs: 418768 (0/sec), new interesting: 554 (total: 731)
fuzz: elapsed: 3m57s, execs: 418768 (0/sec), new interesting: 554 (total: 731)
fuzz: elapsed: 4m0s, execs: 418768 (0/sec), new interesting: 554 (total: 731)
fuzz: elapsed: 4m3s, execs: 418768 (0/sec), new interesting: 554 (total: 731)
fuzz: elapsed: 4m6s, execs: 418768 (0/sec), new interesting: 554 (total: 731)
fuzz: elapsed: 4m9s, execs: 418768 (0/sec), new interesting: 554 (total: 731)
fuzz: elapsed: 4m12s, execs: 418768 (0/sec), new interesting: 554 (total: 731)
fuzz: elapsed: 4m15s, execs: 418768 (0/sec), new interesting: 554 (total: 731)
fuzz: elapsed: 4m18s, execs: 418768 (0/sec), new interesting: 554 (total: 731)
fuzz: elapsed: 4m21s, execs: 418768 (0/sec), new interesting: 554 (total: 731)
fuzz: elapsed: 4m24s, execs: 418768 (0/sec), new interesting: 554 (total: 731)
fuzz: elapsed: 4m27s, execs: 418772 (1/sec), new interesting: 555 (total: 732)
fuzz: elapsed: 4m30s, execs: 419331 (186/sec), new interesting: 556 (total: 733)
fuzz: elapsed: 4m33s, execs: 419331 (0/sec), new interesting: 556 (total: 733)
fuzz: elapsed: 4m36s, execs: 419331 (0/sec), new interesting: 556 (total: 733)
fuzz: elapsed: 4m39s, execs: 425290 (1987/sec), new interesting: 566 (total: 743)
fuzz: elapsed: 4m42s, execs: 471972 (15561/sec), new interesting: 579 (total: 756)
fuzz: elapsed: 4m45s, execs: 480122 (2716/sec), new interesting: 605 (total: 782)
fuzz: elapsed: 4m48s, execs: 480122 (0/sec), new interesting: 605 (total: 782)
fuzz: elapsed: 4m51s, execs: 480122 (0/sec), new interesting: 605 (total: 782)
fuzz: elapsed: 4m54s, execs: 498862 (6247/sec), new interesting: 619 (total: 796)
fuzz: elapsed: 4m57s, execs: 501112 (750/sec), new interesting: 623 (total: 800)
fuzz: elapsed: 5m0s, execs: 501112 (0/sec), new interesting: 623 (total: 800)
fuzz: elapsed: 5m3s, execs: 501112 (0/sec), new interesting: 623 (total: 800)
fuzz: elapsed: 5m6s, execs: 501112 (0/sec), new interesting: 623 (total: 800)
fuzz: elapsed: 5m9s, execs: 501112 (0/sec), new interesting: 623 (total: 800)
fuzz: elapsed: 5m12s, execs: 501112 (0/sec), new interesting: 623 (total: 800)
fuzz: elapsed: 5m15s, execs: 501112 (0/sec), new interesting: 623 (total: 800)
fuzz: elapsed: 5m18s, execs: 501112 (0/sec), new interesting: 623 (total: 800)
fuzz: elapsed: 5m21s, execs: 501112 (0/sec), new interesting: 623 (total: 800)
fuzz: elapsed: 5m24s, execs: 501112 (0/sec), new interesting: 623 (total: 800)
fuzz: elapsed: 5m27s, execs: 501112 (0/sec), new interesting: 623 (total: 800)
fuzz: elapsed: 5m30s, execs: 501112 (0/sec), new interesting: 623 (total: 800)
fuzz: elapsed: 5m33s, execs: 573359 (24076/sec), new interesting: 627 (total: 804)
fuzz: elapsed: 5m36s, execs: 573359 (0/sec), new interesting: 627 (total: 804)
fuzz: elapsed: 5m39s, execs: 581720 (2787/sec), new interesting: 630 (total: 807)
fuzz: elapsed: 5m42s, execs: 583732 (671/sec), new interesting: 635 (total: 812)
fuzz: elapsed: 5m45s, execs: 584410 (226/sec), new interesting: 636 (total: 813)
fuzz: elapsed: 5m48s, execs: 587341 (977/sec), new interesting: 642 (total: 819)
fuzz: elapsed: 5m51s, execs: 589033 (564/sec), new interesting: 648 (total: 825)
fuzz: elapsed: 5m54s, execs: 589033 (0/sec), new interesting: 648 (total: 825)
fuzz: elapsed: 5m57s, execs: 589033 (0/sec), new interesting: 648 (total: 825)
fuzz: elapsed: 6m0s, execs: 589033 (0/sec), new interesting: 648 (total: 825)
fuzz: elapsed: 6m3s, execs: 589033 (0/sec), new interesting: 648 (total: 825)
fuzz: elapsed: 6m6s, execs: 589033 (0/sec), new interesting: 648 (total: 825)
fuzz: elapsed: 6m9s, execs: 589033 (0/sec), new interesting: 648 (total: 825)
fuzz: elapsed: 6m12s, execs: 589033 (0/sec), new interesting: 648 (total: 825)
fuzz: elapsed: 6m15s, execs: 589033 (0/sec), new interesting: 648 (total: 825)
fuzz: elapsed: 6m18s, execs: 589033 (0/sec), new interesting: 648 (total: 825)
fuzz: elapsed: 6m21s, execs: 589033 (0/sec), new interesting: 648 (total: 825)
fuzz: elapsed: 6m24s, execs: 589033 (0/sec), new interesting: 648 (total: 825)
fuzz: elapsed: 6m27s, execs: 589033 (0/sec), new interesting: 648 (total: 825)
fuzz: elapsed: 6m30s, execs: 589033 (0/sec), new interesting: 648 (total: 825)
fuzz: elapsed: 6m33s, execs: 589033 (0/sec), new interesting: 648 (total: 825)
fuzz: elapsed: 6m36s, execs: 589033 (0/sec), new interesting: 648 (total: 825)
fuzz: elapsed: 6m39s, execs: 589033 (0/sec), new interesting: 648 (total: 825)
fuzz: elapsed: 6m42s, execs: 589059 (9/sec), new interesting: 649 (total: 826)
fuzz: elapsed: 6m45s, execs: 590311 (417/sec), new interesting: 652 (total: 829)
fuzz: elapsed: 6m48s, execs: 592250 (647/sec), new interesting: 655 (total: 832)
fuzz: elapsed: 6m51s, execs: 593383 (378/sec), new interesting: 662 (total: 839)
fuzz: elapsed: 6m54s, execs: 598808 (1806/sec), new interesting: 674 (total: 851)
fuzz: elapsed: 6m57s, execs: 603139 (1445/sec), new interesting: 685 (total: 862)
fuzz: elapsed: 7m0s, execs: 607077 (1313/sec), new interesting: 694 (total: 871)
fuzz: elapsed: 7m3s, execs: 609684 (869/sec), new interesting: 703 (total: 880)
fuzz: elapsed: 7m6s, execs: 610084 (133/sec), new interesting: 705 (total: 882)
fuzz: elapsed: 7m9s, execs: 610084 (0/sec), new interesting: 705 (total: 882)
fuzz: elapsed: 7m12s, execs: 610084 (0/sec), new interesting: 705 (total: 882)
fuzz: elapsed: 7m15s, execs: 610084 (0/sec), new interesting: 705 (total: 882)
fuzz: elapsed: 7m18s, execs: 610084 (0/sec), new interesting: 705 (total: 882)
fuzz: elapsed: 7m21s, execs: 610084 (0/sec), new interesting: 705 (total: 882)
fuzz: elapsed: 7m24s, execs: 610084 (0/sec), new interesting: 705 (total: 882)
fuzz: elapsed: 7m27s, execs: 610084 (0/sec), new interesting: 705 (total: 882)
fuzz: elapsed: 7m30s, execs: 610084 (0/sec), new interesting: 705 (total: 882)
fuzz: elapsed: 7m33s, execs: 610084 (0/sec), new interesting: 705 (total: 882)
fuzz: elapsed: 7m36s, execs: 610084 (0/sec), new interesting: 705 (total: 882)
fuzz: elapsed: 7m39s, execs: 621226 (3715/sec), new interesting: 706 (total: 883)
fuzz: elapsed: 7m42s, execs: 624808 (1194/sec), new interesting: 718 (total: 895)
fuzz: elapsed: 7m45s, execs: 624808 (0/sec), new interesting: 718 (total: 895)
fuzz: elapsed: 7m48s, execs: 631263 (2153/sec), new interesting: 719 (total: 896)
fuzz: elapsed: 7m51s, execs: 636561 (1766/sec), new interesting: 732 (total: 909)
fuzz: elapsed: 7m54s, execs: 638672 (704/sec), new interesting: 737 (total: 914)
fuzz: elapsed: 7m57s, execs: 642610 (1313/sec), new interesting: 740 (total: 917)
fuzz: elapsed: 8m0s, execs: 646769 (1386/sec), new interesting: 755 (total: 932)
fuzz: elapsed: 8m3s, execs: 651853 (1696/sec), new interesting: 761 (total: 938)
fuzz: elapsed: 8m6s, execs: 657239 (1795/sec), new interesting: 781 (total: 958)
fuzz: elapsed: 8m9s, execs: 657571 (111/sec), new interesting: 782 (total: 959)
fuzz: elapsed: 8m12s, execs: 657571 (0/sec), new interesting: 782 (total: 959)
fuzz: elapsed: 8m15s, execs: 657571 (0/sec), new interesting: 782 (total: 959)
fuzz: elapsed: 8m18s, execs: 657571 (0/sec), new interesting: 782 (total: 959)
fuzz: elapsed: 8m21s, execs: 657571 (0/sec), new interesting: 782 (total: 959)
fuzz: elapsed: 8m24s, execs: 657571 (0/sec), new interesting: 782 (total: 959)
fuzz: elapsed: 8m27s, execs: 657571 (0/sec), new interesting: 782 (total: 959)
fuzz: elapsed: 8m30s, execs: 657571 (0/sec), new interesting: 782 (total: 959)
fuzz: elapsed: 8m33s, execs: 657571 (0/sec), new interesting: 782 (total: 959)
fuzz: elapsed: 8m36s, execs: 657571 (0/sec), new interesting: 782 (total: 959)
fuzz: elapsed: 8m39s, execs: 657571 (0/sec), new interesting: 782 (total: 959)
fuzz: elapsed: 8m42s, execs: 657571 (0/sec), new interesting: 782 (total: 959)
fuzz: elapsed: 8m45s, execs: 657571 (0/sec), new interesting: 782 (total: 959)
fuzz: elapsed: 8m48s, execs: 657571 (0/sec), new interesting: 782 (total: 959)
fuzz: elapsed: 8m51s, execs: 657571 (0/sec), new interesting: 782 (total: 959)
fuzz: elapsed: 8m54s, execs: 657571 (0/sec), new interesting: 782 (total: 959)
fuzz: elapsed: 8m57s, execs: 657571 (0/sec), new interesting: 782 (total: 959)
fuzz: elapsed: 9m0s, execs: 657571 (0/sec), new interesting: 782 (total: 959)
fuzz: elapsed: 9m3s, execs: 657571 (0/sec), new interesting: 782 (total: 959)
fuzz: elapsed: 9m6s, execs: 657719 (49/sec), new interesting: 784 (total: 961)
fuzz: elapsed: 9m9s, execs: 660375 (885/sec), new interesting: 793 (total: 970)
fuzz: elapsed: 9m12s, execs: 661065 (230/sec), new interesting: 795 (total: 972)
fuzz: elapsed: 9m15s, execs: 661065 (0/sec), new interesting: 795 (total: 972)
fuzz: elapsed: 9m18s, execs: 664148 (1027/sec), new interesting: 797 (total: 974)
fuzz: elapsed: 9m21s, execs: 664953 (269/sec), new interesting: 798 (total: 975)
fuzz: elapsed: 9m24s, execs: 665620 (222/sec), new interesting: 799 (total: 976)
fuzz: elapsed: 9m27s, execs: 665664 (15/sec), new interesting: 799 (total: 976)
fuzz: elapsed: 9m30s, execs: 665664 (0/sec), new interesting: 799 (total: 976)
fuzz: elapsed: 9m33s, execs: 665664 (0/sec), new interesting: 799 (total: 976)
fuzz: elapsed: 9m36s, execs: 665664 (0/sec), new interesting: 799 (total: 976)
fuzz: elapsed: 9m39s, execs: 665664 (0/sec), new interesting: 799 (total: 976)
fuzz: elapsed: 9m42s, execs: 665664 (0/sec), new interesting: 799 (total: 976)
fuzz: elapsed: 9m45s, execs: 665664 (0/sec), new interesting: 799 (total: 976)
fuzz: elapsed: 9m48s, execs: 665664 (0/sec), new interesting: 799 (total: 976)
fuzz: elapsed: 9m51s, execs: 665664 (0/sec), new interesting: 799 (total: 976)
fuzz: elapsed: 9m54s, execs: 665664 (0/sec), new interesting: 799 (total: 976)
fuzz: elapsed: 9m57s, execs: 665664 (0/sec), new interesting: 799 (total: 976)
fuzz: elapsed: 10m0s, execs: 665664 (0/sec), new interesting: 799 (total: 976)
fuzz: elapsed: 10m3s, execs: 665664 (0/sec), new interesting: 799 (total: 976)
fuzz: elapsed: 10m6s, execs: 665664 (0/sec), new interesting: 799 (total: 976)
fuzz: elapsed: 10m9s, execs: 665664 (0/sec), new interesting: 799 (total: 976)
fuzz: elapsed: 10m12s, execs: 665849 (62/sec), new interesting: 801 (total: 978)
fuzz: elapsed: 10m15s, execs: 667602 (585/sec), new interesting: 808 (total: 985)
fuzz: elapsed: 10m18s, execs: 667602 (0/sec), new interesting: 808 (total: 985)
fuzz: elapsed: 10m21s, execs: 667602 (0/sec), new interesting: 808 (total: 985)
fuzz: elapsed: 10m24s, execs: 667602 (0/sec), new interesting: 808 (total: 985)
fuzz: elapsed: 10m27s, execs: 670470 (956/sec), new interesting: 818 (total: 995)
fuzz: elapsed: 10m30s, execs: 670470 (0/sec), new interesting: 818 (total: 995)
fuzz: elapsed: 10m33s, execs: 674865 (1465/sec), new interesting: 821 (total: 998)
fuzz: elapsed: 10m36s, execs: 676805 (647/sec), new interesting: 825 (total: 1002)
fuzz: elapsed: 10m39s, execs: 679290 (827/sec), new interesting: 829 (total: 1006)
fuzz: elapsed: 10m42s, execs: 679862 (191/sec), new interesting: 832 (total: 1009)
fuzz: elapsed: 10m45s, execs: 679862 (0/sec), new interesting: 832 (total: 1009)
fuzz: elapsed: 10m48s, execs: 679862 (0/sec), new interesting: 832 (total: 1009)
fuzz: elapsed: 10m51s, execs: 679862 (0/sec), new interesting: 832 (total: 1009)
fuzz: elapsed: 10m54s, execs: 679862 (0/sec), new interesting: 832 (total: 1009)
fuzz: elapsed: 10m57s, execs: 679862 (0/sec), new interesting: 832 (total: 1009)
fuzz: elapsed: 11m0s, execs: 679862 (0/sec), new interesting: 832 (total: 1009)
fuzz: elapsed: 11m3s, execs: 679862 (0/sec), new interesting: 832 (total: 1009)
fuzz: elapsed: 11m6s, execs: 679862 (0/sec), new interesting: 832 (total: 1009)
fuzz: elapsed: 11m9s, execs: 679862 (0/sec), new interesting: 832 (total: 1009)
fuzz: elapsed: 11m12s, execs: 679862 (0/sec), new interesting: 832 (total: 1009)
fuzz: elapsed: 11m15s, execs: 680922 (353/sec), new interesting: 834 (total: 1011)
fuzz: elapsed: 11m18s, execs: 681870 (316/sec), new interesting: 836 (total: 1013)
fuzz: elapsed: 11m21s, execs: 681870 (0/sec), new interesting: 836 (total: 1013)
fuzz: elapsed: 11m24s, execs: 681870 (0/sec), new interesting: 836 (total: 1013)
fuzz: elapsed: 11m27s, execs: 681870 (0/sec), new interesting: 836 (total: 1013)
fuzz: elapsed: 11m30s, execs: 681870 (0/sec), new interesting: 836 (total: 1013)
fuzz: elapsed: 11m33s, execs: 681870 (0/sec), new interesting: 836 (total: 1013)
fuzz: elapsed: 11m36s, execs: 681870 (0/sec), new interesting: 836 (total: 1013)
fuzz: elapsed: 11m39s, execs: 681870 (0/sec), new interesting: 836 (total: 1013)
fuzz: elapsed: 11m42s, execs: 682842 (324/sec), new interesting: 840 (total: 1017)
fuzz: elapsed: 11m45s, execs: 684054 (404/sec), new interesting: 840 (total: 1017)
fuzz: elapsed: 11m48s, execs: 684054 (0/sec), new interesting: 840 (total: 1017)
fuzz: elapsed: 11m51s, execs: 684054 (0/sec), new interesting: 840 (total: 1017)
fuzz: elapsed: 11m54s, execs: 684054 (0/sec), new interesting: 840 (total: 1017)
fuzz: elapsed: 11m57s, execs: 684054 (0/sec), new interesting: 840 (total: 1017)
fuzz: elapsed: 12m0s, execs: 684054 (0/sec), new interesting: 840 (total: 1017)
fuzz: elapsed: 12m3s, execs: 684054 (0/sec), new interesting: 840 (total: 1017)
fuzz: elapsed: 12m6s, execs: 684054 (0/sec), new interesting: 840 (total: 1017)
fuzz: elapsed: 12m9s, execs: 684054 (0/sec), new interesting: 840 (total: 1017)
fuzz: elapsed: 12m12s, execs: 684054 (0/sec), new interesting: 840 (total: 1017)
fuzz: elapsed: 12m15s, execs: 684054 (0/sec), new interesting: 840 (total: 1017)
fuzz: elapsed: 12m18s, execs: 684681 (209/sec), new interesting: 845 (total: 1022)
fuzz: elapsed: 12m21s, execs: 687581 (967/sec), new interesting: 850 (total: 1027)
fuzz: elapsed: 12m24s, execs: 690341 (920/sec), new interesting: 858 (total: 1035)
fuzz: elapsed: 12m27s, execs: 694044 (1234/sec), new interesting: 866 (total: 1043)
fuzz: elapsed: 12m30s, execs: 694293 (83/sec), new interesting: 867 (total: 1044)
fuzz: elapsed: 12m33s, execs: 694293 (0/sec), new interesting: 867 (total: 1044)
fuzz: elapsed: 12m36s, execs: 694293 (0/sec), new interesting: 867 (total: 1044)
fuzz: elapsed: 12m39s, execs: 694293 (0/sec), new interesting: 867 (total: 1044)
fuzz: elapsed: 12m42s, execs: 694293 (0/sec), new interesting: 867 (total: 1044)
fuzz: elapsed: 12m45s, execs: 694855 (187/sec), new interesting: 870 (total: 1047)
fuzz: elapsed: 12m48s, execs: 696709 (617/sec), new interesting: 875 (total: 1052)
fuzz: elapsed: 12m51s, execs: 697805 (366/sec), new interesting: 879 (total: 1056)
fuzz: elapsed: 12m54s, execs: 698731 (309/sec), new interesting: 883 (total: 1060)
fuzz: elapsed: 12m57s, execs: 698731 (0/sec), new interesting: 883 (total: 1060)
fuzz: elapsed: 13m0s, execs: 701575 (948/sec), new interesting: 884 (total: 1061)
fuzz: elapsed: 13m3s, execs: 702789 (404/sec), new interesting: 886 (total: 1063)
fuzz: elapsed: 13m6s, execs: 704136 (449/sec), new interesting: 891 (total: 1068)
fuzz: elapsed: 13m9s, execs: 706523 (795/sec), new interesting: 896 (total: 1073)
fuzz: elapsed: 13m12s, execs: 708624 (700/sec), new interesting: 901 (total: 1078)
fuzz: elapsed: 13m15s, execs: 709827 (401/sec), new interesting: 903 (total: 1080)
fuzz: elapsed: 13m18s, execs: 721865 (4010/sec), new interesting: 909 (total: 1086)
fuzz: elapsed: 13m21s, execs: 722760 (298/sec), new interesting: 911 (total: 1088)
fuzz: elapsed: 13m24s, execs: 722760 (0/sec), new interesting: 911 (total: 1088)
fuzz: elapsed: 13m27s, execs: 725773 (1004/sec), new interesting: 916 (total: 1093)
fuzz: elapsed: 13m30s, execs: 726751 (326/sec), new interesting: 919 (total: 1096)
fuzz: elapsed: 13m33s, execs: 731192 (1480/sec), new interesting: 920 (total: 1097)
fuzz: elapsed: 13m36s, execs: 732528 (445/sec), new interesting: 923 (total: 1100)
fuzz: elapsed: 13m39s, execs: 734216 (563/sec), new interesting: 925 (total: 1102)
fuzz: elapsed: 13m42s, execs: 736938 (907/sec), new interesting: 928 (total: 1105)
fuzz: elapsed: 13m45s, execs: 739703 (922/sec), new interesting: 937 (total: 1114)
fuzz: elapsed: 13m48s, execs: 742009 (769/sec), new interesting: 945 (total: 1122)
fuzz: elapsed: 13m51s, execs: 744945 (978/sec), new interesting: 952 (total: 1129)
fuzz: elapsed: 13m54s, execs: 749651 (1569/sec), new interesting: 962 (total: 1139)
fuzz: elapsed: 13m57s, execs: 754517 (1622/sec), new interesting: 969 (total: 1146)
fuzz: elapsed: 14m0s, execs: 755115 (199/sec), new interesting: 970 (total: 1147)
fuzz: elapsed: 14m3s, execs: 755115 (0/sec), new interesting: 970 (total: 1147)
fuzz: elapsed: 14m6s, execs: 755115 (0/sec), new interesting: 970 (total: 1147)
fuzz: elapsed: 14m9s, execs: 755115 (0/sec), new interesting: 970 (total: 1147)
fuzz: elapsed: 14m12s, execs: 777696 (7525/sec), new interesting: 974 (total: 1151)
fuzz: elapsed: 14m15s, execs: 779513 (606/sec), new interesting: 979 (total: 1156)
fuzz: elapsed: 14m18s, execs: 781746 (744/sec), new interesting: 985 (total: 1162)
fuzz: elapsed: 14m21s, execs: 784191 (815/sec), new interesting: 990 (total: 1167)
fuzz: elapsed: 14m24s, execs: 785592 (467/sec), new interesting: 993 (total: 1170)
fuzz: elapsed: 14m27s, execs: 785592 (0/sec), new interesting: 993 (total: 1170)
fuzz: elapsed: 14m30s, execs: 789223 (1211/sec), new interesting: 995 (total: 1172)
fuzz: elapsed: 14m33s, execs: 789223 (0/sec), new interesting: 995 (total: 1172)
fuzz: elapsed: 14m36s, execs: 789223 (0/sec), new interesting: 995 (total: 1172)
fuzz: elapsed: 14m39s, execs: 789223 (0/sec), new interesting: 995 (total: 1172)
fuzz: elapsed: 14m42s, execs: 789223 (0/sec), new interesting: 995 (total: 1172)
fuzz: elapsed: 14m45s, execs: 789223 (0/sec), new interesting: 995 (total: 1172)
fuzz: elapsed: 14m48s, execs: 789223 (0/sec), new interesting: 995 (total: 1172)
fuzz: elapsed: 14m51s, execs: 789223 (0/sec), new interesting: 995 (total: 1172)
fuzz: elapsed: 14m54s, execs: 789223 (0/sec), new interesting: 995 (total: 1172)
fuzz: elapsed: 14m57s, execs: 789223 (0/sec), new interesting: 995 (total: 1172)
fuzz: elapsed: 15m0s, execs: 792544 (1107/sec), new interesting: 1008 (total: 1185)
fuzz: elapsed: 15m1s, execs: 792544 (0/sec), new interesting: 1008 (total: 1185)
PASS
ok  	github.com/DataDog/dd-iast-go/iast/internal/crashdiff	901.444s
      909.83 real      1116.32 user        72.07 sys
           151355392  maximum resident set size
                   0  average shared memory size
                   0  average unshared data size
                   0  average unshared stack size
             6693831  page reclaims
               10541  page faults
                   0  swaps
                   0  block input operations
                   0  block output operations
                 376  messages sent
                 385  messages received
             6494412  signals received
               43220  voluntary context switches
             5037342  involuntary context switches
          6115968578  instructions retired
          3361257056  cycles elapsed
            38044392  peak memory footprint
