fuzz: elapsed: 0s, gathering baseline coverage: 0/7 completed
fuzz: elapsed: 0s, gathering baseline coverage: 7/7 completed, now fuzzing with 2 workers
fuzz: elapsed: 3s, execs: 3260 (1086/sec), new interesting: 10 (total: 17)
fuzz: elapsed: 6s, execs: 5543 (761/sec), new interesting: 18 (total: 25)
fuzz: elapsed: 9s, execs: 6118 (192/sec), new interesting: 19 (total: 26)
fuzz: elapsed: 12s, execs: 6118 (0/sec), new interesting: 19 (total: 26)
fuzz: elapsed: 15s, execs: 6118 (0/sec), new interesting: 19 (total: 26)
fuzz: elapsed: 18s, execs: 6118 (0/sec), new interesting: 19 (total: 26)
fuzz: elapsed: 21s, execs: 6118 (0/sec), new interesting: 19 (total: 26)
fuzz: elapsed: 24s, execs: 6118 (0/sec), new interesting: 19 (total: 26)
fuzz: elapsed: 27s, execs: 6118 (0/sec), new interesting: 19 (total: 26)
fuzz: elapsed: 30s, execs: 6118 (0/sec), new interesting: 19 (total: 26)
fuzz: elapsed: 33s, execs: 6118 (0/sec), new interesting: 19 (total: 26)
fuzz: elapsed: 36s, execs: 6118 (0/sec), new interesting: 19 (total: 26)
fuzz: elapsed: 39s, execs: 6118 (0/sec), new interesting: 19 (total: 26)
fuzz: elapsed: 42s, execs: 6118 (0/sec), new interesting: 19 (total: 26)
fuzz: elapsed: 45s, execs: 6118 (0/sec), new interesting: 19 (total: 26)
fuzz: elapsed: 48s, execs: 6118 (0/sec), new interesting: 19 (total: 26)
fuzz: elapsed: 51s, execs: 6118 (0/sec), new interesting: 19 (total: 26)
fuzz: elapsed: 54s, execs: 6118 (0/sec), new interesting: 19 (total: 26)
fuzz: elapsed: 57s, execs: 6118 (0/sec), new interesting: 19 (total: 26)
fuzz: elapsed: 1m0s, execs: 6118 (0/sec), new interesting: 19 (total: 26)
fuzz: elapsed: 1m3s, execs: 7728 (537/sec), new interesting: 30 (total: 37)
fuzz: elapsed: 1m6s, execs: 8290 (187/sec), new interesting: 32 (total: 39)
fuzz: elapsed: 1m9s, execs: 9567 (426/sec), new interesting: 43 (total: 50)
fuzz: elapsed: 1m12s, execs: 9567 (0/sec), new interesting: 43 (total: 50)
fuzz: elapsed: 1m15s, execs: 9567 (0/sec), new interesting: 43 (total: 50)
fuzz: elapsed: 1m18s, execs: 9567 (0/sec), new interesting: 43 (total: 50)
fuzz: elapsed: 1m21s, execs: 9567 (0/sec), new interesting: 43 (total: 50)
fuzz: elapsed: 1m24s, execs: 9567 (0/sec), new interesting: 43 (total: 50)
fuzz: elapsed: 1m27s, execs: 9567 (0/sec), new interesting: 43 (total: 50)
fuzz: elapsed: 1m30s, execs: 9567 (0/sec), new interesting: 43 (total: 50)
fuzz: elapsed: 1m33s, execs: 9567 (0/sec), new interesting: 43 (total: 50)
fuzz: elapsed: 1m36s, execs: 9567 (0/sec), new interesting: 43 (total: 50)
fuzz: elapsed: 1m39s, execs: 9567 (0/sec), new interesting: 43 (total: 50)
fuzz: elapsed: 1m42s, execs: 9567 (0/sec), new interesting: 43 (total: 50)
fuzz: elapsed: 1m45s, execs: 9567 (0/sec), new interesting: 43 (total: 50)
fuzz: elapsed: 1m48s, execs: 9567 (0/sec), new interesting: 43 (total: 50)
fuzz: elapsed: 1m51s, execs: 9567 (0/sec), new interesting: 43 (total: 50)
fuzz: elapsed: 1m54s, execs: 9567 (0/sec), new interesting: 43 (total: 50)
fuzz: elapsed: 1m57s, execs: 9567 (0/sec), new interesting: 43 (total: 50)
fuzz: elapsed: 2m0s, execs: 9567 (0/sec), new interesting: 43 (total: 50)
fuzz: elapsed: 2m3s, execs: 9567 (0/sec), new interesting: 43 (total: 50)
fuzz: elapsed: 2m6s, execs: 9802 (78/sec), new interesting: 45 (total: 52)
fuzz: elapsed: 2m9s, execs: 10547 (247/sec), new interesting: 53 (total: 60)
fuzz: elapsed: 2m12s, execs: 11502 (320/sec), new interesting: 61 (total: 68)
fuzz: elapsed: 2m15s, execs: 11502 (0/sec), new interesting: 61 (total: 68)
fuzz: elapsed: 2m18s, execs: 11502 (0/sec), new interesting: 61 (total: 68)
fuzz: elapsed: 2m21s, execs: 11502 (0/sec), new interesting: 61 (total: 68)
fuzz: elapsed: 2m24s, execs: 11502 (0/sec), new interesting: 61 (total: 68)
fuzz: elapsed: 2m27s, execs: 11502 (0/sec), new interesting: 61 (total: 68)
fuzz: elapsed: 2m30s, execs: 11502 (0/sec), new interesting: 61 (total: 68)
fuzz: elapsed: 2m33s, execs: 11502 (0/sec), new interesting: 61 (total: 68)
fuzz: elapsed: 2m36s, execs: 11502 (0/sec), new interesting: 61 (total: 68)
fuzz: elapsed: 2m39s, execs: 11502 (0/sec), new interesting: 61 (total: 68)
fuzz: elapsed: 2m42s, execs: 11502 (0/sec), new interesting: 61 (total: 68)
fuzz: elapsed: 2m45s, execs: 11502 (0/sec), new interesting: 61 (total: 68)
fuzz: elapsed: 2m48s, execs: 11502 (0/sec), new interesting: 61 (total: 68)
fuzz: elapsed: 2m51s, execs: 11502 (0/sec), new interesting: 61 (total: 68)
fuzz: elapsed: 2m54s, execs: 11502 (0/sec), new interesting: 61 (total: 68)
fuzz: elapsed: 2m57s, execs: 11502 (0/sec), new interesting: 61 (total: 68)
fuzz: elapsed: 3m0s, execs: 11502 (0/sec), new interesting: 61 (total: 68)
fuzz: elapsed: 3m3s, execs: 11502 (0/sec), new interesting: 61 (total: 68)
fuzz: elapsed: 3m6s, execs: 11502 (0/sec), new interesting: 61 (total: 68)
fuzz: elapsed: 3m9s, execs: 12083 (194/sec), new interesting: 67 (total: 74)
fuzz: elapsed: 3m12s, execs: 12659 (192/sec), new interesting: 71 (total: 78)
fuzz: elapsed: 3m15s, execs: 13689 (344/sec), new interesting: 73 (total: 80)
fuzz: elapsed: 3m18s, execs: 14754 (355/sec), new interesting: 75 (total: 82)
fuzz: elapsed: 3m21s, execs: 14754 (0/sec), new interesting: 75 (total: 82)
fuzz: elapsed: 3m24s, execs: 14754 (0/sec), new interesting: 75 (total: 82)
fuzz: elapsed: 3m27s, execs: 14754 (0/sec), new interesting: 75 (total: 82)
fuzz: elapsed: 3m30s, execs: 14754 (0/sec), new interesting: 75 (total: 82)
fuzz: elapsed: 3m33s, execs: 14754 (0/sec), new interesting: 75 (total: 82)
fuzz: elapsed: 3m36s, execs: 14754 (0/sec), new interesting: 75 (total: 82)
fuzz: elapsed: 3m39s, execs: 14754 (0/sec), new interesting: 75 (total: 82)
fuzz: elapsed: 3m42s, execs: 14754 (0/sec), new interesting: 75 (total: 82)
fuzz: elapsed: 3m45s, execs: 14754 (0/sec), new interesting: 75 (total: 82)
fuzz: elapsed: 3m48s, execs: 14754 (0/sec), new interesting: 75 (total: 82)
fuzz: elapsed: 3m51s, execs: 14754 (0/sec), new interesting: 75 (total: 82)
fuzz: elapsed: 3m54s, execs: 14754 (0/sec), new interesting: 75 (total: 82)
fuzz: elapsed: 3m57s, execs: 14754 (0/sec), new interesting: 75 (total: 82)
fuzz: elapsed: 4m0s, execs: 14754 (0/sec), new interesting: 75 (total: 82)
fuzz: elapsed: 4m3s, execs: 14754 (0/sec), new interesting: 75 (total: 82)
fuzz: elapsed: 4m6s, execs: 14754 (0/sec), new interesting: 75 (total: 82)
fuzz: elapsed: 4m9s, execs: 14754 (0/sec), new interesting: 75 (total: 82)
fuzz: elapsed: 4m12s, execs: 16798 (681/sec), new interesting: 82 (total: 89)
fuzz: elapsed: 4m15s, execs: 18931 (711/sec), new interesting: 93 (total: 100)
fuzz: elapsed: 4m18s, execs: 19897 (322/sec), new interesting: 103 (total: 110)
fuzz: elapsed: 4m21s, execs: 19897 (0/sec), new interesting: 103 (total: 110)
fuzz: elapsed: 4m24s, execs: 19897 (0/sec), new interesting: 103 (total: 110)
fuzz: elapsed: 4m27s, execs: 19897 (0/sec), new interesting: 103 (total: 110)
fuzz: elapsed: 4m30s, execs: 19897 (0/sec), new interesting: 103 (total: 110)
fuzz: elapsed: 4m33s, execs: 19897 (0/sec), new interesting: 103 (total: 110)
fuzz: elapsed: 4m36s, execs: 19897 (0/sec), new interesting: 103 (total: 110)
fuzz: elapsed: 4m39s, execs: 19897 (0/sec), new interesting: 103 (total: 110)
fuzz: elapsed: 4m42s, execs: 23727 (1277/sec), new interesting: 111 (total: 118)
fuzz: elapsed: 4m45s, execs: 23727 (0/sec), new interesting: 111 (total: 118)
fuzz: elapsed: 4m48s, execs: 23727 (0/sec), new interesting: 111 (total: 118)
fuzz: elapsed: 4m51s, execs: 23727 (0/sec), new interesting: 111 (total: 118)
fuzz: elapsed: 4m54s, execs: 23727 (0/sec), new interesting: 111 (total: 118)
fuzz: elapsed: 4m57s, execs: 23727 (0/sec), new interesting: 111 (total: 118)
fuzz: elapsed: 5m0s, execs: 23727 (0/sec), new interesting: 111 (total: 118)
fuzz: elapsed: 5m3s, execs: 23727 (0/sec), new interesting: 111 (total: 118)
fuzz: elapsed: 5m6s, execs: 23727 (0/sec), new interesting: 111 (total: 118)
fuzz: elapsed: 5m9s, execs: 23727 (0/sec), new interesting: 111 (total: 118)
fuzz: elapsed: 5m12s, execs: 23727 (0/sec), new interesting: 111 (total: 118)
fuzz: elapsed: 5m15s, execs: 23729 (1/sec), new interesting: 112 (total: 119)
fuzz: elapsed: 5m18s, execs: 25609 (627/sec), new interesting: 120 (total: 127)
fuzz: elapsed: 5m21s, execs: 25609 (0/sec), new interesting: 120 (total: 127)
fuzz: elapsed: 5m24s, execs: 25609 (0/sec), new interesting: 120 (total: 127)
fuzz: elapsed: 5m27s, execs: 25609 (0/sec), new interesting: 120 (total: 127)
fuzz: elapsed: 5m30s, execs: 25609 (0/sec), new interesting: 120 (total: 127)
fuzz: elapsed: 5m33s, execs: 25609 (0/sec), new interesting: 120 (total: 127)
fuzz: elapsed: 5m36s, execs: 25609 (0/sec), new interesting: 120 (total: 127)
fuzz: elapsed: 5m39s, execs: 26532 (308/sec), new interesting: 121 (total: 128)
fuzz: elapsed: 5m42s, execs: 29049 (839/sec), new interesting: 132 (total: 139)
fuzz: elapsed: 5m45s, execs: 29555 (169/sec), new interesting: 133 (total: 140)
fuzz: elapsed: 5m48s, execs: 29555 (0/sec), new interesting: 133 (total: 140)
fuzz: elapsed: 5m51s, execs: 29555 (0/sec), new interesting: 133 (total: 140)
fuzz: elapsed: 5m54s, execs: 29555 (0/sec), new interesting: 133 (total: 140)
fuzz: elapsed: 5m57s, execs: 29555 (0/sec), new interesting: 133 (total: 140)
fuzz: elapsed: 6m0s, execs: 29555 (0/sec), new interesting: 133 (total: 140)
fuzz: elapsed: 6m3s, execs: 29555 (0/sec), new interesting: 133 (total: 140)
fuzz: elapsed: 6m6s, execs: 29555 (0/sec), new interesting: 133 (total: 140)
fuzz: elapsed: 6m9s, execs: 29555 (0/sec), new interesting: 133 (total: 140)
fuzz: elapsed: 6m12s, execs: 29555 (0/sec), new interesting: 133 (total: 140)
fuzz: elapsed: 6m15s, execs: 29555 (0/sec), new interesting: 133 (total: 140)
fuzz: elapsed: 6m18s, execs: 29555 (0/sec), new interesting: 133 (total: 140)
fuzz: elapsed: 6m21s, execs: 29555 (0/sec), new interesting: 133 (total: 140)
fuzz: elapsed: 6m24s, execs: 29555 (0/sec), new interesting: 133 (total: 140)
fuzz: elapsed: 6m27s, execs: 29555 (0/sec), new interesting: 133 (total: 140)
fuzz: elapsed: 6m30s, execs: 29555 (0/sec), new interesting: 133 (total: 140)
fuzz: elapsed: 6m33s, execs: 29555 (0/sec), new interesting: 133 (total: 140)
fuzz: elapsed: 6m36s, execs: 29555 (0/sec), new interesting: 133 (total: 140)
fuzz: elapsed: 6m39s, execs: 29555 (0/sec), new interesting: 133 (total: 140)
fuzz: elapsed: 6m42s, execs: 31063 (503/sec), new interesting: 140 (total: 147)
fuzz: elapsed: 6m45s, execs: 34959 (1299/sec), new interesting: 156 (total: 163)
fuzz: elapsed: 6m48s, execs: 34959 (0/sec), new interesting: 156 (total: 163)
fuzz: elapsed: 6m51s, execs: 36554 (532/sec), new interesting: 159 (total: 166)
fuzz: elapsed: 6m54s, execs: 36554 (0/sec), new interesting: 159 (total: 166)
fuzz: elapsed: 6m57s, execs: 36554 (0/sec), new interesting: 159 (total: 166)
fuzz: elapsed: 7m0s, execs: 36554 (0/sec), new interesting: 159 (total: 166)
fuzz: elapsed: 7m3s, execs: 36554 (0/sec), new interesting: 159 (total: 166)
fuzz: elapsed: 7m6s, execs: 47504 (3650/sec), new interesting: 165 (total: 172)
fuzz: elapsed: 7m9s, execs: 47504 (0/sec), new interesting: 165 (total: 172)
fuzz: elapsed: 7m12s, execs: 47504 (0/sec), new interesting: 165 (total: 172)
fuzz: elapsed: 7m15s, execs: 47504 (0/sec), new interesting: 165 (total: 172)
fuzz: elapsed: 7m18s, execs: 50519 (1005/sec), new interesting: 170 (total: 177)
fuzz: elapsed: 7m21s, execs: 50519 (0/sec), new interesting: 170 (total: 177)
fuzz: elapsed: 7m24s, execs: 50519 (0/sec), new interesting: 170 (total: 177)
fuzz: elapsed: 7m27s, execs: 50519 (0/sec), new interesting: 170 (total: 177)
fuzz: elapsed: 7m30s, execs: 50519 (0/sec), new interesting: 170 (total: 177)
fuzz: elapsed: 7m33s, execs: 50519 (0/sec), new interesting: 170 (total: 177)
fuzz: elapsed: 7m36s, execs: 50519 (0/sec), new interesting: 170 (total: 177)
fuzz: elapsed: 7m39s, execs: 50519 (0/sec), new interesting: 170 (total: 177)
fuzz: elapsed: 7m42s, execs: 50519 (0/sec), new interesting: 170 (total: 177)
fuzz: elapsed: 7m45s, execs: 50649 (43/sec), new interesting: 171 (total: 178)
fuzz: elapsed: 7m48s, execs: 51112 (154/sec), new interesting: 171 (total: 178)
fuzz: elapsed: 7m51s, execs: 51112 (0/sec), new interesting: 171 (total: 178)
fuzz: elapsed: 7m54s, execs: 51112 (0/sec), new interesting: 171 (total: 178)
fuzz: elapsed: 7m57s, execs: 51112 (0/sec), new interesting: 171 (total: 178)
fuzz: elapsed: 8m0s, execs: 51112 (0/sec), new interesting: 171 (total: 178)
fuzz: elapsed: 8m3s, execs: 52261 (383/sec), new interesting: 172 (total: 179)
fuzz: elapsed: 8m6s, execs: 54269 (669/sec), new interesting: 179 (total: 186)
fuzz: elapsed: 8m9s, execs: 54269 (0/sec), new interesting: 179 (total: 186)
fuzz: elapsed: 8m12s, execs: 62876 (2869/sec), new interesting: 182 (total: 189)
fuzz: elapsed: 8m15s, execs: 64393 (506/sec), new interesting: 186 (total: 193)
fuzz: elapsed: 8m18s, execs: 64393 (0/sec), new interesting: 186 (total: 193)
fuzz: elapsed: 8m21s, execs: 68340 (1316/sec), new interesting: 197 (total: 204)
fuzz: elapsed: 8m24s, execs: 70992 (884/sec), new interesting: 205 (total: 212)
fuzz: elapsed: 8m27s, execs: 70992 (0/sec), new interesting: 205 (total: 212)
fuzz: elapsed: 8m30s, execs: 70992 (0/sec), new interesting: 205 (total: 212)
fuzz: elapsed: 8m33s, execs: 70992 (0/sec), new interesting: 205 (total: 212)
fuzz: elapsed: 8m36s, execs: 70992 (0/sec), new interesting: 205 (total: 212)
fuzz: elapsed: 8m39s, execs: 70992 (0/sec), new interesting: 205 (total: 212)
fuzz: elapsed: 8m42s, execs: 70992 (0/sec), new interesting: 205 (total: 212)
fuzz: elapsed: 8m45s, execs: 70992 (0/sec), new interesting: 205 (total: 212)
fuzz: elapsed: 8m48s, execs: 70992 (0/sec), new interesting: 205 (total: 212)
fuzz: elapsed: 8m51s, execs: 70992 (0/sec), new interesting: 205 (total: 212)
fuzz: elapsed: 8m54s, execs: 70992 (0/sec), new interesting: 205 (total: 212)
fuzz: elapsed: 8m57s, execs: 70992 (0/sec), new interesting: 205 (total: 212)
fuzz: elapsed: 9m0s, execs: 70992 (0/sec), new interesting: 205 (total: 212)
fuzz: elapsed: 9m3s, execs: 70992 (0/sec), new interesting: 205 (total: 212)
fuzz: elapsed: 9m6s, execs: 70992 (0/sec), new interesting: 205 (total: 212)
fuzz: elapsed: 9m9s, execs: 70992 (0/sec), new interesting: 205 (total: 212)
fuzz: elapsed: 9m12s, execs: 70992 (0/sec), new interesting: 205 (total: 212)
fuzz: elapsed: 9m15s, execs: 70992 (0/sec), new interesting: 205 (total: 212)
fuzz: elapsed: 9m18s, execs: 70992 (0/sec), new interesting: 205 (total: 212)
fuzz: elapsed: 9m21s, execs: 70992 (0/sec), new interesting: 206 (total: 213)
fuzz: elapsed: 9m24s, execs: 79717 (2909/sec), new interesting: 211 (total: 218)
fuzz: elapsed: 9m27s, execs: 83451 (1243/sec), new interesting: 217 (total: 224)
fuzz: elapsed: 9m30s, execs: 86773 (1108/sec), new interesting: 225 (total: 232)
fuzz: elapsed: 9m33s, execs: 88409 (545/sec), new interesting: 227 (total: 234)
fuzz: elapsed: 9m36s, execs: 89164 (252/sec), new interesting: 228 (total: 235)
fuzz: elapsed: 9m39s, execs: 92488 (1108/sec), new interesting: 232 (total: 239)
fuzz: elapsed: 9m42s, execs: 92488 (0/sec), new interesting: 232 (total: 239)
fuzz: elapsed: 9m45s, execs: 93256 (256/sec), new interesting: 233 (total: 240)
fuzz: elapsed: 9m48s, execs: 95537 (760/sec), new interesting: 237 (total: 244)
fuzz: elapsed: 9m51s, execs: 95537 (0/sec), new interesting: 237 (total: 244)
fuzz: elapsed: 9m54s, execs: 95537 (0/sec), new interesting: 237 (total: 244)
fuzz: elapsed: 9m57s, execs: 95537 (0/sec), new interesting: 237 (total: 244)
fuzz: elapsed: 10m0s, execs: 95537 (0/sec), new interesting: 237 (total: 244)
fuzz: elapsed: 10m3s, execs: 95537 (0/sec), new interesting: 237 (total: 244)
fuzz: elapsed: 10m6s, execs: 95537 (0/sec), new interesting: 237 (total: 244)
fuzz: elapsed: 10m9s, execs: 95537 (0/sec), new interesting: 237 (total: 244)
fuzz: elapsed: 10m12s, execs: 95537 (0/sec), new interesting: 237 (total: 244)
fuzz: elapsed: 10m15s, execs: 95537 (0/sec), new interesting: 237 (total: 244)
fuzz: elapsed: 10m18s, execs: 95537 (0/sec), new interesting: 237 (total: 244)
fuzz: elapsed: 10m21s, execs: 95537 (0/sec), new interesting: 237 (total: 244)
fuzz: elapsed: 10m24s, execs: 95537 (0/sec), new interesting: 237 (total: 244)
fuzz: elapsed: 10m27s, execs: 95537 (0/sec), new interesting: 237 (total: 244)
fuzz: elapsed: 10m30s, execs: 95537 (0/sec), new interesting: 237 (total: 244)
fuzz: elapsed: 10m33s, execs: 95537 (0/sec), new interesting: 237 (total: 244)
fuzz: elapsed: 10m36s, execs: 95537 (0/sec), new interesting: 237 (total: 244)
fuzz: elapsed: 10m39s, execs: 96018 (161/sec), new interesting: 240 (total: 247)
fuzz: elapsed: 10m42s, execs: 96967 (316/sec), new interesting: 245 (total: 252)
fuzz: elapsed: 10m45s, execs: 96967 (0/sec), new interesting: 245 (total: 252)
fuzz: elapsed: 10m48s, execs: 98577 (537/sec), new interesting: 249 (total: 256)
fuzz: elapsed: 10m51s, execs: 100419 (614/sec), new interesting: 251 (total: 258)
fuzz: elapsed: 10m54s, execs: 100419 (0/sec), new interesting: 251 (total: 258)
fuzz: elapsed: 10m57s, execs: 100419 (0/sec), new interesting: 251 (total: 258)
fuzz: elapsed: 11m0s, execs: 100419 (0/sec), new interesting: 251 (total: 258)
fuzz: elapsed: 11m3s, execs: 100419 (0/sec), new interesting: 251 (total: 258)
fuzz: elapsed: 11m6s, execs: 100419 (0/sec), new interesting: 251 (total: 258)
fuzz: elapsed: 11m9s, execs: 100419 (0/sec), new interesting: 251 (total: 258)
fuzz: elapsed: 11m12s, execs: 100419 (0/sec), new interesting: 251 (total: 258)
fuzz: elapsed: 11m15s, execs: 100419 (0/sec), new interesting: 251 (total: 258)
fuzz: elapsed: 11m18s, execs: 100419 (0/sec), new interesting: 251 (total: 258)
fuzz: elapsed: 11m21s, execs: 100419 (0/sec), new interesting: 251 (total: 258)
fuzz: elapsed: 11m24s, execs: 100419 (0/sec), new interesting: 251 (total: 258)
fuzz: elapsed: 11m27s, execs: 100419 (0/sec), new interesting: 251 (total: 258)
fuzz: elapsed: 11m30s, execs: 100419 (0/sec), new interesting: 251 (total: 258)
fuzz: elapsed: 11m33s, execs: 100419 (0/sec), new interesting: 251 (total: 258)
fuzz: elapsed: 11m36s, execs: 100419 (0/sec), new interesting: 251 (total: 258)
fuzz: elapsed: 11m39s, execs: 100419 (0/sec), new interesting: 251 (total: 258)
fuzz: elapsed: 11m42s, execs: 100419 (0/sec), new interesting: 251 (total: 258)
fuzz: elapsed: 11m45s, execs: 100419 (0/sec), new interesting: 251 (total: 258)
fuzz: elapsed: 11m48s, execs: 101712 (431/sec), new interesting: 253 (total: 260)
fuzz: elapsed: 11m51s, execs: 101952 (80/sec), new interesting: 255 (total: 262)
fuzz: elapsed: 11m54s, execs: 103678 (575/sec), new interesting: 257 (total: 264)
fuzz: elapsed: 11m57s, execs: 103678 (0/sec), new interesting: 257 (total: 264)
fuzz: elapsed: 12m0s, execs: 106749 (1024/sec), new interesting: 261 (total: 268)
fuzz: elapsed: 12m3s, execs: 107649 (300/sec), new interesting: 262 (total: 269)
fuzz: elapsed: 12m6s, execs: 113888 (2080/sec), new interesting: 270 (total: 277)
fuzz: elapsed: 12m9s, execs: 114010 (41/sec), new interesting: 270 (total: 277)
fuzz: elapsed: 12m12s, execs: 114010 (0/sec), new interesting: 270 (total: 277)
fuzz: elapsed: 12m15s, execs: 123106 (3032/sec), new interesting: 272 (total: 279)
fuzz: elapsed: 12m18s, execs: 123106 (0/sec), new interesting: 272 (total: 279)
fuzz: elapsed: 12m21s, execs: 123106 (0/sec), new interesting: 272 (total: 279)
fuzz: elapsed: 12m24s, execs: 123106 (0/sec), new interesting: 272 (total: 279)
fuzz: elapsed: 12m27s, execs: 123106 (0/sec), new interesting: 272 (total: 279)
fuzz: elapsed: 12m30s, execs: 123106 (0/sec), new interesting: 272 (total: 279)
fuzz: elapsed: 12m33s, execs: 123106 (0/sec), new interesting: 272 (total: 279)
fuzz: elapsed: 12m36s, execs: 123106 (0/sec), new interesting: 272 (total: 279)
fuzz: elapsed: 12m39s, execs: 123106 (0/sec), new interesting: 272 (total: 279)
fuzz: elapsed: 12m42s, execs: 123106 (0/sec), new interesting: 272 (total: 279)
fuzz: elapsed: 12m45s, execs: 123106 (0/sec), new interesting: 272 (total: 279)
fuzz: elapsed: 12m48s, execs: 123106 (0/sec), new interesting: 273 (total: 280)
fuzz: elapsed: 12m51s, execs: 123106 (0/sec), new interesting: 273 (total: 280)
fuzz: elapsed: 12m54s, execs: 123832 (242/sec), new interesting: 273 (total: 280)
fuzz: elapsed: 12m57s, execs: 124683 (284/sec), new interesting: 274 (total: 281)
fuzz: elapsed: 13m0s, execs: 126576 (631/sec), new interesting: 276 (total: 283)
fuzz: elapsed: 13m3s, execs: 126576 (0/sec), new interesting: 276 (total: 283)
fuzz: elapsed: 13m6s, execs: 128126 (517/sec), new interesting: 278 (total: 285)
fuzz: elapsed: 13m9s, execs: 128126 (0/sec), new interesting: 278 (total: 285)
fuzz: elapsed: 13m12s, execs: 128126 (0/sec), new interesting: 278 (total: 285)
fuzz: elapsed: 13m15s, execs: 128387 (87/sec), new interesting: 279 (total: 286)
fuzz: elapsed: 13m18s, execs: 131593 (1069/sec), new interesting: 283 (total: 290)
fuzz: elapsed: 13m21s, execs: 132923 (443/sec), new interesting: 284 (total: 291)
fuzz: elapsed: 13m24s, execs: 132923 (0/sec), new interesting: 284 (total: 291)
fuzz: elapsed: 13m27s, execs: 132923 (0/sec), new interesting: 284 (total: 291)
fuzz: elapsed: 13m30s, execs: 132923 (0/sec), new interesting: 284 (total: 291)
fuzz: elapsed: 13m33s, execs: 132923 (0/sec), new interesting: 284 (total: 291)
fuzz: elapsed: 13m36s, execs: 132923 (0/sec), new interesting: 284 (total: 291)
fuzz: elapsed: 13m39s, execs: 132923 (0/sec), new interesting: 284 (total: 291)
fuzz: elapsed: 13m42s, execs: 132923 (0/sec), new interesting: 284 (total: 291)
fuzz: elapsed: 13m45s, execs: 132923 (0/sec), new interesting: 284 (total: 291)
fuzz: elapsed: 13m48s, execs: 132923 (0/sec), new interesting: 284 (total: 291)
fuzz: elapsed: 13m51s, execs: 132923 (0/sec), new interesting: 284 (total: 291)
fuzz: elapsed: 13m54s, execs: 132923 (0/sec), new interesting: 284 (total: 291)
fuzz: elapsed: 13m57s, execs: 132923 (0/sec), new interesting: 284 (total: 291)
fuzz: elapsed: 14m0s, execs: 132923 (0/sec), new interesting: 284 (total: 291)
fuzz: elapsed: 14m3s, execs: 132923 (0/sec), new interesting: 284 (total: 291)
fuzz: elapsed: 14m6s, execs: 133320 (132/sec), new interesting: 286 (total: 293)
fuzz: elapsed: 14m9s, execs: 139716 (2132/sec), new interesting: 288 (total: 295)
fuzz: elapsed: 14m12s, execs: 139716 (0/sec), new interesting: 288 (total: 295)
fuzz: elapsed: 14m15s, execs: 139716 (0/sec), new interesting: 288 (total: 295)
fuzz: elapsed: 14m18s, execs: 139716 (0/sec), new interesting: 288 (total: 295)
fuzz: elapsed: 14m21s, execs: 139716 (0/sec), new interesting: 288 (total: 295)
fuzz: elapsed: 14m24s, execs: 139716 (0/sec), new interesting: 288 (total: 295)
fuzz: elapsed: 14m27s, execs: 139716 (0/sec), new interesting: 288 (total: 295)
fuzz: elapsed: 14m30s, execs: 139716 (0/sec), new interesting: 288 (total: 295)
fuzz: elapsed: 14m33s, execs: 139716 (0/sec), new interesting: 288 (total: 295)
fuzz: elapsed: 14m36s, execs: 139716 (0/sec), new interesting: 288 (total: 295)
fuzz: elapsed: 14m39s, execs: 139716 (0/sec), new interesting: 288 (total: 295)
fuzz: elapsed: 14m42s, execs: 139716 (0/sec), new interesting: 288 (total: 295)
fuzz: elapsed: 14m45s, execs: 139716 (0/sec), new interesting: 288 (total: 295)
fuzz: elapsed: 14m48s, execs: 139716 (0/sec), new interesting: 288 (total: 295)
fuzz: elapsed: 14m51s, execs: 139716 (0/sec), new interesting: 288 (total: 295)
fuzz: elapsed: 14m54s, execs: 145718 (2001/sec), new interesting: 289 (total: 296)
fuzz: elapsed: 14m57s, execs: 145718 (0/sec), new interesting: 289 (total: 296)
fuzz: elapsed: 15m0s, execs: 145718 (0/sec), new interesting: 289 (total: 296)
fuzz: elapsed: 15m1s, execs: 145718 (0/sec), new interesting: 289 (total: 296)
PASS
ok  	github.com/DataDog/dd-iast-go/internal/taint/store	901.481s
EXIT=0
