2026/09/23 12:10:33 listening on 127.0.0.1:18094
2026/09/23 12:10:35 multipart error: multipart: message too large
2026/09/23 12:10:35 multipart error: multipart: NextPart: EOF
2026/09/23 12:10:35 json decode error: invalid character '[' exceeded max depth
2026/09/23 12:10:35 json unmarshal error: invalid character '[' exceeded max depth
2026/09/23 12:10:36 multipart error: multipart: NextPart: EOF
2026/09/23 12:10:36 multipart error: multipart: message too large
2026/09/23 12:10:36 json decode error: invalid character '[' exceeded max depth
2026/09/23 12:10:36 json unmarshal error: invalid character '[' exceeded max depth
2026/09/23 12:10:37 multipart error: multipart: message too large
2026/09/23 12:10:37 multipart error: multipart: NextPart: EOF
2026/09/23 12:10:37 json unmarshal error: invalid character '[' exceeded max depth
2026/09/23 12:10:37 json decode error: invalid character '[' exceeded max depth
2026/09/23 12:10:38 multipart error: multipart: message too large
2026/09/23 12:10:38 multipart error: multipart: NextPart: EOF
2026/09/23 12:10:38 json decode error: invalid character '[' exceeded max depth
2026/09/23 12:10:38 json unmarshal error: invalid character '[' exceeded max depth
2026/09/23 12:10:38 multipart error: multipart: message too large
2026/09/23 12:10:38 multipart error: multipart: NextPart: EOF
2026/09/23 12:10:38 json decode error: invalid character '[' exceeded max depth
2026/09/23 12:10:38 json unmarshal error: invalid character '[' exceeded max depth
2026/09/23 12:10:38 multipart error: multipart: message too large
2026/09/23 12:10:38 multipart error: multipart: NextPart: EOF
2026/09/23 12:10:38 json decode error: invalid character '[' exceeded max depth
2026/09/23 12:10:38 json unmarshal error: invalid character '[' exceeded max depth
2026/09/23 12:10:39 multipart error: multipart: NextPart: EOF
2026/09/23 12:10:39 json decode error: invalid character '[' exceeded max depth
2026/09/23 12:10:39 multipart error: multipart: message too large
2026/09/23 12:10:39 json unmarshal error: invalid character '[' exceeded max depth
2026/09/23 12:10:39 multipart error: multipart: NextPart: EOF
2026/09/23 12:10:40 multipart error: multipart: message too large
2026/09/23 12:10:40 json unmarshal error: invalid character '[' exceeded max depth
2026/09/23 12:10:40 json decode error: invalid character '[' exceeded max depth
2026/09/23 12:10:40 multipart error: multipart: message too large
2026/09/23 12:10:40 multipart error: multipart: NextPart: EOF
2026/09/23 12:10:40 json decode error: invalid character '[' exceeded max depth
2026/09/23 12:10:40 json unmarshal error: invalid character '[' exceeded max depth
2026/09/23 12:10:40 multipart error: multipart: NextPart: EOF
2026/09/23 12:10:40 multipart error: multipart: message too large
2026/09/23 12:10:41 json decode error: invalid character '[' exceeded max depth
2026/09/23 12:10:41 json unmarshal error: invalid character '[' exceeded max depth
2026/09/23 12:10:41 multipart error: multipart: message too large
2026/09/23 12:10:41 multipart error: multipart: NextPart: EOF
2026/09/23 12:10:41 json decode error: invalid character '[' exceeded max depth
2026/09/23 12:10:41 json unmarshal error: invalid character '[' exceeded max depth
2026/09/23 12:10:41 multipart error: multipart: NextPart: EOF
2026/09/23 12:10:41 multipart error: multipart: message too large
2026/09/23 12:10:41 json decode error: invalid character '[' exceeded max depth
2026/09/23 12:10:41 json unmarshal error: invalid character '[' exceeded max depth
2026/09/23 12:10:42 multipart error: multipart: message too large
2026/09/23 12:10:42 multipart error: multipart: NextPart: EOF
2026/09/23 12:10:42 json decode error: invalid character '[' exceeded max depth
2026/09/23 12:10:42 json unmarshal error: invalid character '[' exceeded max depth
2026/09/23 12:10:43 multipart error: multipart: message too large
2026/09/23 12:10:43 multipart error: multipart: NextPart: EOF
2026/09/23 12:10:43 json decode error: invalid character '[' exceeded max depth
2026/09/23 12:10:43 json unmarshal error: invalid character '[' exceeded max depth
2026/09/23 12:10:43 multipart error: multipart: message too large
2026/09/23 12:10:43 multipart error: multipart: NextPart: EOF
2026/09/23 12:10:43 json unmarshal error: invalid character '[' exceeded max depth
2026/09/23 12:10:43 json decode error: invalid character '[' exceeded max depth
2026/09/23 12:10:44 multipart error: multipart: NextPart: EOF
2026/09/23 12:10:44 multipart error: multipart: message too large
2026/09/23 12:10:44 json decode error: invalid character '[' exceeded max depth
2026/09/23 12:10:44 json unmarshal error: invalid character '[' exceeded max depth
2026/09/23 12:10:44 multipart error: multipart: message too large
2026/09/23 12:10:44 multipart error: multipart: NextPart: EOF
2026/09/23 12:10:44 json decode error: invalid character '[' exceeded max depth
2026/09/23 12:10:44 json unmarshal error: invalid character '[' exceeded max depth
2026/09/23 12:10:44 multipart error: multipart: message too large
2026/09/23 12:10:44 multipart error: multipart: NextPart: EOF
2026/09/23 12:10:44 json decode error: invalid character '[' exceeded max depth
2026/09/23 12:10:44 json unmarshal error: invalid character '[' exceeded max depth
2026/09/23 12:10:45 multipart error: multipart: NextPart: EOF
2026/09/23 12:10:45 multipart error: multipart: message too large
2026/09/23 12:10:45 json decode error: invalid character '[' exceeded max depth
2026/09/23 12:10:45 json unmarshal error: invalid character '[' exceeded max depth
2026/09/23 12:10:45 multipart error: multipart: message too large
2026/09/23 12:10:45 multipart error: multipart: NextPart: EOF
2026/09/23 12:10:45 json decode error: invalid character '[' exceeded max depth
2026/09/23 12:10:45 json unmarshal error: invalid character '[' exceeded max depth
2026/09/23 12:10:45 multipart error: multipart: message too large
2026/09/23 12:10:45 multipart error: multipart: NextPart: EOF
2026/09/23 12:10:45 json unmarshal error: invalid character '[' exceeded max depth
2026/09/23 12:10:45 json decode error: invalid character '[' exceeded max depth
2026/09/23 12:10:46 multipart error: multipart: NextPart: EOF
2026/09/23 12:10:46 multipart error: multipart: message too large
2026/09/23 12:10:46 json decode error: invalid character '[' exceeded max depth
2026/09/23 12:10:46 json unmarshal error: invalid character '[' exceeded max depth
2026/09/23 12:10:46 multipart error: multipart: NextPart: EOF
2026/09/23 12:10:46 multipart error: multipart: message too large
2026/09/23 12:10:46 json unmarshal error: invalid character '[' exceeded max depth
2026/09/23 12:10:46 json decode error: invalid character '[' exceeded max depth
2026/09/23 12:10:47 multipart error: multipart: NextPart: EOF
2026/09/23 12:10:47 multipart error: multipart: message too large
2026/09/23 12:10:47 json decode error: invalid character '[' exceeded max depth
2026/09/23 12:10:47 json unmarshal error: invalid character '[' exceeded max depth
2026/09/23 12:10:48 multipart error: multipart: NextPart: EOF
2026/09/23 12:10:48 multipart error: multipart: message too large
2026/09/23 12:10:48 json decode error: invalid character '[' exceeded max depth
2026/09/23 12:10:48 json unmarshal error: invalid character '[' exceeded max depth
2026/09/23 12:10:48 multipart error: multipart: message too large
2026/09/23 12:10:48 multipart error: multipart: NextPart: EOF
2026/09/23 12:10:48 json decode error: invalid character '[' exceeded max depth
2026/09/23 12:10:48 json unmarshal error: invalid character '[' exceeded max depth
2026/09/23 12:10:49 multipart error: multipart: NextPart: EOF
2026/09/23 12:10:49 multipart error: multipart: message too large
2026/09/23 12:10:49 json decode error: invalid character '[' exceeded max depth
2026/09/23 12:10:49 json unmarshal error: invalid character '[' exceeded max depth
2026/09/23 12:10:49 multipart error: multipart: NextPart: EOF
2026/09/23 12:10:49 multipart error: multipart: message too large
2026/09/23 12:10:49 json decode error: invalid character '[' exceeded max depth
2026/09/23 12:10:49 json unmarshal error: invalid character '[' exceeded max depth
2026/09/23 12:10:50 multipart error: multipart: NextPart: EOF
2026/09/23 12:10:50 multipart error: multipart: message too large
2026/09/23 12:10:50 json decode error: invalid character '[' exceeded max depth
2026/09/23 12:10:50 json unmarshal error: invalid character '[' exceeded max depth
2026/09/23 12:10:50 multipart error: multipart: NextPart: EOF
2026/09/23 12:10:50 multipart error: multipart: message too large
2026/09/23 12:10:50 json decode error: invalid character '[' exceeded max depth
2026/09/23 12:10:50 json unmarshal error: invalid character '[' exceeded max depth
2026/09/23 12:10:51 multipart error: multipart: NextPart: EOF
2026/09/23 12:10:51 multipart error: multipart: message too large
2026/09/23 12:10:51 json decode error: invalid character '[' exceeded max depth
2026/09/23 12:10:51 json unmarshal error: invalid character '[' exceeded max depth
2026/09/23 12:10:51 multipart error: multipart: message too large
2026/09/23 12:10:51 multipart error: multipart: NextPart: EOF
2026/09/23 12:10:51 json decode error: invalid character '[' exceeded max depth
2026/09/23 12:10:51 json unmarshal error: invalid character '[' exceeded max depth
2026/09/23 12:10:52 multipart error: multipart: message too large
2026/09/23 12:10:52 multipart error: multipart: NextPart: EOF
2026/09/23 12:10:52 json decode error: invalid character '[' exceeded max depth
2026/09/23 12:10:52 json unmarshal error: invalid character '[' exceeded max depth
2026/09/23 12:10:52 multipart error: multipart: message too large
2026/09/23 12:10:52 multipart error: multipart: NextPart: EOF
2026/09/23 12:10:52 json decode error: invalid character '[' exceeded max depth
2026/09/23 12:10:52 json unmarshal error: invalid character '[' exceeded max depth
2026/09/23 12:10:52 multipart error: multipart: message too large
2026/09/23 12:10:52 multipart error: multipart: NextPart: EOF
2026/09/23 12:10:52 json decode error: invalid character '[' exceeded max depth
2026/09/23 12:10:52 json unmarshal error: invalid character '[' exceeded max depth
2026/09/23 12:10:53 multipart error: multipart: message too large
2026/09/23 12:10:53 multipart error: multipart: NextPart: EOF
2026/09/23 12:10:53 json decode error: invalid character '[' exceeded max depth
2026/09/23 12:10:53 json unmarshal error: invalid character '[' exceeded max depth
2026/09/23 12:10:53 multipart error: multipart: message too large
2026/09/23 12:10:53 multipart error: multipart: NextPart: EOF
2026/09/23 12:10:53 json decode error: invalid character '[' exceeded max depth
2026/09/23 12:10:53 json unmarshal error: invalid character '[' exceeded max depth
2026/09/23 12:10:53 multipart error: multipart: message too large
2026/09/23 12:10:53 multipart error: multipart: NextPart: EOF
2026/09/23 12:10:53 json decode error: invalid character '[' exceeded max depth
2026/09/23 12:10:53 json unmarshal error: invalid character '[' exceeded max depth
2026/09/23 12:10:53 multipart error: multipart: message too large
2026/09/23 12:10:53 multipart error: multipart: NextPart: EOF
2026/09/23 12:10:53 json decode error: invalid character '[' exceeded max depth
2026/09/23 12:10:53 json unmarshal error: invalid character '[' exceeded max depth
2026/09/23 12:10:53 multipart error: multipart: message too large
2026/09/23 12:10:53 multipart error: multipart: NextPart: EOF
2026/09/23 12:10:53 json decode error: invalid character '[' exceeded max depth
2026/09/23 12:10:53 json unmarshal error: invalid character '[' exceeded max depth
2026/09/23 12:10:53 multipart error: multipart: message too large
2026/09/23 12:10:53 multipart error: multipart: NextPart: EOF
2026/09/23 12:10:53 json decode error: invalid character '[' exceeded max depth
2026/09/23 12:10:53 json unmarshal error: invalid character '[' exceeded max depth
