baseline {"goroutines": 5, "heap_alloc": 1278464, "heap_inuse": 2588672, "heap_objects": 6697, "maxrss": 19300352, "observed": 0, "sinks": 0, "sys": 14076168, "tainted_sinks": 0, "total_alloc": 1768840} rss_kb 18896
case hdr_1mb_single           bytes=  1040056 status='HTTP/1.1 204 No Content' t=0.02s heap_inuse=2514944 heap_objects=6768 rss_kb=24128 maxrss=24707072 gor=5 tainted_sinks=0/8
case hdr_1mb_invalid_utf8     bytes=  1040056 status='HTTP/1.1 204 No Content' t=0.01s heap_inuse=2514944 heap_objects=6807 rss_kb=24336 maxrss=24920064 gor=5 tainted_sinks=0/16
case hdr_32x30k               bytes=   930988 status='HTTP/1.1 204 No Content' t=0.01s heap_inuse=2506752 heap_objects=6843 rss_kb=24512 maxrss=25100288 gor=5 tainted_sinks=0/86
case hdr_64k_edge             bytes=    65620 status='HTTP/1.1 204 No Content' t=0.00s heap_inuse=2506752 heap_objects=6871 rss_kb=24544 maxrss=25133056 gor=5 tainted_sinks=0/96
case hdr_64k_plus1            bytes=    65593 status='HTTP/1.1 204 No Content' t=0.01s heap_inuse=2506752 heap_objects=6901 rss_kb=24544 maxrss=25133056 gor=5 tainted_sinks=0/104
case hdr_2000_names           bytes=    59827 status='HTTP/1.1 204 No Content' t=0.00s heap_inuse=2531328 heap_objects=6934 rss_kb=24544 maxrss=25133056 gor=5 tainted_sinks=0/268
case hdr_secret_small         bytes=      190 status='HTTP/1.1 204 No Content' t=0.00s heap_inuse=2547712 heap_objects=6966 rss_kb=24640 maxrss=25231360 gor=5 tainted_sinks=0/280
case hdr_invalid_name_utf8    bytes=       56 status='HTTP/1.1 400 Bad Request' t=0.00s heap_inuse=2531328 heap_objects=6967 rss_kb=24656 maxrss=25247744 gor=5 tainted_sinks=0/280
case q_10k_params             bytes=   177853 status='HTTP/1.1 204 No Content' t=0.00s heap_inuse=2531328 heap_objects=6999 rss_kb=24656 maxrss=25247744 gor=5 tainted_sinks=0/284
case q_20k_params             bytes=   257827 status='HTTP/1.1 204 No Content' t=0.00s heap_inuse=2531328 heap_objects=7029 rss_kb=24656 maxrss=25247744 gor=5 tainted_sinks=0/288
case q_invalid_raw_bytes      bytes=      231 status='HTTP/1.1 204 No Content' t=0.00s heap_inuse=2531328 heap_objects=7061 rss_kb=24656 maxrss=25247744 gor=5 tainted_sinks=0/294
case q_40_params_utf8         bytes=      579 status='HTTP/1.1 204 No Content' t=0.00s heap_inuse=2531328 heap_objects=7090 rss_kb=24656 maxrss=25247744 gor=5 tainted_sinks=0/340
case q_huge_value             bytes=  1000050 status='HTTP/1.1 204 No Content' t=0.02s heap_inuse=2531328 heap_objects=7117 rss_kb=24704 maxrss=25296896 gor=5 tainted_sinks=0/345
case q_60k_value              bytes=    60050 status='HTTP/1.1 204 No Content' t=0.00s heap_inuse=2539520 heap_objects=7146 rss_kb=24720 maxrss=25313280 gor=5 tainted_sinks=0/350
case q_bad_escapes            bytes=       77 status='HTTP/1.1 204 No Content' t=0.01s heap_inuse=2539520 heap_objects=7176 rss_kb=24720 maxrss=25313280 gor=5 tainted_sinks=0/355
case form_10k                 bytes=   147910 status='HTTP/1.1 204 No Content' t=0.00s heap_inuse=2539520 heap_objects=7210 rss_kb=24720 maxrss=25313280 gor=5 tainted_sinks=0/357
case form_40_invalid          bytes=    15629 status='HTTP/1.1 204 No Content' t=0.00s heap_inuse=2539520 heap_objects=7243 rss_kb=24720 maxrss=25313280 gor=5 tainted_sinks=0/401
case form_9mb                 bytes=  9000127 status='HTTP/1.1 204 No Content' t=0.07s heap_inuse=2539520 heap_objects=7277 rss_kb=59424 maxrss=60850176 gor=5 tainted_sinks=0/404
case mp_5k_parts              bytes=   424125 status="ERR ConnectionResetError(54, 'Connection reset by peer')" t=0.06s heap_inuse=2596864 heap_objects=7320 rss_kb=59472 maxrss=60899328 gor=5 tainted_sinks=0/406
case mp_900_parts             bytes=    75724 status='HTTP/1.1 204 No Content' t=0.00s heap_inuse=2629632 heap_objects=7349 rss_kb=59504 maxrss=60932096 gor=5 tainted_sinks=0/508
case mp_40_parts              bytes=  1203426 status='HTTP/1.1 204 No Content' t=0.01s heap_inuse=2629632 heap_objects=7389 rss_kb=59520 maxrss=60948480 gor=5 tainted_sinks=0/551
case mp_huge_filenames        bytes=  5002876 status='HTTP/1.1 204 No Content' t=0.09s heap_inuse=2662400 heap_objects=7441 rss_kb=59648 maxrss=61079552 gor=5 tainted_sinks=0/579
case mp_900_files             bytes=  2004426 status='HTTP/1.1 204 No Content' t=0.02s heap_inuse=2678784 heap_objects=7471 rss_kb=59808 maxrss=61243392 gor=5 tainted_sinks=0/682
case mp_malformed             bytes=      173 status='HTTP/1.1 204 No Content' t=0.00s heap_inuse=2678784 heap_objects=7504 rss_kb=59824 maxrss=61259776 gor=5 tainted_sinks=0/684
case readall_50mb             bytes= 50000080 status='HTTP/1.1 204 No Content' t=0.13s heap_inuse=2670592 heap_objects=7538 rss_kb=136912 maxrss=140197888 gor=5 tainted_sinks=0/688
case readall_64k              bytes=    64087 status='HTTP/1.1 204 No Content' t=0.01s heap_inuse=2670592 heap_objects=7570 rss_kb=136944 maxrss=140230656 gor=5 tainted_sinks=0/692
case readall_invalid          bytes=     1676 status='HTTP/1.1 204 No Content' t=0.00s heap_inuse=2678784 heap_objects=7600 rss_kb=136944 maxrss=140230656 gor=5 tainted_sinks=0/696
case json_deep9990            bytes=    20100 status='HTTP/1.1 204 No Content' t=0.01s heap_inuse=2711552 heap_objects=7654 rss_kb=136960 maxrss=140247040 gor=5 tainted_sinks=0/697
case jsonu_deep9990           bytes=    20101 status='HTTP/1.1 204 No Content' t=0.01s heap_inuse=2719744 heap_objects=7684 rss_kb=136960 maxrss=140247040 gor=5 tainted_sinks=0/698
case json_deep12000           bytes=    24120 status="ERR ConnectionResetError(54, 'Connection reset by peer')" t=0.00s heap_inuse=2703360 heap_objects=7715 rss_kb=136976 maxrss=140263424 gor=5 tainted_sinks=0/699
case jsonu_deep12000          bytes=    24121 status='HTTP/1.1 204 No Content' t=0.02s heap_inuse=2703360 heap_objects=7748 rss_kb=136976 maxrss=140263424 gor=5 tainted_sinks=0/700
case json_deepobj             bytes=    60061 status='HTTP/1.1 204 No Content' t=0.01s heap_inuse=2719744 heap_objects=7776 rss_kb=136976 maxrss=140263424 gor=5 tainted_sinks=0/701
case jsonu_deepobj            bytes=    60062 status='HTTP/1.1 204 No Content' t=0.02s heap_inuse=2736128 heap_objects=7808 rss_kb=136992 maxrss=140279808 gor=5 tainted_sinks=0/702
case json_escapes             bytes=   640124 status='HTTP/1.1 204 No Content' t=0.01s heap_inuse=2736128 heap_objects=7840 rss_kb=136992 maxrss=140279808 gor=5 tainted_sinks=0/704
case jsonu_escapes            bytes=   640125 status='HTTP/1.1 204 No Content' t=0.04s heap_inuse=2736128 heap_objects=7869 rss_kb=136992 maxrss=140279808 gor=5 tainted_sinks=0/706
case json_escapes_small       bytes=    30140 status='HTTP/1.1 204 No Content' t=0.00s heap_inuse=2744320 heap_objects=7900 rss_kb=136992 maxrss=140279808 gor=5 tainted_sinks=0/708
case jsonu_escapes_small      bytes=    30141 status='HTTP/1.1 204 No Content' t=0.00s heap_inuse=2736128 heap_objects=7932 rss_kb=136992 maxrss=140279808 gor=5 tainted_sinks=0/710
case json_many                bytes=   296798 status='HTTP/1.1 204 No Content' t=0.05s heap_inuse=2752512 heap_objects=7963 rss_kb=137008 maxrss=140296192 gor=5 tainted_sinks=0/811
case jsonu_many               bytes=   296799 status='HTTP/1.1 204 No Content' t=0.02s heap_inuse=2777088 heap_objects=7995 rss_kb=137008 maxrss=140296192 gor=5 tainted_sinks=0/912
case json_huge_str            bytes=  5000116 status='HTTP/1.1 204 No Content' t=0.05s heap_inuse=2777088 heap_objects=8025 rss_kb=137008 maxrss=140296192 gor=5 tainted_sinks=0/913
case jsonu_huge_str           bytes=  5000117 status='HTTP/1.1 204 No Content' t=0.14s heap_inuse=2777088 heap_objects=8064 rss_kb=137056 maxrss=140345344 gor=5 tainted_sinks=0/914
case json_invalid_utf8        bytes=     1727 status='HTTP/1.1 204 No Content' t=0.00s heap_inuse=2777088 heap_objects=8093 rss_kb=137056 maxrss=140345344 gor=5 tainted_sinks=0/916
case jsonu_invalid_utf8       bytes=     1728 status='HTTP/1.1 204 No Content' t=0.00s heap_inuse=2777088 heap_objects=8125 rss_kb=137056 maxrss=140345344 gor=5 tainted_sinks=0/918
case cookie_odd               bytes=      160 status='HTTP/1.1 400 Bad Request' t=0.00s heap_inuse=2777088 heap_objects=8128 rss_kb=137056 maxrss=140345344 gor=5 tainted_sinks=0/918
case cookie_odd_noctl         bytes=      174 status='HTTP/1.1 204 No Content' t=0.00s heap_inuse=2777088 heap_objects=8161 rss_kb=137088 maxrss=140378112 gor=5 tainted_sinks=0/941
case cookie_5k                bytes=    62848 status='HTTP/1.1 204 No Content' t=0.00s heap_inuse=2785280 heap_objects=8191 rss_kb=137088 maxrss=140378112 gor=5 tainted_sinks=0/941
case cookie_900k_value        bytes=   900064 status='HTTP/1.1 204 No Content' t=0.01s heap_inuse=2793472 heap_objects=8222 rss_kb=137088 maxrss=140378112 gor=5 tainted_sinks=0/945
case cookie_multi_header      bytes=    14942 status='HTTP/1.1 204 No Content' t=0.00s heap_inuse=2777088 heap_objects=8254 rss_kb=137088 maxrss=140378112 gor=5 tainted_sinks=0/2146
case prop_16                  bytes=       79 status='HTTP/1.1 204 No Content' t=0.00s heap_inuse=2777088 heap_objects=8284 rss_kb=137088 maxrss=140378112 gor=5 tainted_sinks=0/2174
case prop_1024                bytes=     1080 status='HTTP/1.1 204 No Content' t=0.03s heap_inuse=2785280 heap_objects=8315 rss_kb=137088 maxrss=140378112 gor=5 tainted_sinks=0/2356
case prop_8192                bytes=     8256 status='HTTP/1.1 204 No Content' t=0.04s heap_inuse=2785280 heap_objects=8349 rss_kb=137152 maxrss=140443648 gor=5 tainted_sinks=0/2578
case prop_hdr_invalid         bytes=      866 status='HTTP/1.1 204 No Content' t=0.01s heap_inuse=2793472 heap_objects=8381 rss_kb=137152 maxrss=140443648 gor=5 tainted_sinks=0/2607
case exploit_sqli             bytes=       80 status='HTTP/1.1 204 No Content' t=0.00s heap_inuse=2793472 heap_objects=8414 rss_kb=137152 maxrss=140443648 gor=5 tainted_sinks=0/2609
case exploit_sqli_num         bytes=       74 status='HTTP/1.1 204 No Content' t=0.00s heap_inuse=2793472 heap_objects=8443 rss_kb=137152 maxrss=140443648 gor=5 tainted_sinks=0/2611
spans 52 with_json 0
round 0 t=0.3s heap_inuse=2785280 heap_objects=7054 rss_kb=245424 maxrss=251314176 gor=5 bad=[('mp_5k_parts', "ERR ConnectionResetError(54, 'Connection reset by peer')"), ('json_deep12000', "ERR ConnectionResetError(54, 'Connection reset by peer')")]
round 1 t=0.6s heap_inuse=2850816 heap_objects=7122 rss_kb=246032 maxrss=251936768 gor=5 bad=[('mp_5k_parts', "ERR ConnectionResetError(54, 'Connection reset by peer')"), ('json_deep12000', "ERR ConnectionResetError(54, 'Connection reset by peer')")]
round 2 t=0.5s heap_inuse=2859008 heap_objects=7171 rss_kb=263728 maxrss=270057472 gor=5 bad=[('mp_5k_parts', "ERR ConnectionResetError(54, 'Connection reset by peer')"), ('json_deep12000', "ERR ConnectionResetError(54, 'Connection reset by peer')")]
round 3 t=0.3s heap_inuse=2891776 heap_objects=7203 rss_kb=281888 maxrss=288653312 gor=5 bad=[('mp_5k_parts', "ERR ConnectionResetError(54, 'Connection reset by peer')"), ('json_deep12000', "ERR ConnectionResetError(54, 'Connection reset by peer')")]
round 4 t=0.4s heap_inuse=2908160 heap_objects=7219 rss_kb=281904 maxrss=288669696 gor=5 bad=[('mp_5k_parts', "ERR ConnectionResetError(54, 'Connection reset by peer')"), ('json_deep12000', "ERR ConnectionResetError(54, 'Connection reset by peer')")]
round 5 t=0.8s heap_inuse=2924544 heap_objects=7231 rss_kb=281936 maxrss=288702464 gor=5 bad=[('mp_5k_parts', "ERR ConnectionResetError(54, 'Connection reset by peer')"), ('json_deep12000', "ERR ConnectionResetError(54, 'Connection reset by peer')")]
round 6 t=0.5s heap_inuse=2924544 heap_objects=7270 rss_kb=282032 maxrss=288800768 gor=5 bad=[('mp_5k_parts', "ERR ConnectionResetError(54, 'Connection reset by peer')"), ('json_deep12000', "ERR ConnectionResetError(54, 'Connection reset by peer')")]
round 7 t=0.4s heap_inuse=3014656 heap_objects=7302 rss_kb=376272 maxrss=385302528 gor=5 bad=[('mp_5k_parts', "ERR ConnectionResetError(54, 'Connection reset by peer')"), ('json_deep12000', "ERR ConnectionResetError(54, 'Connection reset by peer')")]
round 8 t=0.5s heap_inuse=2973696 heap_objects=7314 rss_kb=408480 maxrss=418283520 gor=5 bad=[('mp_5k_parts', "ERR ConnectionResetError(54, 'Connection reset by peer')"), ('json_deep12000', "ERR ConnectionResetError(54, 'Connection reset by peer')")]
round 9 t=0.4s heap_inuse=2973696 heap_objects=7331 rss_kb=408528 maxrss=418332672 gor=5 bad=[('mp_5k_parts', "ERR ConnectionResetError(54, 'Connection reset by peer')"), ('json_deep12000', "ERR ConnectionResetError(54, 'Connection reset by peer')")]
round 10 t=0.7s heap_inuse=2998272 heap_objects=7353 rss_kb=408544 maxrss=418349056 gor=5 bad=[('mp_5k_parts', "ERR ConnectionResetError(54, 'Connection reset by peer')"), ('json_deep12000', "ERR ConnectionResetError(54, 'Connection reset by peer')")]
round 11 t=0.4s heap_inuse=3006464 heap_objects=7373 rss_kb=408592 maxrss=418398208 gor=5 bad=[('mp_5k_parts', "ERR ConnectionResetError(54, 'Connection reset by peer')"), ('json_deep12000', "ERR ConnectionResetError(54, 'Connection reset by peer')")]
round 12 t=0.4s heap_inuse=3047424 heap_objects=7392 rss_kb=433536 maxrss=443940864 gor=5 bad=[('mp_5k_parts', "ERR ConnectionResetError(54, 'Connection reset by peer')"), ('json_deep12000', "ERR ConnectionResetError(54, 'Connection reset by peer')")]
round 13 t=0.7s heap_inuse=3072000 heap_objects=7400 rss_kb=439232 maxrss=449773568 gor=5 bad=[('mp_5k_parts', "ERR ConnectionResetError(54, 'Connection reset by peer')"), ('json_deep12000', "ERR ConnectionResetError(54, 'Connection reset by peer')")]
round 14 t=0.4s heap_inuse=3072000 heap_objects=7412 rss_kb=439248 maxrss=449789952 gor=5 bad=[('mp_5k_parts', "ERR ConnectionResetError(54, 'Connection reset by peer')"), ('json_deep12000', "ERR ConnectionResetError(54, 'Connection reset by peer')")]
round 15 t=0.3s heap_inuse=3022848 heap_objects=7435 rss_kb=439248 maxrss=449789952 gor=5 bad=[('mp_5k_parts', "ERR ConnectionResetError(54, 'Connection reset by peer')"), ('json_deep12000', "ERR ConnectionResetError(54, 'Connection reset by peer')")]
round 16 t=0.2s heap_inuse=3055616 heap_objects=7446 rss_kb=439248 maxrss=449789952 gor=5 bad=[('mp_5k_parts', "ERR ConnectionResetError(54, 'Connection reset by peer')"), ('json_deep12000', "ERR ConnectionResetError(54, 'Connection reset by peer')")]
round 17 t=0.2s heap_inuse=3088384 heap_objects=7458 rss_kb=439296 maxrss=449839104 gor=5 bad=[('mp_5k_parts', "ERR ConnectionResetError(54, 'Connection reset by peer')"), ('json_deep12000', "ERR ConnectionResetError(54, 'Connection reset by peer')")]
round 18 t=0.2s heap_inuse=3072000 heap_objects=7476 rss_kb=439312 maxrss=449855488 gor=5 bad=[('mp_5k_parts', "ERR ConnectionResetError(54, 'Connection reset by peer')"), ('json_deep12000', "ERR ConnectionResetError(54, 'Connection reset by peer')")]
round 19 t=0.4s heap_inuse=3088384 heap_objects=7487 rss_kb=439328 maxrss=449871872 gor=5 bad=[('mp_5k_parts', "ERR ConnectionResetError(54, 'Connection reset by peer')"), ('json_deep12000', "ERR ConnectionResetError(54, 'Connection reset by peer')")]
round 20 t=0.9s heap_inuse=3121152 heap_objects=7511 rss_kb=439344 maxrss=449888256 gor=5 bad=[('mp_5k_parts', "ERR ConnectionResetError(54, 'Connection reset by peer')"), ('json_deep12000', "ERR ConnectionResetError(54, 'Connection reset by peer')")]
round 21 t=0.6s heap_inuse=3137536 heap_objects=7531 rss_kb=439344 maxrss=449888256 gor=5 bad=[('mp_5k_parts', "ERR ConnectionResetError(54, 'Connection reset by peer')"), ('json_deep12000', "ERR ConnectionResetError(54, 'Connection reset by peer')")]
round 22 t=0.7s heap_inuse=3112960 heap_objects=7561 rss_kb=439376 maxrss=449921024 gor=5 bad=[('mp_5k_parts', "ERR ConnectionResetError(54, 'Connection reset by peer')"), ('json_deep12000', "ERR ConnectionResetError(54, 'Connection reset by peer')")]
round 23 t=0.2s heap_inuse=3162112 heap_objects=7573 rss_kb=439392 maxrss=449937408 gor=5 bad=[('mp_5k_parts', "ERR ConnectionResetError(54, 'Connection reset by peer')"), ('json_deep12000', "ERR ConnectionResetError(54, 'Connection reset by peer')")]
round 24 t=0.9s heap_inuse=3129344 heap_objects=7579 rss_kb=439424 maxrss=449970176 gor=5 bad=[('mp_5k_parts', "ERR ConnectionResetError(54, 'Connection reset by peer')"), ('json_deep12000', "ERR ConnectionResetError(54, 'Connection reset by peer')")]
round 25 t=0.5s heap_inuse=3162112 heap_objects=7593 rss_kb=498240 maxrss=510197760 gor=5 bad=[('mp_5k_parts', "ERR ConnectionResetError(54, 'Connection reset by peer')"), ('json_deep12000', "ERR ConnectionResetError(54, 'Connection reset by peer')")]
round 26 t=0.3s heap_inuse=3137536 heap_objects=7555 rss_kb=498272 maxrss=510230528 gor=5 bad=[('mp_5k_parts', "ERR ConnectionResetError(54, 'Connection reset by peer')"), ('json_deep12000', "ERR ConnectionResetError(54, 'Connection reset by peer')")]
round 27 t=0.6s heap_inuse=3178496 heap_objects=7577 rss_kb=498304 maxrss=510263296 gor=5 bad=[('mp_5k_parts', "ERR ConnectionResetError(54, 'Connection reset by peer')"), ('json_deep12000', "ERR ConnectionResetError(54, 'Connection reset by peer')")]
round 28 t=0.3s heap_inuse=3170304 heap_objects=7603 rss_kb=498320 maxrss=510279680 gor=5 bad=[('mp_5k_parts', "ERR ConnectionResetError(54, 'Connection reset by peer')"), ('json_deep12000', "ERR ConnectionResetError(54, 'Connection reset by peer')")]
round 29 t=0.4s heap_inuse=3170304 heap_objects=7627 rss_kb=498336 maxrss=510296064 gor=5 bad=[('mp_5k_parts', "ERR ConnectionResetError(54, 'Connection reset by peer')"), ('json_deep12000', "ERR ConnectionResetError(54, 'Connection reset by peer')")]
round 30 t=0.5s heap_inuse=3203072 heap_objects=7641 rss_kb=498352 maxrss=510312448 gor=5 bad=[('mp_5k_parts', "ERR ConnectionResetError(54, 'Connection reset by peer')"), ('json_deep12000', "ERR ConnectionResetError(54, 'Connection reset by peer')")]
round 31 t=0.2s heap_inuse=3227648 heap_objects=7659 rss_kb=498368 maxrss=510328832 gor=5 bad=[('mp_5k_parts', "ERR ConnectionResetError(54, 'Connection reset by peer')"), ('json_deep12000', "ERR ConnectionResetError(54, 'Connection reset by peer')")]
round 32 t=0.3s heap_inuse=3194880 heap_objects=7669 rss_kb=498368 maxrss=510328832 gor=5 bad=[('mp_5k_parts', "ERR ConnectionResetError(54, 'Connection reset by peer')"), ('json_deep12000', "ERR ConnectionResetError(54, 'Connection reset by peer')")]
round 33 t=0.2s heap_inuse=3203072 heap_objects=7681 rss_kb=498368 maxrss=510328832 gor=5 bad=[('mp_5k_parts', "ERR ConnectionResetError(54, 'Connection reset by peer')"), ('json_deep12000', "ERR ConnectionResetError(54, 'Connection reset by peer')")]
round 34 t=0.2s heap_inuse=3178496 heap_objects=7709 rss_kb=498384 maxrss=510361600 gor=5 bad=[('mp_5k_parts', "ERR ConnectionResetError(54, 'Connection reset by peer')"), ('json_deep12000', "ERR ConnectionResetError(54, 'Connection reset by peer')")]
round 35 t=0.2s heap_inuse=3211264 heap_objects=7722 rss_kb=498416 maxrss=510377984 gor=5 bad=[('mp_5k_parts', "ERR ConnectionResetError(54, 'Connection reset by peer')"), ('json_deep12000', "ERR ConnectionResetError(54, 'Connection reset by peer')")]
round 36 t=0.1s heap_inuse=3235840 heap_objects=7737 rss_kb=498432 maxrss=510394368 gor=5 bad=[('mp_5k_parts', "ERR ConnectionResetError(54, 'Connection reset by peer')"), ('json_deep12000', "ERR ConnectionResetError(54, 'Connection reset by peer')")]
round 37 t=0.1s heap_inuse=3227648 heap_objects=7740 rss_kb=498448 maxrss=510410752 gor=5 bad=[('mp_5k_parts', "ERR ConnectionResetError(54, 'Connection reset by peer')"), ('json_deep12000', "ERR ConnectionResetError(54, 'Connection reset by peer')")]
round 38 t=0.2s heap_inuse=3219456 heap_objects=7758 rss_kb=498448 maxrss=510410752 gor=5 bad=[('mp_5k_parts', "ERR ConnectionResetError(54, 'Connection reset by peer')"), ('json_deep12000', "ERR ConnectionResetError(54, 'Connection reset by peer')")]
round 39 t=0.3s heap_inuse=3235840 heap_objects=7779 rss_kb=498464 maxrss=510427136 gor=5 bad=[('mp_5k_parts', "ERR ConnectionResetError(54, 'Connection reset by peer')"), ('json_deep12000', "ERR ConnectionResetError(54, 'Connection reset by peer')")]
