baseline {"goroutines": 5, "heap_alloc": 15793120, "heap_inuse": 17735680, "heap_objects": 8344, "maxrss": 52609024, "observed": 0, "sinks": 0, "sys": 40560160, "tainted_sinks": 0, "total_alloc": 22693208} rss_kb 51392
case hdr_1mb_single           bytes=  1040056 status='HTTP/1.1 204 No Content' t=0.00s heap_inuse=17752064 heap_objects=8627 rss_kb=59088 maxrss=60506112 gor=5 tainted_sinks=4/8
case hdr_1mb_invalid_utf8     bytes=  1040056 status='HTTP/1.1 204 No Content' t=0.00s heap_inuse=17760256 heap_objects=8685 rss_kb=59296 maxrss=60719104 gor=5 tainted_sinks=8/16
case hdr_32x30k               bytes=   930988 status='HTTP/1.1 204 No Content' t=0.00s heap_inuse=17760256 heap_objects=8731 rss_kb=60896 maxrss=62357504 gor=5 tainted_sinks=9/86
case hdr_64k_edge             bytes=    65620 status='HTTP/1.1 204 No Content' t=0.01s heap_inuse=17793024 heap_objects=8803 rss_kb=60960 maxrss=62423040 gor=5 tainted_sinks=16/96
case hdr_64k_plus1            bytes=    65593 status='HTTP/1.1 204 No Content' t=0.01s heap_inuse=17801216 heap_objects=8865 rss_kb=60976 maxrss=62439424 gor=5 tainted_sinks=20/104
case hdr_2000_names           bytes=    59827 status='HTTP/1.1 204 No Content' t=0.00s heap_inuse=17817600 heap_objects=8914 rss_kb=60992 maxrss=62455808 gor=5 tainted_sinks=21/268
case hdr_secret_small         bytes=      190 status='HTTP/1.1 204 No Content' t=0.02s heap_inuse=17907712 heap_objects=8994 rss_kb=61008 maxrss=62472192 gor=5 tainted_sinks=33/280
case hdr_invalid_name_utf8    bytes=       56 status='HTTP/1.1 400 Bad Request' t=0.00s heap_inuse=17907712 heap_objects=8994 rss_kb=61024 maxrss=62488576 gor=5 tainted_sinks=33/280
case q_10k_params             bytes=   177853 status='HTTP/1.1 204 No Content' t=0.00s heap_inuse=17899520 heap_objects=9029 rss_kb=61024 maxrss=62488576 gor=5 tainted_sinks=33/284
case q_20k_params             bytes=   257827 status='HTTP/1.1 204 No Content' t=0.00s heap_inuse=17899520 heap_objects=9061 rss_kb=61024 maxrss=62488576 gor=5 tainted_sinks=33/288
case q_invalid_raw_bytes      bytes=      231 status='HTTP/1.1 204 No Content' t=0.00s heap_inuse=17932288 heap_objects=9119 rss_kb=61040 maxrss=62504960 gor=5 tainted_sinks=39/294
case q_40_params_utf8         bytes=      579 status='HTTP/1.1 204 No Content' t=0.00s heap_inuse=18300928 heap_objects=9299 rss_kb=61168 maxrss=62636032 gor=5 tainted_sinks=84/340
case q_huge_value             bytes=  1000050 status='HTTP/1.1 204 No Content' t=0.01s heap_inuse=18300928 heap_objects=9331 rss_kb=63024 maxrss=64536576 gor=5 tainted_sinks=84/345
case q_60k_value              bytes=    60050 status='HTTP/1.1 204 No Content' t=0.01s heap_inuse=18309120 heap_objects=9386 rss_kb=63024 maxrss=64536576 gor=5 tainted_sinks=88/350
case q_bad_escapes            bytes=       77 status='HTTP/1.1 204 No Content' t=0.00s heap_inuse=18309120 heap_objects=9439 rss_kb=63040 maxrss=64552960 gor=5 tainted_sinks=89/355
case form_10k                 bytes=   147910 status='HTTP/1.1 204 No Content' t=0.00s heap_inuse=18300928 heap_objects=9480 rss_kb=63056 maxrss=64569344 gor=5 tainted_sinks=89/357
case form_40_invalid          bytes=    15629 status='HTTP/1.1 204 No Content' t=0.01s heap_inuse=18546688 heap_objects=9653 rss_kb=63088 maxrss=64602112 gor=5 tainted_sinks=132/401
case form_9mb                 bytes=  9000127 status='HTTP/1.1 204 No Content' t=0.04s heap_inuse=18546688 heap_objects=9686 rss_kb=92816 maxrss=95043584 gor=5 tainted_sinks=132/404
case mp_5k_parts              bytes=   424125 status="ERR ConnectionResetError(54, 'Connection reset by peer')" t=0.00s heap_inuse=18579456 heap_objects=9733 rss_kb=92816 maxrss=95043584 gor=5 tainted_sinks=132/406
case mp_900_parts             bytes=    75724 status='HTTP/1.1 204 No Content' t=0.01s heap_inuse=18620416 heap_objects=9783 rss_kb=92848 maxrss=95076352 gor=5 tainted_sinks=134/508
case mp_40_parts              bytes=  1203426 status='HTTP/1.1 204 No Content' t=0.13s heap_inuse=18669568 heap_objects=9861 rss_kb=93376 maxrss=95617024 gor=5 tainted_sinks=160/551
case mp_huge_filenames        bytes=  5002876 status='HTTP/1.1 204 No Content' t=0.05s heap_inuse=18661376 heap_objects=9929 rss_kb=93456 maxrss=95698944 gor=5 tainted_sinks=168/579
case mp_900_files             bytes=  2004426 status='HTTP/1.1 204 No Content' t=0.02s heap_inuse=18743296 heap_objects=9982 rss_kb=93568 maxrss=95813632 gor=5 tainted_sinks=171/682
case mp_malformed             bytes=      173 status='HTTP/1.1 204 No Content' t=0.00s heap_inuse=18735104 heap_objects=10016 rss_kb=93568 maxrss=95813632 gor=5 tainted_sinks=171/684
case readall_50mb             bytes= 50000080 status='HTTP/1.1 204 No Content' t=0.04s heap_inuse=18735104 heap_objects=10048 rss_kb=219856 maxrss=225132544 gor=5 tainted_sinks=171/688
case readall_64k              bytes=    64087 status='HTTP/1.1 204 No Content' t=0.02s heap_inuse=18726912 heap_objects=10100 rss_kb=219872 maxrss=225148928 gor=5 tainted_sinks=175/692
case readall_invalid          bytes=     1676 status='HTTP/1.1 204 No Content' t=0.00s heap_inuse=18726912 heap_objects=10153 rss_kb=219872 maxrss=225148928 gor=5 tainted_sinks=179/696
case json_deep9990            bytes=    20100 status='HTTP/1.1 204 No Content' t=0.00s heap_inuse=18751488 heap_objects=10208 rss_kb=219872 maxrss=225148928 gor=5 tainted_sinks=179/697
case jsonu_deep9990           bytes=    20101 status='HTTP/1.1 204 No Content' t=0.01s heap_inuse=18751488 heap_objects=10241 rss_kb=219872 maxrss=225148928 gor=5 tainted_sinks=179/698
case json_deep12000           bytes=    24120 status="ERR ConnectionResetError(54, 'Connection reset by peer')" t=0.00s heap_inuse=18751488 heap_objects=10276 rss_kb=219872 maxrss=225148928 gor=5 tainted_sinks=179/699
case jsonu_deep12000          bytes=    24121 status='HTTP/1.1 204 No Content' t=0.00s heap_inuse=18751488 heap_objects=10308 rss_kb=219872 maxrss=225148928 gor=5 tainted_sinks=179/700
case json_deepobj             bytes=    60061 status='HTTP/1.1 204 No Content' t=0.00s heap_inuse=18776064 heap_objects=10340 rss_kb=219872 maxrss=225148928 gor=5 tainted_sinks=179/701
case jsonu_deepobj            bytes=    60062 status='HTTP/1.1 204 No Content' t=0.01s heap_inuse=18792448 heap_objects=10373 rss_kb=219920 maxrss=225198080 gor=5 tainted_sinks=179/702
case json_escapes             bytes=   640124 status='HTTP/1.1 204 No Content' t=0.01s heap_inuse=18792448 heap_objects=10406 rss_kb=219920 maxrss=225198080 gor=5 tainted_sinks=179/704
case jsonu_escapes            bytes=   640125 status='HTTP/1.1 204 No Content' t=0.01s heap_inuse=18800640 heap_objects=10446 rss_kb=219936 maxrss=225214464 gor=5 tainted_sinks=179/706
case json_escapes_small       bytes=    30140 status='HTTP/1.1 204 No Content' t=0.01s heap_inuse=18800640 heap_objects=10495 rss_kb=219968 maxrss=225247232 gor=5 tainted_sinks=181/708
case jsonu_escapes_small      bytes=    30141 status='HTTP/1.1 204 No Content' t=0.01s heap_inuse=18792448 heap_objects=10544 rss_kb=219968 maxrss=225247232 gor=5 tainted_sinks=183/710
case json_many                bytes=   296798 status='HTTP/1.1 204 No Content' t=0.01s heap_inuse=18825216 heap_objects=10576 rss_kb=219968 maxrss=225247232 gor=5 tainted_sinks=183/811
case jsonu_many               bytes=   296799 status='HTTP/1.1 204 No Content' t=0.01s heap_inuse=18857984 heap_objects=10608 rss_kb=219984 maxrss=225263616 gor=5 tainted_sinks=183/912
case json_huge_str            bytes=  5000116 status='HTTP/1.1 204 No Content' t=0.04s heap_inuse=18857984 heap_objects=10642 rss_kb=219984 maxrss=225263616 gor=5 tainted_sinks=183/913
case jsonu_huge_str           bytes=  5000117 status='HTTP/1.1 204 No Content' t=0.09s heap_inuse=18857984 heap_objects=10677 rss_kb=219984 maxrss=225263616 gor=5 tainted_sinks=183/914
case json_invalid_utf8        bytes=     1727 status='HTTP/1.1 204 No Content' t=0.00s heap_inuse=18857984 heap_objects=10726 rss_kb=219984 maxrss=225263616 gor=5 tainted_sinks=185/916
case jsonu_invalid_utf8       bytes=     1728 status='HTTP/1.1 204 No Content' t=0.01s heap_inuse=18849792 heap_objects=10778 rss_kb=219984 maxrss=225263616 gor=5 tainted_sinks=187/918
case cookie_odd               bytes=      160 status='HTTP/1.1 400 Bad Request' t=0.00s heap_inuse=18857984 heap_objects=10779 rss_kb=219984 maxrss=225263616 gor=5 tainted_sinks=187/918
case cookie_odd_noctl         bytes=      174 status='HTTP/1.1 204 No Content' t=0.00s heap_inuse=18882560 heap_objects=10852 rss_kb=220000 maxrss=225280000 gor=5 tainted_sinks=196/941
case cookie_5k                bytes=    62848 status='HTTP/1.1 204 No Content' t=0.00s heap_inuse=18882560 heap_objects=10885 rss_kb=220000 maxrss=225280000 gor=5 tainted_sinks=196/941
case cookie_900k_value        bytes=   900064 status='HTTP/1.1 204 No Content' t=0.01s heap_inuse=18882560 heap_objects=10917 rss_kb=220000 maxrss=225280000 gor=5 tainted_sinks=196/945
case cookie_multi_header      bytes=    14942 status='HTTP/1.1 204 No Content' t=0.01s heap_inuse=19398656 heap_objects=11164 rss_kb=220112 maxrss=225394688 gor=5 tainted_sinks=452/2146
case prop_16                  bytes=       79 status='HTTP/1.1 204 No Content' t=0.01s heap_inuse=19398656 heap_objects=11285 rss_kb=220128 maxrss=225411072 gor=5 tainted_sinks=479/2174
case prop_1024                bytes=     1080 status='HTTP/1.1 204 No Content' t=0.02s heap_inuse=19734528 heap_objects=11521 rss_kb=220144 maxrss=225427456 gor=5 tainted_sinks=562/2356
case prop_8192                bytes=     8256 status='HTTP/1.1 204 No Content' t=0.09s heap_inuse=19947520 heap_objects=11757 rss_kb=220176 maxrss=225460224 gor=5 tainted_sinks=643/2578
case prop_hdr_invalid         bytes=      866 status='HTTP/1.1 204 No Content' t=0.02s heap_inuse=19947520 heap_objects=11877 rss_kb=220192 maxrss=225476608 gor=5 tainted_sinks=669/2607
case exploit_sqli             bytes=       80 status='HTTP/1.1 204 No Content' t=0.00s heap_inuse=19955712 heap_objects=11926 rss_kb=220208 maxrss=225492992 gor=5 tainted_sinks=671/2609
case exploit_sqli_num         bytes=       74 status='HTTP/1.1 204 No Content' t=0.00s heap_inuse=19955712 heap_objects=11975 rss_kb=220208 maxrss=225492992 gor=5 tainted_sinks=673/2611
spans 52 with_json 30
round 0 t=0.2s heap_inuse=18006016 heap_objects=8728 rss_kb=319456 maxrss=327122944 gor=5 bad=[('mp_5k_parts', "ERR ConnectionResetError(54, 'Connection reset by peer')"), ('json_deep12000', "ERR ConnectionResetError(54, 'Connection reset by peer')")]
round 1 t=0.3s heap_inuse=18030592 heap_objects=8766 rss_kb=320208 maxrss=327892992 gor=5 bad=[('mp_5k_parts', "ERR ConnectionResetError(54, 'Connection reset by peer')"), ('json_deep12000', "ERR ConnectionResetError(54, 'Connection reset by peer')")]
round 2 t=0.4s heap_inuse=18120704 heap_objects=8794 rss_kb=381376 maxrss=390529024 gor=5 bad=[('mp_5k_parts', "ERR ConnectionResetError(54, 'Connection reset by peer')"), ('json_deep12000', "ERR ConnectionResetError(54, 'Connection reset by peer')")]
round 3 t=0.3s heap_inuse=18063360 heap_objects=8815 rss_kb=381456 maxrss=390610944 gor=5 bad=[('mp_5k_parts', "ERR ConnectionResetError(54, 'Connection reset by peer')"), ('json_deep12000', "ERR ConnectionResetError(54, 'Connection reset by peer')")]
round 4 t=0.3s heap_inuse=18128896 heap_objects=8845 rss_kb=381600 maxrss=390758400 gor=5 bad=[('mp_5k_parts', "ERR ConnectionResetError(54, 'Connection reset by peer')"), ('json_deep12000', "ERR ConnectionResetError(54, 'Connection reset by peer')")]
round 5 t=0.3s heap_inuse=18128896 heap_objects=8857 rss_kb=381616 maxrss=390774784 gor=5 bad=[('mp_5k_parts', "ERR ConnectionResetError(54, 'Connection reset by peer')"), ('json_deep12000', "ERR ConnectionResetError(54, 'Connection reset by peer')")]
round 6 t=0.2s heap_inuse=18169856 heap_objects=8871 rss_kb=381648 maxrss=390807552 gor=5 bad=[('mp_5k_parts', "ERR ConnectionResetError(54, 'Connection reset by peer')"), ('json_deep12000', "ERR ConnectionResetError(54, 'Connection reset by peer')")]
round 7 t=0.4s heap_inuse=18227200 heap_objects=8890 rss_kb=381760 maxrss=390922240 gor=5 bad=[('mp_5k_parts', "ERR ConnectionResetError(54, 'Connection reset by peer')"), ('json_deep12000', "ERR ConnectionResetError(54, 'Connection reset by peer')")]
round 8 t=0.3s heap_inuse=18235392 heap_objects=8905 rss_kb=381808 maxrss=390971392 gor=5 bad=[('mp_5k_parts', "ERR ConnectionResetError(54, 'Connection reset by peer')"), ('json_deep12000', "ERR ConnectionResetError(54, 'Connection reset by peer')")]
round 9 t=0.3s heap_inuse=18210816 heap_objects=8924 rss_kb=381824 maxrss=390987776 gor=5 bad=[('mp_5k_parts', "ERR ConnectionResetError(54, 'Connection reset by peer')"), ('json_deep12000', "ERR ConnectionResetError(54, 'Connection reset by peer')")]
round 10 t=0.3s heap_inuse=18300928 heap_objects=8958 rss_kb=381856 maxrss=391020544 gor=5 bad=[('mp_5k_parts', "ERR ConnectionResetError(54, 'Connection reset by peer')"), ('json_deep12000', "ERR ConnectionResetError(54, 'Connection reset by peer')")]
round 11 t=0.3s heap_inuse=18309120 heap_objects=8990 rss_kb=381872 maxrss=391036928 gor=5 bad=[('mp_5k_parts', "ERR ConnectionResetError(54, 'Connection reset by peer')"), ('json_deep12000', "ERR ConnectionResetError(54, 'Connection reset by peer')")]
round 12 t=0.4s heap_inuse=18309120 heap_objects=9023 rss_kb=381888 maxrss=391053312 gor=5 bad=[('mp_5k_parts', "ERR ConnectionResetError(54, 'Connection reset by peer')"), ('json_deep12000', "ERR ConnectionResetError(54, 'Connection reset by peer')")]
round 13 t=0.3s heap_inuse=18333696 heap_objects=9037 rss_kb=381888 maxrss=391053312 gor=5 bad=[('mp_5k_parts', "ERR ConnectionResetError(54, 'Connection reset by peer')"), ('json_deep12000', "ERR ConnectionResetError(54, 'Connection reset by peer')")]
round 14 t=0.3s heap_inuse=18341888 heap_objects=9049 rss_kb=381888 maxrss=391053312 gor=5 bad=[('mp_5k_parts', "ERR ConnectionResetError(54, 'Connection reset by peer')"), ('json_deep12000', "ERR ConnectionResetError(54, 'Connection reset by peer')")]
round 15 t=0.3s heap_inuse=18382848 heap_objects=9064 rss_kb=381888 maxrss=391053312 gor=5 bad=[('mp_5k_parts', "ERR ConnectionResetError(54, 'Connection reset by peer')"), ('json_deep12000', "ERR ConnectionResetError(54, 'Connection reset by peer')")]
round 16 t=0.4s heap_inuse=18366464 heap_objects=9089 rss_kb=381920 maxrss=391086080 gor=5 bad=[('mp_5k_parts', "ERR ConnectionResetError(54, 'Connection reset by peer')"), ('json_deep12000', "ERR ConnectionResetError(54, 'Connection reset by peer')")]
round 17 t=0.3s heap_inuse=18358272 heap_objects=9107 rss_kb=381952 maxrss=391118848 gor=5 bad=[('mp_5k_parts', "ERR ConnectionResetError(54, 'Connection reset by peer')"), ('json_deep12000', "ERR ConnectionResetError(54, 'Connection reset by peer')")]
round 18 t=0.4s heap_inuse=18325504 heap_objects=9123 rss_kb=381984 maxrss=391151616 gor=5 bad=[('mp_5k_parts', "ERR ConnectionResetError(54, 'Connection reset by peer')"), ('json_deep12000', "ERR ConnectionResetError(54, 'Connection reset by peer')")]
round 19 t=0.4s heap_inuse=18374656 heap_objects=9145 rss_kb=382048 maxrss=391217152 gor=5 bad=[('mp_5k_parts', "ERR ConnectionResetError(54, 'Connection reset by peer')"), ('json_deep12000', "ERR ConnectionResetError(54, 'Connection reset by peer')")]
round 20 t=0.5s heap_inuse=18333696 heap_objects=9169 rss_kb=382048 maxrss=391217152 gor=5 bad=[('mp_5k_parts', "ERR ConnectionResetError(54, 'Connection reset by peer')"), ('json_deep12000', "ERR ConnectionResetError(54, 'Connection reset by peer')")]
round 21 t=0.3s heap_inuse=18382848 heap_objects=9186 rss_kb=382048 maxrss=391217152 gor=5 bad=[('mp_5k_parts', "ERR ConnectionResetError(54, 'Connection reset by peer')"), ('json_deep12000', "ERR ConnectionResetError(54, 'Connection reset by peer')")]
round 22 t=0.4s heap_inuse=18374656 heap_objects=9202 rss_kb=382048 maxrss=391217152 gor=5 bad=[('mp_5k_parts', "ERR ConnectionResetError(54, 'Connection reset by peer')"), ('json_deep12000', "ERR ConnectionResetError(54, 'Connection reset by peer')")]
round 23 t=0.3s heap_inuse=18399232 heap_objects=9216 rss_kb=382080 maxrss=391249920 gor=5 bad=[('mp_5k_parts', "ERR ConnectionResetError(54, 'Connection reset by peer')"), ('json_deep12000', "ERR ConnectionResetError(54, 'Connection reset by peer')")]
round 24 t=0.3s heap_inuse=18407424 heap_objects=9232 rss_kb=382112 maxrss=391282688 gor=5 bad=[('mp_5k_parts', "ERR ConnectionResetError(54, 'Connection reset by peer')"), ('json_deep12000', "ERR ConnectionResetError(54, 'Connection reset by peer')")]
round 25 t=0.4s heap_inuse=18407424 heap_objects=9249 rss_kb=382112 maxrss=391282688 gor=5 bad=[('mp_5k_parts', "ERR ConnectionResetError(54, 'Connection reset by peer')"), ('json_deep12000', "ERR ConnectionResetError(54, 'Connection reset by peer')")]
round 26 t=0.3s heap_inuse=18432000 heap_objects=9275 rss_kb=382144 maxrss=391315456 gor=5 bad=[('mp_5k_parts', "ERR ConnectionResetError(54, 'Connection reset by peer')"), ('json_deep12000', "ERR ConnectionResetError(54, 'Connection reset by peer')")]
round 27 t=0.4s heap_inuse=18399232 heap_objects=9298 rss_kb=382160 maxrss=391331840 gor=5 bad=[('mp_5k_parts', "ERR ConnectionResetError(54, 'Connection reset by peer')"), ('json_deep12000', "ERR ConnectionResetError(54, 'Connection reset by peer')")]
round 28 t=0.3s heap_inuse=18407424 heap_objects=9312 rss_kb=382176 maxrss=391348224 gor=5 bad=[('mp_5k_parts', "ERR ConnectionResetError(54, 'Connection reset by peer')"), ('json_deep12000', "ERR ConnectionResetError(54, 'Connection reset by peer')")]
round 29 t=0.3s heap_inuse=18440192 heap_objects=9317 rss_kb=382256 maxrss=391430144 gor=5 bad=[('mp_5k_parts', "ERR ConnectionResetError(54, 'Connection reset by peer')"), ('json_deep12000', "ERR ConnectionResetError(54, 'Connection reset by peer')")]
round 30 t=0.3s heap_inuse=18407424 heap_objects=9337 rss_kb=382304 maxrss=391479296 gor=5 bad=[('mp_5k_parts', "ERR ConnectionResetError(54, 'Connection reset by peer')"), ('json_deep12000', "ERR ConnectionResetError(54, 'Connection reset by peer')")]
round 31 t=0.3s heap_inuse=18423808 heap_objects=9361 rss_kb=382368 maxrss=391544832 gor=5 bad=[('mp_5k_parts', "ERR ConnectionResetError(54, 'Connection reset by peer')"), ('json_deep12000', "ERR ConnectionResetError(54, 'Connection reset by peer')")]
round 32 t=0.3s heap_inuse=18415616 heap_objects=9374 rss_kb=382368 maxrss=391544832 gor=5 bad=[('mp_5k_parts', "ERR ConnectionResetError(54, 'Connection reset by peer')"), ('json_deep12000', "ERR ConnectionResetError(54, 'Connection reset by peer')")]
round 33 t=0.2s heap_inuse=18448384 heap_objects=9382 rss_kb=382368 maxrss=391544832 gor=5 bad=[('mp_5k_parts', "ERR ConnectionResetError(54, 'Connection reset by peer')"), ('json_deep12000', "ERR ConnectionResetError(54, 'Connection reset by peer')")]
round 34 t=0.2s heap_inuse=18456576 heap_objects=9402 rss_kb=382384 maxrss=391561216 gor=5 bad=[('mp_5k_parts', "ERR ConnectionResetError(54, 'Connection reset by peer')"), ('json_deep12000', "ERR ConnectionResetError(54, 'Connection reset by peer')")]
round 35 t=0.3s heap_inuse=18472960 heap_objects=9424 rss_kb=382384 maxrss=391561216 gor=5 bad=[('mp_5k_parts', "ERR ConnectionResetError(54, 'Connection reset by peer')"), ('json_deep12000', "ERR ConnectionResetError(54, 'Connection reset by peer')")]
round 36 t=0.3s heap_inuse=18464768 heap_objects=9445 rss_kb=382416 maxrss=391593984 gor=5 bad=[('mp_5k_parts', "ERR ConnectionResetError(54, 'Connection reset by peer')"), ('json_deep12000', "ERR ConnectionResetError(54, 'Connection reset by peer')")]
round 37 t=0.3s heap_inuse=18448384 heap_objects=9470 rss_kb=382416 maxrss=391593984 gor=5 bad=[('mp_5k_parts', "ERR ConnectionResetError(54, 'Connection reset by peer')"), ('json_deep12000', "ERR ConnectionResetError(54, 'Connection reset by peer')")]
round 38 t=0.3s heap_inuse=18489344 heap_objects=9480 rss_kb=382416 maxrss=391593984 gor=5 bad=[('mp_5k_parts', "ERR ConnectionResetError(54, 'Connection reset by peer')"), ('json_deep12000', "ERR ConnectionResetError(54, 'Connection reset by peer')")]
round 39 t=0.2s heap_inuse=18464768 heap_objects=9487 rss_kb=382416 maxrss=391593984 gor=5 bad=[('mp_5k_parts', "ERR ConnectionResetError(54, 'Connection reset by peer')"), ('json_deep12000', "ERR ConnectionResetError(54, 'Connection reset by peer')")]
