Command:
  cd /tmp/ddiast-review/wt/fx-life-admission-F1 &&
  /usr/bin/time -l env GOFLAGS=-p=4 GOTOOLCHAIN=go1.27.0 \
    go tool orchestrion go test ./iast/net/http \
    -run TestIndependentLifeAdmissionDisconnect -count=1 -v -timeout 4m

Captured output:
# encoding/json
$WORK/b104/orchestrion/src/encoding/json/<generated>:2: dec.r undefined (type *Decoder has no field or method r)
$WORK/b104/orchestrion/src/encoding/json/<generated>:2: dec.d undefined (type *Decoder has no field or method d)
$WORK/b104/orchestrion/src/encoding/json/<generated>:3: dec.d undefined (type *Decoder has no field or method d)
exit status 2
# crypto/md5
resolving woven dependency on github.com/DataDog/dd-iast-go/internal/instrumentation/telemetry: -: # encoding/json
sending never-build-twice request: exit status 2
-: # encoding/json
sending never-build-twice request: exit status 2
# crypto/des
resolving woven dependency on github.com/DataDog/dd-iast-go/internal/instrumentation/telemetry: -: # encoding/json
sending never-build-twice request: exit status 2
-: # encoding/json
sending never-build-twice request: exit status 2
# crypto/sha1
resolving woven dependency on github.com/DataDog/dd-iast-go/internal/instrumentation/telemetry: -: # encoding/json
sending never-build-twice request: exit status 2
-: # encoding/json
sending never-build-twice request: exit status 2
# crypto/rc4
resolving woven dependency on github.com/DataDog/dd-iast-go/internal/instrumentation/telemetry: -: # encoding/json
sending never-build-twice request: exit status 2
-: # encoding/json
sending never-build-twice request: exit status 2
FAIL	github.com/DataDog/dd-iast-go/iast/net/http [build failed]
FAIL
exit status 1
      122.85 real        61.52 user        46.67 sys
           296353792  maximum resident set size
                   0  average shared memory size
                   0  average unshared data size
                   0  average unshared stack size
             6284075  page reclaims
              242762  page faults
                   0  swaps
                   0  block input operations
                   0  block output operations
                8471  messages sent
                9260  messages received
               55789  signals received
               37432  voluntary context switches
             1223962  involuntary context switches
          5563109626  instructions retired
          4636858257  cycles elapsed
            42615360  peak memory footprint
