# cmd: /tmp/ddiast-review/wt/crash-stress-app/stress-race -duration 5m -clients 256 -dumpdir /tmp/ddiast-review/wt/crash-stress-app/dumps-race -agent 127.0.0.1:18130
# env: DD_IAST_REQUEST_SAMPLING=100 DD_IAST_MAX_CONCURRENT_REQUESTS=64 DD_IAST_DEDUPLICATION_ENABLED=false DD_IAST_VULNERABILITIES_PER_REQUEST=8 GOTRACEBACK=all
13:18:57.637104 woven=true go=go1.26.6 clients=256 duration=5m0s GOMAXPROCS=16 env: sampling=100 maxconc=64 dedup=false vulns=8
13:19:10.831024 STALL: no progress for 0s, oldest in-flight 10.639073333s -> goroutine dump /tmp/ddiast-review/wt/crash-stress-app/dumps-race/goroutines-1.txt
13:19:13.651359 t= 16s done=1988 rps=124 analyzed=887 sinkT=819 sinkU=1016 sql=4149 exec=103 err=0 canc=144 oldest=12.427s gor=1369 heap=78MiB storeValues=12210 storeCharged=935712 falseTaint=0 bleed=0/194 poolBleed=0 agentSQL=665 agentCMD=24
13:19:29.672773 t= 32s done=5326 rps=166 analyzed=1680 sinkT=1618 sinkU=1932 sql=11115 exec=270 err=0 canc=304 oldest=7.298s gor=1375 heap=114MiB storeValues=13645 storeCharged=739784 falseTaint=0 bleed=0/954 poolBleed=0 agentSQL=1132 agentCMD=36
13:19:40.860146 STALL: no progress for 0s, oldest in-flight 11.815353s -> goroutine dump /tmp/ddiast-review/wt/crash-stress-app/dumps-race/goroutines-2.txt
13:19:44.678771 t= 47s done=7007 rps=149 analyzed=2082 sinkT=1998 sinkU=2505 sql=14786 exec=341 err=0 canc=387 oldest=14.468s gor=1392 heap=83MiB storeValues=13917 storeCharged=1078440 falseTaint=0 bleed=0/1577 poolBleed=0 agentSQL=1412 agentCMD=43
2026/09/23 13:19:56 Datadog Tracer v2.11.0-rc.1 ERROR: loading features: Get "http://127.0.0.1:18130/info": dial tcp 127.0.0.1:18130: connect: connection refused (occurred: 23 Sep 26 13:18 CEST)
13:20:00.710905 t= 63s done=8409 rps=133 analyzed=2413 sinkT=2291 sinkU=2962 sql=17761 exec=429 err=0 canc=464 oldest=20.661s gor=1401 heap=121MiB storeValues=13221 storeCharged=3009776 falseTaint=0 bleed=0/2186 poolBleed=0 agentSQL=1580 agentCMD=47
13:20:10.882668 STALL: no progress for 0s, oldest in-flight 11.317020583s -> goroutine dump /tmp/ddiast-review/wt/crash-stress-app/dumps-race/goroutines-3.txt
13:20:15.809306 t= 78s done=10244 rps=131 analyzed=2858 sinkT=2727 sinkU=3454 sql=21733 exec=531 err=0 canc=552 oldest=9.991s gor=1384 heap=91MiB storeValues=9966 storeCharged=395104 falseTaint=0 bleed=0/3042 poolBleed=0 agentSQL=1858 agentCMD=57
13:20:31.725786 t= 94s done=12704 rps=135 analyzed=3450 sinkT=3290 sinkU=4138 sql=27042 exec=666 err=0 canc=682 oldest=8.347s gor=1378 heap=132MiB storeValues=11777 storeCharged=2692760 falseTaint=0 bleed=0/4322 poolBleed=0 agentSQL=2251 agentCMD=70
13:20:40.817801 STALL: no progress for 0s, oldest in-flight 10.273666625s -> goroutine dump /tmp/ddiast-review/wt/crash-stress-app/dumps-race/goroutines-4.txt
13:20:46.663371 t=109s done=14715 rps=135 analyzed=3927 sinkT=3750 sinkU=4774 sql=31523 exec=765 err=0 canc=775 oldest=11.773s gor=1414 heap=100MiB storeValues=9881 storeCharged=935320 falseTaint=0 bleed=0/5490 poolBleed=0 agentSQL=2589 agentCMD=81
13:21:01.814970 t=124s done=15844 rps=128 analyzed=4194 sinkT=3999 sinkU=5056 sql=33955 exec=828 err=0 canc=835 oldest=17.912s gor=1362 heap=139MiB storeValues=11652 storeCharged=1285544 falseTaint=0 bleed=0/6103 poolBleed=0 agentSQL=2761 agentCMD=85
13:21:17.945867 t=140s done=16954 rps=121 analyzed=4479 sinkT=4282 sinkU=5310 sql=36388 exec=898 err=0 canc=903 oldest=24.464s gor=1426 heap=101MiB storeValues=13483 storeCharged=949672 falseTaint=0 bleed=0/6797 poolBleed=0 agentSQL=2953 agentCMD=91
13:21:34.152546 t=156s done=17654 rps=113 analyzed=4654 sinkT=4437 sinkU=5516 sql=37861 exec=935 err=0 canc=939 oldest=30.865s gor=1418 heap=117MiB storeValues=15406 storeCharged=1133872 falseTaint=0 bleed=0/7251 poolBleed=0 agentSQL=3059 agentCMD=91
13:21:48.854504 t=171s done=18347 rps=107 analyzed=4816 sinkT=4588 sinkU=5742 sql=39372 exec=966 err=0 canc=973 oldest=38.07s gor=1401 heap=106MiB storeValues=11132 storeCharged=466296 falseTaint=0 bleed=0/7719 poolBleed=0 agentSQL=3154 agentCMD=93
13:22:03.820610 t=186s done=18856 rps=101 analyzed=4934 sinkT=4710 sinkU=5850 sql=40450 exec=999 err=0 canc=998 oldest=32.332s gor=1382 heap=101MiB storeValues=10693 storeCharged=1475744 falseTaint=0 bleed=0/8023 poolBleed=0 agentSQL=3235 agentCMD=95
13:22:19.801743 t=202s done=19904 rps=99 analyzed=5228 sinkT=4995 sinkU=6137 sql=42561 exec=1049 err=0 canc=1050 oldest=27.247s gor=1422 heap=93MiB storeValues=8903 storeCharged=504880 falseTaint=0 bleed=0/8617 poolBleed=0 agentSQL=3419 agentCMD=97
13:22:34.670683 t=217s done=21437 rps=99 analyzed=5595 sinkT=5347 sinkU=6538 sql=45862 exec=1136 err=0 canc=1132 oldest=15.345s gor=1366 heap=132MiB storeValues=14969 storeCharged=4797192 falseTaint=0 bleed=0/9459 poolBleed=0 agentSQL=3680 agentCMD=106
13:22:49.679687 t=232s done=23954 rps=103 analyzed=6183 sinkT=5918 sinkU=7324 sql=51201 exec=1247 err=0 canc=1259 oldest=10.401s gor=1371 heap=112MiB storeValues=12279 storeCharged=2501056 falseTaint=0 bleed=0/10872 poolBleed=0 agentSQL=4004 agentCMD=113
13:23:05.772446 t=248s done=25382 rps=102 analyzed=6549 sinkT=6263 sinkU=7741 sql=54229 exec=1322 err=0 canc=1323 oldest=17.078s gor=1390 heap=83MiB storeValues=12905 storeCharged=784824 falseTaint=0 bleed=0/11795 poolBleed=0 agentSQL=4245 agentCMD=125
13:23:20.674389 t=263s done=26470 rps=101 analyzed=6800 sinkT=6504 sinkU=8075 sql=56549 exec=1380 err=0 canc=1386 oldest=24.145s gor=1403 heap=80MiB storeValues=11089 storeCharged=508680 falseTaint=0 bleed=0/12433 poolBleed=0 agentSQL=4408 agentCMD=126
13:23:35.812713 t=278s done=28450 rps=102 analyzed=7244 sinkT=6951 sinkU=8600 sql=60708 exec=1481 err=0 canc=1486 oldest=12.361s gor=1331 heap=147MiB storeValues=11513 storeCharged=580720 falseTaint=0 bleed=0/13619 poolBleed=0 agentSQL=4699 agentCMD=140
13:23:50.684811 t=293s done=30246 rps=103 analyzed=7679 sinkT=7363 sinkU=9123 sql=64348 exec=1578 err=0 canc=1583 oldest=12.447s gor=1402 heap=118MiB storeValues=9346 storeCharged=593640 falseTaint=0 bleed=0/14771 poolBleed=0 agentSQL=5003 agentCMD=149
13:23:58.964642 load phase finished: 31032 requests in 5m1s
13:24:00.995945 quiescent store: values=0 charged=0 acquireDrops=0
