orchestrion.tool.go
=== RUN   TestFxParseFormReparseRace
    repro_test.go:22: woven=false
--- PASS: TestFxParseFormReparseRace (0.00s)
=== RUN   TestFxParseFormReparseRace
    repro_test.go:22: woven=false
--- PASS: TestFxParseFormReparseRace (0.00s)
=== RUN   TestFxParseFormReparseRace
    repro_test.go:22: woven=false
--- PASS: TestFxParseFormReparseRace (0.00s)
=== RUN   TestFxParseFormReparseRace
    repro_test.go:22: woven=false
--- PASS: TestFxParseFormReparseRace (0.00s)
=== RUN   TestFxParseFormReparseRace
    repro_test.go:22: woven=false
--- PASS: TestFxParseFormReparseRace (0.00s)
=== RUN   TestFxParseFormReparseRace
    repro_test.go:22: woven=false
--- PASS: TestFxParseFormReparseRace (0.00s)
PASS
ok  	example.com/fxrepro	1.450s
rc=0
