=== RUN   TestReviewGCLifecycleNoLossNoRetention
    review_gc_internal_test.go:170: admissionDrops=70 iterations=1130 emitted=1130 failures=0 aliveSpans=0 aliveAnnotations=0 storeSize=0 processSourceBytes=0
--- PASS: TestReviewGCLifecycleNoLossNoRetention (5.49s)
=== RUN   TestReviewContextOnlyReachability
--- PASS: TestReviewContextOnlyReachability (0.02s)
=== RUN   TestReviewAbandonedSpanReclaimed
    review_gc_internal_test.go:242: charge before trim=25 after=0 storeSize=0
--- PASS: TestReviewAbandonedSpanReclaimed (0.01s)
=== RUN   TestReviewSampledOutRequestsStarveActiveRequest
    review_gc_internal_test.go:278: store.Size=2 activeAdmitted=true BindScope=0x0 ExistingForOwner=false ExistingForSpan=false(0x0) orphanAnnotation=0x0
    review_gc_internal_test.go:284: BUG: admitted active request has no annotation; every tainted finding for it is dropped (ReportTainted returns false at vulnerability/tainted.go:62-67)
--- FAIL: TestReviewSampledOutRequestsStarveActiveRequest (0.01s)
=== RUN   TestReviewSampledOutStarvationRate
    review_gc_internal_test.go:327: inflight= 2 admitted-active= 1211 without-annotation=    0 (0.0%)
    review_gc_internal_test.go:327: inflight= 3 admitted-active= 1747 without-annotation=  544 (31.1%)
    review_gc_internal_test.go:327: inflight= 4 admitted-active= 2207 without-annotation=  987 (44.7%)
    review_gc_internal_test.go:327: inflight= 8 admitted-active= 3368 without-annotation= 2137 (63.5%)
    review_gc_internal_test.go:327: inflight=16 admitted-active= 3933 without-annotation= 2757 (70.1%)
--- PASS: TestReviewSampledOutStarvationRate (0.29s)
=== RUN   TestReviewLateBindAfterRootFinishLeaksSlot
    review_gc_internal_test.go:356: store.Size after two finished requests with late child spans = 2
    review_gc_internal_test.go:360: next active admitted=true annotation=0x0
    review_gc_internal_test.go:362: BUG: stale entries keyed on finished roots block a new active request
    review_gc_internal_test.go:372: store.Size after late children finished (roots still reachable) = 2
    review_gc_internal_test.go:377: store.Size after roots unreachable + GC + trim = 0
--- FAIL: TestReviewLateBindAfterRootFinishLeaksSlot (0.03s)
=== RUN   TestReviewLateBindActiveScopeSilentlyDropsCommittedFinding
    review_gc_internal_test.go:400: lateAnnotation=0x37f6c93cbb08 ExistingForOwner=true committed=true rootFinished=true
    review_gc_internal_test.go:406: BUG: finding committed to an annotation of an already-finished root; it can never be emitted (store still holds it: true)
--- FAIL: TestReviewLateBindActiveScopeSilentlyDropsCommittedFinding (0.01s)
=== RUN   TestReviewFinishedAllocatesPerSpan
    review_gc_internal_test.go:426: config.Enabled=true store.Size=0 allocs per Finished(never-annotated span)=1.00
    review_gc_internal_test.go:426: config.Enabled=false store.Size=0 allocs per Finished(never-annotated span)=1.00
--- PASS: TestReviewFinishedAllocatesPerSpan (0.01s)
=== RUN   TestReviewAdmissionDropsUnderConcurrency
    review_gc_internal_test.go:458: forceGC=false concurrency=8 capacity=64 admitted=1200 dropped=0
    review_gc_internal_test.go:458: forceGC=true concurrency=8 capacity=64 admitted=1168 dropped=32
--- PASS: TestReviewAdmissionDropsUnderConcurrency (0.42s)
=== RUN   TestReviewSpanPoolRecycledRootInheritsStaleAnnotation
=== RUN   TestReviewSpanPoolRecycledRootInheritsStaleAnnotation/sampled-bleed
    review_pool_internal_test.go:100: attempts=1 recycledSameObject=true newRootSpanID=5330668604210372643 scopeActive=true BindScope==stale:true staleSampled=true vulnerabilitiesAlreadyOnNewRequest=1
    review_pool_internal_test.go:104: BUG (cross-request bleed): new request root inherited trace A's annotation carrying 1 foreign finding(s)
=== RUN   TestReviewSpanPoolRecycledRootInheritsStaleAnnotation/negative-starve
    review_pool_internal_test.go:100: attempts=1 recycledSameObject=true newRootSpanID=6454681093992345773 scopeActive=true BindScope==stale:false staleSampled=false vulnerabilitiesAlreadyOnNewRequest=0
    review_pool_internal_test.go:106: BUG (false negative): active admitted request inherited trace A's negative decision; BindScope returned nil
--- FAIL: TestReviewSpanPoolRecycledRootInheritsStaleAnnotation (0.23s)
    --- FAIL: TestReviewSpanPoolRecycledRootInheritsStaleAnnotation/sampled-bleed (0.21s)
    --- FAIL: TestReviewSpanPoolRecycledRootInheritsStaleAnnotation/negative-starve (0.02s)
FAIL
FAIL	github.com/DataDog/dd-iast-go/internal/spans	7.277s
FAIL
