=== RUN   TestRaceHuntParseFormReparse
    zz_parseform_race_test.go:29: woven=false
--- PASS: TestRaceHuntParseFormReparse (0.01s)
=== RUN   TestRaceHuntConcurrentWovenRequests
    zz_racehunt_test.go:98: goroutine sinks=1920 spans=480 spansWithIAST=0
--- PASS: TestRaceHuntConcurrentWovenRequests (0.17s)
=== RUN   TestRaceHuntParseFormReparse
    zz_parseform_race_test.go:29: woven=false
--- PASS: TestRaceHuntParseFormReparse (0.01s)
=== RUN   TestRaceHuntConcurrentWovenRequests
    zz_racehunt_test.go:98: goroutine sinks=1920 spans=480 spansWithIAST=0
--- PASS: TestRaceHuntConcurrentWovenRequests (0.17s)
=== RUN   TestRaceHuntParseFormReparse
    zz_parseform_race_test.go:29: woven=false
--- PASS: TestRaceHuntParseFormReparse (0.01s)
=== RUN   TestRaceHuntConcurrentWovenRequests
    zz_racehunt_test.go:98: goroutine sinks=1920 spans=480 spansWithIAST=0
--- PASS: TestRaceHuntConcurrentWovenRequests (0.18s)
=== RUN   TestRaceHuntParseFormReparse
    zz_parseform_race_test.go:29: woven=false
--- PASS: TestRaceHuntParseFormReparse (0.01s)
=== RUN   TestRaceHuntConcurrentWovenRequests
    zz_racehunt_test.go:98: goroutine sinks=1920 spans=480 spansWithIAST=0
--- PASS: TestRaceHuntConcurrentWovenRequests (0.24s)
=== RUN   TestRaceHuntParseFormReparse
    zz_parseform_race_test.go:29: woven=false
--- PASS: TestRaceHuntParseFormReparse (0.01s)
=== RUN   TestRaceHuntConcurrentWovenRequests
    zz_racehunt_test.go:98: goroutine sinks=1920 spans=480 spansWithIAST=0
--- PASS: TestRaceHuntConcurrentWovenRequests (0.26s)
=== RUN   TestRaceHuntParseFormReparse
    zz_parseform_race_test.go:29: woven=false
--- PASS: TestRaceHuntParseFormReparse (0.01s)
=== RUN   TestRaceHuntConcurrentWovenRequests
    zz_racehunt_test.go:98: goroutine sinks=1920 spans=480 spansWithIAST=0
--- PASS: TestRaceHuntConcurrentWovenRequests (0.28s)
PASS
ok  	github.com/DataDog/dd-iast-go/testapps/integration	3.094s
