=== RUN   TestRaceHuntParseFormReparseIASTDisabled
    zz_parseform_race_test.go:42: woven=true iastEnabled=false
==================
WARNING: DATA RACE
Read at 0x00c000278450 by goroutine 24:
  net/http.(*Request).FormValue()
      /Users/eliott.bouhana/go/pkg/mod/golang.org/toolchain@v0.0.1-go1.26.6.darwin-arm64/src/net/http/request.go:1420 +0xac
  github.com/DataDog/dd-iast-go/testapps/integration_test.raceHuntParseFormReparse.func1.2()
      /tmp/ddiast-review/wt/crash-race-hunt/iast/integration/testapp/zz_parseform_race_test.go:64 +0xa8

Previous write at 0x00c000278450 by goroutine 23:
  net/http.(*Request).ParseForm.func1()
      <generated>:4 +0xbc
  runtime.deferreturn()
      /Users/eliott.bouhana/go/pkg/mod/golang.org/toolchain@v0.0.1-go1.26.6.darwin-arm64/src/runtime/panic.go:668 +0x5c
  github.com/DataDog/dd-iast-go/testapps/integration_test.raceHuntParseFormReparse.func1.1()
      /tmp/ddiast-review/wt/crash-race-hunt/iast/integration/testapp/zz_parseform_race_test.go:58 +0x88

Goroutine 24 (running) created at:
  github.com/DataDog/dd-iast-go/testapps/integration_test.raceHuntParseFormReparse.func1()
      /tmp/ddiast-review/wt/crash-race-hunt/iast/integration/testapp/zz_parseform_race_test.go:61 +0x1e8
  net/http.HandlerFunc.ServeHTTP()
      /Users/eliott.bouhana/go/pkg/mod/golang.org/toolchain@v0.0.1-go1.26.6.darwin-arm64/src/net/http/server.go:2284 +0x48
  net/http.serverHandler.ServeHTTP()
      /Users/eliott.bouhana/go/pkg/mod/golang.org/toolchain@v0.0.1-go1.26.6.darwin-arm64/src/net/http/server.go:3309 +0x580
  net/http.(*conn).serve()
      /Users/eliott.bouhana/go/pkg/mod/golang.org/toolchain@v0.0.1-go1.26.6.darwin-arm64/src/net/http/server.go:2067 +0xa30
  net/http.(*Server).Serve.gowrap3()
      /Users/eliott.bouhana/go/pkg/mod/golang.org/toolchain@v0.0.1-go1.26.6.darwin-arm64/src/net/http/server.go:3462 +0x40

Goroutine 23 (finished) created at:
  github.com/DataDog/dd-iast-go/testapps/integration_test.raceHuntParseFormReparse.func1()
      /tmp/ddiast-review/wt/crash-race-hunt/iast/integration/testapp/zz_parseform_race_test.go:55 +0x150
  net/http.HandlerFunc.ServeHTTP()
      /Users/eliott.bouhana/go/pkg/mod/golang.org/toolchain@v0.0.1-go1.26.6.darwin-arm64/src/net/http/server.go:2284 +0x48
  net/http.serverHandler.ServeHTTP()
      /Users/eliott.bouhana/go/pkg/mod/golang.org/toolchain@v0.0.1-go1.26.6.darwin-arm64/src/net/http/server.go:3309 +0x580
  net/http.(*conn).serve()
      /Users/eliott.bouhana/go/pkg/mod/golang.org/toolchain@v0.0.1-go1.26.6.darwin-arm64/src/net/http/server.go:2067 +0xa30
  net/http.(*Server).Serve.gowrap3()
      /Users/eliott.bouhana/go/pkg/mod/golang.org/toolchain@v0.0.1-go1.26.6.darwin-arm64/src/net/http/server.go:3462 +0x40
==================
==================
WARNING: DATA RACE
Read at 0x00c000278450 by goroutine 24:
  net/http.(*Request).FormValue()
      /Users/eliott.bouhana/go/pkg/mod/golang.org/toolchain@v0.0.1-go1.26.6.darwin-arm64/src/net/http/request.go:1423 +0xc8
  github.com/DataDog/dd-iast-go/testapps/integration_test.raceHuntParseFormReparse.func1.2()
      /tmp/ddiast-review/wt/crash-race-hunt/iast/integration/testapp/zz_parseform_race_test.go:64 +0xa8

Previous write at 0x00c000278450 by goroutine 23:
  net/http.(*Request).ParseForm.func1()
      <generated>:4 +0xbc
  runtime.deferreturn()
      /Users/eliott.bouhana/go/pkg/mod/golang.org/toolchain@v0.0.1-go1.26.6.darwin-arm64/src/runtime/panic.go:668 +0x5c
  github.com/DataDog/dd-iast-go/testapps/integration_test.raceHuntParseFormReparse.func1.1()
      /tmp/ddiast-review/wt/crash-race-hunt/iast/integration/testapp/zz_parseform_race_test.go:58 +0x88

Goroutine 24 (running) created at:
  github.com/DataDog/dd-iast-go/testapps/integration_test.raceHuntParseFormReparse.func1()
      /tmp/ddiast-review/wt/crash-race-hunt/iast/integration/testapp/zz_parseform_race_test.go:61 +0x1e8
  net/http.HandlerFunc.ServeHTTP()
      /Users/eliott.bouhana/go/pkg/mod/golang.org/toolchain@v0.0.1-go1.26.6.darwin-arm64/src/net/http/server.go:2284 +0x48
  net/http.serverHandler.ServeHTTP()
      /Users/eliott.bouhana/go/pkg/mod/golang.org/toolchain@v0.0.1-go1.26.6.darwin-arm64/src/net/http/server.go:3309 +0x580
  net/http.(*conn).serve()
      /Users/eliott.bouhana/go/pkg/mod/golang.org/toolchain@v0.0.1-go1.26.6.darwin-arm64/src/net/http/server.go:2067 +0xa30
  net/http.(*Server).Serve.gowrap3()
      /Users/eliott.bouhana/go/pkg/mod/golang.org/toolchain@v0.0.1-go1.26.6.darwin-arm64/src/net/http/server.go:3462 +0x40

Goroutine 23 (finished) created at:
  github.com/DataDog/dd-iast-go/testapps/integration_test.raceHuntParseFormReparse.func1()
      /tmp/ddiast-review/wt/crash-race-hunt/iast/integration/testapp/zz_parseform_race_test.go:55 +0x150
  net/http.HandlerFunc.ServeHTTP()
      /Users/eliott.bouhana/go/pkg/mod/golang.org/toolchain@v0.0.1-go1.26.6.darwin-arm64/src/net/http/server.go:2284 +0x48
  net/http.serverHandler.ServeHTTP()
      /Users/eliott.bouhana/go/pkg/mod/golang.org/toolchain@v0.0.1-go1.26.6.darwin-arm64/src/net/http/server.go:3309 +0x580
  net/http.(*conn).serve()
      /Users/eliott.bouhana/go/pkg/mod/golang.org/toolchain@v0.0.1-go1.26.6.darwin-arm64/src/net/http/server.go:2067 +0xa30
  net/http.(*Server).Serve.gowrap3()
      /Users/eliott.bouhana/go/pkg/mod/golang.org/toolchain@v0.0.1-go1.26.6.darwin-arm64/src/net/http/server.go:3462 +0x40
==================
==================
WARNING: DATA RACE
Read at 0x00c000278458 by goroutine 24:
  github.com/DataDog/dd-iast-go/testapps/integration_test.raceHuntParseFormReparse.func1.2()
      /tmp/ddiast-review/wt/crash-race-hunt/iast/integration/testapp/zz_parseform_race_test.go:65 +0xb8

Previous write at 0x00c000278458 by goroutine 23:
  net/http.(*Request).ParseForm.func1()
      <generated>:4 +0xf4
  runtime.deferreturn()
      /Users/eliott.bouhana/go/pkg/mod/golang.org/toolchain@v0.0.1-go1.26.6.darwin-arm64/src/runtime/panic.go:668 +0x5c
  github.com/DataDog/dd-iast-go/testapps/integration_test.raceHuntParseFormReparse.func1.1()
      /tmp/ddiast-review/wt/crash-race-hunt/iast/integration/testapp/zz_parseform_race_test.go:58 +0x88

Goroutine 24 (running) created at:
  github.com/DataDog/dd-iast-go/testapps/integration_test.raceHuntParseFormReparse.func1()
      /tmp/ddiast-review/wt/crash-race-hunt/iast/integration/testapp/zz_parseform_race_test.go:61 +0x1e8
  net/http.HandlerFunc.ServeHTTP()
      /Users/eliott.bouhana/go/pkg/mod/golang.org/toolchain@v0.0.1-go1.26.6.darwin-arm64/src/net/http/server.go:2284 +0x48
  net/http.serverHandler.ServeHTTP()
      /Users/eliott.bouhana/go/pkg/mod/golang.org/toolchain@v0.0.1-go1.26.6.darwin-arm64/src/net/http/server.go:3309 +0x580
  net/http.(*conn).serve()
      /Users/eliott.bouhana/go/pkg/mod/golang.org/toolchain@v0.0.1-go1.26.6.darwin-arm64/src/net/http/server.go:2067 +0xa30
  net/http.(*Server).Serve.gowrap3()
      /Users/eliott.bouhana/go/pkg/mod/golang.org/toolchain@v0.0.1-go1.26.6.darwin-arm64/src/net/http/server.go:3462 +0x40

Goroutine 23 (finished) created at:
  github.com/DataDog/dd-iast-go/testapps/integration_test.raceHuntParseFormReparse.func1()
      /tmp/ddiast-review/wt/crash-race-hunt/iast/integration/testapp/zz_parseform_race_test.go:55 +0x150
  net/http.HandlerFunc.ServeHTTP()
      /Users/eliott.bouhana/go/pkg/mod/golang.org/toolchain@v0.0.1-go1.26.6.darwin-arm64/src/net/http/server.go:2284 +0x48
  net/http.serverHandler.ServeHTTP()
      /Users/eliott.bouhana/go/pkg/mod/golang.org/toolchain@v0.0.1-go1.26.6.darwin-arm64/src/net/http/server.go:3309 +0x580
  net/http.(*conn).serve()
      /Users/eliott.bouhana/go/pkg/mod/golang.org/toolchain@v0.0.1-go1.26.6.darwin-arm64/src/net/http/server.go:2067 +0xa30
  net/http.(*Server).Serve.gowrap3()
      /Users/eliott.bouhana/go/pkg/mod/golang.org/toolchain@v0.0.1-go1.26.6.darwin-arm64/src/net/http/server.go:3462 +0x40
==================
    testing.go:1712: race detected during execution of test
--- FAIL: TestRaceHuntParseFormReparseIASTDisabled (0.03s)
FAIL
FAIL	github.com/DataDog/dd-iast-go/testapps/integration	1.051s
FAIL
