go version go1.26.6 darwin/arm64
fuzz: elapsed: 1s, gathering baseline coverage: 0/1178 completed
fuzz: elapsed: 2s, gathering baseline coverage: 1178/1178 completed, now fuzzing with 2 workers
fuzz: elapsed: 4s, execs: 10956 (3651/sec), new interesting: 15 (total: 1193)
fuzz: elapsed: 7s, execs: 38524 (9189/sec), new interesting: 22 (total: 1200)
fuzz: elapsed: 10s, execs: 66465 (9316/sec), new interesting: 29 (total: 1207)
fuzz: elapsed: 13s, execs: 95190 (9573/sec), new interesting: 34 (total: 1212)
fuzz: elapsed: 16s, execs: 122171 (8994/sec), new interesting: 40 (total: 1218)
fuzz: elapsed: 19s, execs: 148991 (8940/sec), new interesting: 43 (total: 1221)
fuzz: elapsed: 22s, execs: 175747 (8919/sec), new interesting: 49 (total: 1227)
fuzz: elapsed: 25s, execs: 201797 (8684/sec), new interesting: 55 (total: 1233)
fuzz: elapsed: 28s, execs: 228285 (8829/sec), new interesting: 61 (total: 1239)
fuzz: elapsed: 31s, execs: 256618 (9443/sec), new interesting: 68 (total: 1246)
fuzz: elapsed: 34s, execs: 283370 (8917/sec), new interesting: 74 (total: 1252)
fuzz: elapsed: 37s, execs: 311146 (9259/sec), new interesting: 82 (total: 1260)
fuzz: elapsed: 40s, execs: 337873 (8910/sec), new interesting: 99 (total: 1277)
fuzz: elapsed: 43s, execs: 364987 (9037/sec), new interesting: 119 (total: 1297)
fuzz: elapsed: 46s, execs: 393929 (9647/sec), new interesting: 121 (total: 1299)
fuzz: elapsed: 49s, execs: 421720 (9264/sec), new interesting: 122 (total: 1300)
fuzz: elapsed: 52s, execs: 448645 (8975/sec), new interesting: 124 (total: 1302)
fuzz: elapsed: 55s, execs: 476453 (9269/sec), new interesting: 124 (total: 1302)
fuzz: elapsed: 58s, execs: 505035 (9529/sec), new interesting: 126 (total: 1304)
fuzz: elapsed: 1m1s, execs: 532925 (9297/sec), new interesting: 126 (total: 1304)
fuzz: elapsed: 1m4s, execs: 560583 (9218/sec), new interesting: 128 (total: 1306)
fuzz: elapsed: 1m7s, execs: 588095 (9172/sec), new interesting: 130 (total: 1308)
fuzz: elapsed: 1m10s, execs: 615828 (9243/sec), new interesting: 131 (total: 1309)
fuzz: elapsed: 1m13s, execs: 643122 (9098/sec), new interesting: 133 (total: 1311)
fuzz: elapsed: 1m16s, execs: 666510 (7798/sec), new interesting: 133 (total: 1311)
fuzz: elapsed: 1m19s, execs: 691184 (8222/sec), new interesting: 134 (total: 1312)
fuzz: elapsed: 1m22s, execs: 718533 (9117/sec), new interesting: 135 (total: 1313)
fuzz: elapsed: 1m25s, execs: 747107 (9524/sec), new interesting: 136 (total: 1314)
fuzz: elapsed: 1m28s, execs: 774252 (9050/sec), new interesting: 137 (total: 1315)
fuzz: elapsed: 1m31s, execs: 802576 (9440/sec), new interesting: 137 (total: 1315)
fuzz: elapsed: 1m34s, execs: 830428 (9284/sec), new interesting: 138 (total: 1316)
fuzz: elapsed: 1m37s, execs: 856278 (8619/sec), new interesting: 147 (total: 1325)
fuzz: elapsed: 1m40s, execs: 884414 (9376/sec), new interesting: 158 (total: 1336)
fuzz: elapsed: 1m43s, execs: 913622 (9736/sec), new interesting: 159 (total: 1337)
fuzz: elapsed: 1m46s, execs: 941745 (9374/sec), new interesting: 160 (total: 1338)
fuzz: elapsed: 1m49s, execs: 969272 (9177/sec), new interesting: 160 (total: 1338)
fuzz: elapsed: 1m52s, execs: 997258 (9327/sec), new interesting: 161 (total: 1339)
fuzz: elapsed: 1m55s, execs: 1022924 (8555/sec), new interesting: 161 (total: 1339)
fuzz: elapsed: 1m58s, execs: 1049825 (8968/sec), new interesting: 161 (total: 1339)
fuzz: elapsed: 2m1s, execs: 1076578 (8915/sec), new interesting: 161 (total: 1339)
fuzz: elapsed: 2m4s, execs: 1102472 (8636/sec), new interesting: 162 (total: 1340)
fuzz: elapsed: 2m7s, execs: 1127465 (8329/sec), new interesting: 162 (total: 1340)
fuzz: elapsed: 2m10s, execs: 1150530 (7688/sec), new interesting: 162 (total: 1340)
fuzz: elapsed: 2m13s, execs: 1172936 (7469/sec), new interesting: 162 (total: 1340)
fuzz: elapsed: 2m16s, execs: 1196584 (7885/sec), new interesting: 162 (total: 1340)
fuzz: elapsed: 2m19s, execs: 1221166 (8194/sec), new interesting: 162 (total: 1340)
fuzz: elapsed: 2m22s, execs: 1243311 (7380/sec), new interesting: 162 (total: 1340)
fuzz: elapsed: 2m25s, execs: 1266320 (7669/sec), new interesting: 163 (total: 1341)
fuzz: elapsed: 2m28s, execs: 1292227 (8634/sec), new interesting: 164 (total: 1342)
fuzz: elapsed: 2m31s, execs: 1318983 (8920/sec), new interesting: 164 (total: 1342)
fuzz: elapsed: 2m34s, execs: 1347428 (9482/sec), new interesting: 165 (total: 1343)
fuzz: elapsed: 2m37s, execs: 1374956 (9176/sec), new interesting: 165 (total: 1343)
fuzz: elapsed: 2m40s, execs: 1402260 (9101/sec), new interesting: 165 (total: 1343)
fuzz: elapsed: 2m43s, execs: 1429466 (9071/sec), new interesting: 169 (total: 1347)
fuzz: elapsed: 2m46s, execs: 1458872 (9801/sec), new interesting: 169 (total: 1347)
fuzz: elapsed: 2m49s, execs: 1486889 (9339/sec), new interesting: 170 (total: 1348)
fuzz: elapsed: 2m52s, execs: 1514439 (9181/sec), new interesting: 171 (total: 1349)
fuzz: elapsed: 2m55s, execs: 1543239 (9602/sec), new interesting: 171 (total: 1349)
fuzz: elapsed: 2m58s, execs: 1570814 (9190/sec), new interesting: 171 (total: 1349)
fuzz: elapsed: 3m1s, execs: 1598353 (9180/sec), new interesting: 171 (total: 1349)
fuzz: elapsed: 3m4s, execs: 1627448 (9698/sec), new interesting: 171 (total: 1349)
fuzz: elapsed: 3m7s, execs: 1654863 (9141/sec), new interesting: 171 (total: 1349)
fuzz: elapsed: 3m10s, execs: 1682985 (9371/sec), new interesting: 171 (total: 1349)
fuzz: elapsed: 3m13s, execs: 1708656 (8557/sec), new interesting: 172 (total: 1350)
fuzz: elapsed: 3m16s, execs: 1736547 (9300/sec), new interesting: 172 (total: 1350)
fuzz: elapsed: 3m19s, execs: 1765133 (9525/sec), new interesting: 173 (total: 1351)
fuzz: elapsed: 3m22s, execs: 1792326 (9066/sec), new interesting: 174 (total: 1352)
fuzz: elapsed: 3m25s, execs: 1820247 (9308/sec), new interesting: 174 (total: 1352)
fuzz: elapsed: 3m28s, execs: 1848901 (9549/sec), new interesting: 175 (total: 1353)
fuzz: elapsed: 3m31s, execs: 1875457 (8852/sec), new interesting: 175 (total: 1353)
fuzz: elapsed: 3m34s, execs: 1901961 (8837/sec), new interesting: 176 (total: 1354)
fuzz: elapsed: 3m37s, execs: 1928528 (8853/sec), new interesting: 176 (total: 1354)
fuzz: elapsed: 3m40s, execs: 1950929 (7469/sec), new interesting: 179 (total: 1357)
fuzz: elapsed: 3m43s, execs: 1973556 (7543/sec), new interesting: 181 (total: 1359)
fuzz: elapsed: 3m46s, execs: 1994135 (6858/sec), new interesting: 182 (total: 1360)
fuzz: elapsed: 3m49s, execs: 2023419 (9761/sec), new interesting: 183 (total: 1361)
fuzz: elapsed: 3m52s, execs: 2052521 (9701/sec), new interesting: 183 (total: 1361)
fuzz: elapsed: 3m55s, execs: 2081262 (9581/sec), new interesting: 183 (total: 1361)
fuzz: elapsed: 3m58s, execs: 2109342 (9362/sec), new interesting: 185 (total: 1363)
fuzz: elapsed: 4m1s, execs: 2136948 (9201/sec), new interesting: 186 (total: 1364)
fuzz: elapsed: 4m4s, execs: 2164330 (9126/sec), new interesting: 186 (total: 1364)
fuzz: elapsed: 4m7s, execs: 2193075 (9582/sec), new interesting: 186 (total: 1364)
fuzz: elapsed: 4m10s, execs: 2221190 (9372/sec), new interesting: 186 (total: 1364)
fuzz: elapsed: 4m13s, execs: 2249689 (9501/sec), new interesting: 186 (total: 1364)
fuzz: elapsed: 4m16s, execs: 2273808 (8039/sec), new interesting: 186 (total: 1364)
fuzz: elapsed: 4m19s, execs: 2300401 (8864/sec), new interesting: 186 (total: 1364)
fuzz: elapsed: 4m22s, execs: 2327729 (9109/sec), new interesting: 186 (total: 1364)
fuzz: elapsed: 4m25s, execs: 2356190 (9490/sec), new interesting: 187 (total: 1365)
fuzz: elapsed: 4m28s, execs: 2384143 (9316/sec), new interesting: 187 (total: 1365)
fuzz: elapsed: 4m31s, execs: 2412074 (9310/sec), new interesting: 189 (total: 1367)
fuzz: elapsed: 4m34s, execs: 2440965 (9630/sec), new interesting: 189 (total: 1367)
fuzz: elapsed: 4m37s, execs: 2469914 (9650/sec), new interesting: 189 (total: 1367)
fuzz: elapsed: 4m40s, execs: 2496666 (8917/sec), new interesting: 189 (total: 1367)
fuzz: elapsed: 4m43s, execs: 2525581 (9638/sec), new interesting: 189 (total: 1367)
fuzz: elapsed: 4m46s, execs: 2552911 (9111/sec), new interesting: 189 (total: 1367)
fuzz: elapsed: 4m49s, execs: 2581616 (9567/sec), new interesting: 190 (total: 1368)
fuzz: elapsed: 4m52s, execs: 2609167 (9185/sec), new interesting: 192 (total: 1370)
fuzz: elapsed: 4m55s, execs: 2638886 (9904/sec), new interesting: 194 (total: 1372)
fuzz: elapsed: 4m58s, execs: 2668722 (9945/sec), new interesting: 194 (total: 1372)
fuzz: elapsed: 5m1s, execs: 2696978 (9419/sec), new interesting: 194 (total: 1372)
fuzz: elapsed: 5m4s, execs: 2725118 (9381/sec), new interesting: 194 (total: 1372)
fuzz: elapsed: 5m7s, execs: 2753786 (9556/sec), new interesting: 195 (total: 1373)
fuzz: elapsed: 5m10s, execs: 2781115 (9110/sec), new interesting: 195 (total: 1373)
fuzz: elapsed: 5m13s, execs: 2810204 (9696/sec), new interesting: 195 (total: 1373)
fuzz: elapsed: 5m16s, execs: 2838488 (9431/sec), new interesting: 196 (total: 1374)
fuzz: elapsed: 5m19s, execs: 2865799 (9100/sec), new interesting: 196 (total: 1374)
fuzz: elapsed: 5m22s, execs: 2890652 (8285/sec), new interesting: 196 (total: 1374)
fuzz: elapsed: 5m25s, execs: 2918275 (9208/sec), new interesting: 196 (total: 1374)
fuzz: elapsed: 5m28s, execs: 2948179 (9971/sec), new interesting: 196 (total: 1374)
fuzz: elapsed: 5m31s, execs: 2975472 (9095/sec), new interesting: 197 (total: 1375)
fuzz: elapsed: 5m34s, execs: 3004696 (9741/sec), new interesting: 197 (total: 1375)
fuzz: elapsed: 5m37s, execs: 3032214 (9173/sec), new interesting: 197 (total: 1375)
fuzz: elapsed: 5m40s, execs: 3061836 (9874/sec), new interesting: 197 (total: 1375)
fuzz: elapsed: 5m43s, execs: 3090525 (9563/sec), new interesting: 197 (total: 1375)
fuzz: elapsed: 5m46s, execs: 3117948 (9143/sec), new interesting: 197 (total: 1375)
fuzz: elapsed: 5m49s, execs: 3147204 (9750/sec), new interesting: 198 (total: 1376)
fuzz: elapsed: 5m52s, execs: 3173887 (8894/sec), new interesting: 199 (total: 1377)
fuzz: elapsed: 5m55s, execs: 3201647 (9255/sec), new interesting: 199 (total: 1377)
fuzz: elapsed: 5m58s, execs: 3229823 (9390/sec), new interesting: 202 (total: 1380)
fuzz: elapsed: 6m1s, execs: 3258287 (9488/sec), new interesting: 203 (total: 1381)
fuzz: elapsed: 6m4s, execs: 3287642 (9785/sec), new interesting: 204 (total: 1382)
fuzz: elapsed: 6m7s, execs: 3315856 (9407/sec), new interesting: 204 (total: 1382)
fuzz: elapsed: 6m10s, execs: 3343734 (9293/sec), new interesting: 204 (total: 1382)
fuzz: elapsed: 6m13s, execs: 3372706 (9654/sec), new interesting: 204 (total: 1382)
fuzz: elapsed: 6m16s, execs: 3399862 (9053/sec), new interesting: 204 (total: 1382)
fuzz: elapsed: 6m19s, execs: 3429056 (9731/sec), new interesting: 204 (total: 1382)
fuzz: elapsed: 6m22s, execs: 3457807 (9585/sec), new interesting: 204 (total: 1382)
fuzz: elapsed: 6m25s, execs: 3485979 (9390/sec), new interesting: 204 (total: 1382)
fuzz: elapsed: 6m28s, execs: 3512915 (8978/sec), new interesting: 204 (total: 1382)
fuzz: elapsed: 6m31s, execs: 3540816 (9300/sec), new interesting: 205 (total: 1383)
fuzz: elapsed: 6m34s, execs: 3569952 (9713/sec), new interesting: 205 (total: 1383)
fuzz: elapsed: 6m37s, execs: 3598742 (9599/sec), new interesting: 205 (total: 1383)
fuzz: elapsed: 6m40s, execs: 3625954 (9068/sec), new interesting: 205 (total: 1383)
fuzz: elapsed: 6m43s, execs: 3653751 (9266/sec), new interesting: 205 (total: 1383)
fuzz: elapsed: 6m46s, execs: 3683175 (9808/sec), new interesting: 205 (total: 1383)
fuzz: elapsed: 6m49s, execs: 3711431 (9419/sec), new interesting: 206 (total: 1384)
fuzz: elapsed: 6m52s, execs: 3739942 (9504/sec), new interesting: 206 (total: 1384)
fuzz: elapsed: 6m55s, execs: 3768985 (9683/sec), new interesting: 206 (total: 1384)
fuzz: elapsed: 6m58s, execs: 3795777 (8929/sec), new interesting: 206 (total: 1384)
fuzz: elapsed: 7m1s, execs: 3819846 (8023/sec), new interesting: 206 (total: 1384)
fuzz: elapsed: 7m4s, execs: 3846920 (9026/sec), new interesting: 206 (total: 1384)
fuzz: elapsed: 7m7s, execs: 3875364 (9481/sec), new interesting: 207 (total: 1385)
fuzz: elapsed: 7m10s, execs: 3901002 (8546/sec), new interesting: 207 (total: 1385)
fuzz: elapsed: 7m13s, execs: 3928475 (9158/sec), new interesting: 207 (total: 1385)
fuzz: elapsed: 7m16s, execs: 3956743 (9421/sec), new interesting: 207 (total: 1385)
fuzz: elapsed: 7m19s, execs: 3985772 (9676/sec), new interesting: 207 (total: 1385)
fuzz: elapsed: 7m22s, execs: 4014202 (9477/sec), new interesting: 207 (total: 1385)
fuzz: elapsed: 7m25s, execs: 4042130 (9312/sec), new interesting: 207 (total: 1385)
fuzz: elapsed: 7m28s, execs: 4070560 (9475/sec), new interesting: 207 (total: 1385)
fuzz: elapsed: 7m31s, execs: 4095819 (8419/sec), new interesting: 207 (total: 1385)
fuzz: elapsed: 7m34s, execs: 4122566 (8918/sec), new interesting: 208 (total: 1386)
fuzz: elapsed: 7m37s, execs: 4148315 (8583/sec), new interesting: 208 (total: 1386)
fuzz: elapsed: 7m40s, execs: 4174790 (8823/sec), new interesting: 208 (total: 1386)
fuzz: elapsed: 7m43s, execs: 4203396 (9536/sec), new interesting: 208 (total: 1386)
fuzz: elapsed: 7m46s, execs: 4228928 (8510/sec), new interesting: 208 (total: 1386)
fuzz: elapsed: 7m49s, execs: 4256313 (9131/sec), new interesting: 208 (total: 1386)
fuzz: elapsed: 7m52s, execs: 4282635 (8773/sec), new interesting: 208 (total: 1386)
fuzz: elapsed: 7m55s, execs: 4310631 (9332/sec), new interesting: 208 (total: 1386)
fuzz: elapsed: 7m58s, execs: 4336524 (8630/sec), new interesting: 208 (total: 1386)
fuzz: elapsed: 8m1s, execs: 4365944 (9810/sec), new interesting: 208 (total: 1386)
fuzz: elapsed: 8m4s, execs: 4394188 (9412/sec), new interesting: 208 (total: 1386)
fuzz: elapsed: 8m7s, execs: 4421325 (9046/sec), new interesting: 208 (total: 1386)
fuzz: elapsed: 8m10s, execs: 4449441 (9375/sec), new interesting: 208 (total: 1386)
fuzz: elapsed: 8m13s, execs: 4476640 (9065/sec), new interesting: 211 (total: 1389)
fuzz: elapsed: 8m16s, execs: 4504627 (9328/sec), new interesting: 211 (total: 1389)
fuzz: elapsed: 8m19s, execs: 4532559 (9311/sec), new interesting: 211 (total: 1389)
fuzz: elapsed: 8m22s, execs: 4559834 (9093/sec), new interesting: 211 (total: 1389)
fuzz: elapsed: 8m25s, execs: 4586520 (8893/sec), new interesting: 211 (total: 1389)
fuzz: elapsed: 8m28s, execs: 4613105 (8864/sec), new interesting: 211 (total: 1389)
fuzz: elapsed: 8m31s, execs: 4638440 (8443/sec), new interesting: 211 (total: 1389)
fuzz: elapsed: 8m34s, execs: 4666206 (9258/sec), new interesting: 211 (total: 1389)
fuzz: elapsed: 8m37s, execs: 4692663 (8817/sec), new interesting: 211 (total: 1389)
fuzz: elapsed: 8m40s, execs: 4719520 (8955/sec), new interesting: 211 (total: 1389)
fuzz: elapsed: 8m43s, execs: 4745109 (8528/sec), new interesting: 211 (total: 1389)
fuzz: elapsed: 8m46s, execs: 4770894 (8597/sec), new interesting: 211 (total: 1389)
fuzz: elapsed: 8m49s, execs: 4786004 (5037/sec), new interesting: 211 (total: 1389)
fuzz: elapsed: 8m52s, execs: 4811993 (8663/sec), new interesting: 211 (total: 1389)
fuzz: elapsed: 8m55s, execs: 4838189 (8732/sec), new interesting: 211 (total: 1389)
fuzz: elapsed: 8m58s, execs: 4864238 (8683/sec), new interesting: 211 (total: 1389)
fuzz: elapsed: 9m1s, execs: 4890590 (8783/sec), new interesting: 211 (total: 1389)
fuzz: elapsed: 9m4s, execs: 4916488 (8631/sec), new interesting: 211 (total: 1389)
fuzz: elapsed: 9m7s, execs: 4942038 (8509/sec), new interesting: 211 (total: 1389)
fuzz: elapsed: 9m10s, execs: 4966957 (8312/sec), new interesting: 211 (total: 1389)
fuzz: elapsed: 9m13s, execs: 4989880 (7644/sec), new interesting: 211 (total: 1389)
fuzz: elapsed: 9m16s, execs: 5015343 (8486/sec), new interesting: 211 (total: 1389)
fuzz: elapsed: 9m19s, execs: 5042005 (8888/sec), new interesting: 211 (total: 1389)
fuzz: elapsed: 9m22s, execs: 5067437 (8473/sec), new interesting: 212 (total: 1390)
fuzz: elapsed: 9m25s, execs: 5094809 (9129/sec), new interesting: 212 (total: 1390)
fuzz: elapsed: 9m28s, execs: 5122845 (9344/sec), new interesting: 212 (total: 1390)
fuzz: elapsed: 9m31s, execs: 5149434 (8862/sec), new interesting: 214 (total: 1392)
fuzz: elapsed: 9m34s, execs: 5177310 (9293/sec), new interesting: 215 (total: 1393)
fuzz: elapsed: 9m37s, execs: 5203820 (8838/sec), new interesting: 215 (total: 1393)
fuzz: elapsed: 9m40s, execs: 5229418 (8533/sec), new interesting: 215 (total: 1393)
fuzz: elapsed: 9m43s, execs: 5255941 (8841/sec), new interesting: 215 (total: 1393)
fuzz: elapsed: 9m46s, execs: 5283784 (9279/sec), new interesting: 216 (total: 1394)
fuzz: elapsed: 9m49s, execs: 5309965 (8727/sec), new interesting: 216 (total: 1394)
fuzz: elapsed: 9m52s, execs: 5335408 (8481/sec), new interesting: 216 (total: 1394)
fuzz: elapsed: 9m55s, execs: 5361275 (8623/sec), new interesting: 216 (total: 1394)
fuzz: elapsed: 9m58s, execs: 5389241 (9322/sec), new interesting: 216 (total: 1394)
fuzz: elapsed: 10m1s, execs: 5414810 (8522/sec), new interesting: 216 (total: 1394)
fuzz: elapsed: 10m4s, execs: 5440513 (8569/sec), new interesting: 216 (total: 1394)
fuzz: elapsed: 10m7s, execs: 5466086 (8522/sec), new interesting: 216 (total: 1394)
fuzz: elapsed: 10m10s, execs: 5494624 (9513/sec), new interesting: 216 (total: 1394)
fuzz: elapsed: 10m13s, execs: 5522964 (9448/sec), new interesting: 216 (total: 1394)
fuzz: elapsed: 10m16s, execs: 5549952 (8995/sec), new interesting: 217 (total: 1395)
fuzz: elapsed: 10m19s, execs: 5578570 (9540/sec), new interesting: 217 (total: 1395)
fuzz: elapsed: 10m22s, execs: 5606023 (9150/sec), new interesting: 217 (total: 1395)
fuzz: elapsed: 10m25s, execs: 5634579 (9519/sec), new interesting: 218 (total: 1396)
fuzz: elapsed: 10m28s, execs: 5661219 (8883/sec), new interesting: 218 (total: 1396)
fuzz: elapsed: 10m31s, execs: 5687536 (8772/sec), new interesting: 220 (total: 1398)
fuzz: elapsed: 10m34s, execs: 5714198 (8888/sec), new interesting: 220 (total: 1398)
fuzz: elapsed: 10m37s, execs: 5741166 (8986/sec), new interesting: 220 (total: 1398)
fuzz: elapsed: 10m40s, execs: 5768012 (8951/sec), new interesting: 220 (total: 1398)
fuzz: elapsed: 10m43s, execs: 5794736 (8908/sec), new interesting: 221 (total: 1399)
fuzz: elapsed: 10m46s, execs: 5821834 (9032/sec), new interesting: 221 (total: 1399)
fuzz: elapsed: 10m49s, execs: 5844014 (7393/sec), new interesting: 221 (total: 1399)
fuzz: elapsed: 10m52s, execs: 5862633 (6205/sec), new interesting: 221 (total: 1399)
fuzz: elapsed: 10m55s, execs: 5881535 (6301/sec), new interesting: 221 (total: 1399)
fuzz: elapsed: 10m58s, execs: 5908185 (8883/sec), new interesting: 221 (total: 1399)
fuzz: elapsed: 11m1s, execs: 5934417 (8746/sec), new interesting: 221 (total: 1399)
fuzz: elapsed: 11m4s, execs: 5961149 (8911/sec), new interesting: 221 (total: 1399)
fuzz: elapsed: 11m7s, execs: 5987155 (8667/sec), new interesting: 221 (total: 1399)
fuzz: elapsed: 11m10s, execs: 6014512 (9119/sec), new interesting: 222 (total: 1400)
fuzz: elapsed: 11m13s, execs: 6042890 (9460/sec), new interesting: 222 (total: 1400)
fuzz: elapsed: 11m16s, execs: 6070152 (9086/sec), new interesting: 222 (total: 1400)
fuzz: elapsed: 11m19s, execs: 6099526 (9792/sec), new interesting: 222 (total: 1400)
fuzz: elapsed: 11m22s, execs: 6126440 (8971/sec), new interesting: 222 (total: 1400)
fuzz: elapsed: 11m25s, execs: 6154546 (9369/sec), new interesting: 222 (total: 1400)
fuzz: elapsed: 11m28s, execs: 6181680 (9045/sec), new interesting: 222 (total: 1400)
fuzz: elapsed: 11m31s, execs: 6207719 (8679/sec), new interesting: 222 (total: 1400)
fuzz: elapsed: 11m34s, execs: 6234482 (8922/sec), new interesting: 222 (total: 1400)
fuzz: elapsed: 11m37s, execs: 6261826 (9113/sec), new interesting: 222 (total: 1400)
fuzz: elapsed: 11m40s, execs: 6288084 (8753/sec), new interesting: 222 (total: 1400)
fuzz: elapsed: 11m43s, execs: 6314393 (8770/sec), new interesting: 222 (total: 1400)
fuzz: elapsed: 11m46s, execs: 6339857 (8490/sec), new interesting: 222 (total: 1400)
fuzz: elapsed: 11m49s, execs: 6366929 (9022/sec), new interesting: 222 (total: 1400)
fuzz: elapsed: 11m52s, execs: 6395107 (9393/sec), new interesting: 222 (total: 1400)
fuzz: elapsed: 11m55s, execs: 6422583 (9159/sec), new interesting: 222 (total: 1400)
fuzz: elapsed: 11m58s, execs: 6450849 (9423/sec), new interesting: 222 (total: 1400)
fuzz: elapsed: 12m1s, execs: 6479217 (9458/sec), new interesting: 222 (total: 1400)
fuzz: elapsed: 12m1s, execs: 6479217 (0/sec), new interesting: 222 (total: 1400)
PASS
ok  	github.com/DataDog/dd-iast-go/internal/taint/propagation	721.564s
      723.27 real      1431.83 user        59.38 sys
           370917376  maximum resident set size
                   0  average shared memory size
                   0  average unshared data size
                   0  average unshared stack size
               99419  page reclaims
                7660  page faults
                   0  swaps
                   0  block input operations
                   0  block output operations
                   0  messages sent
                   0  messages received
              134031  signals received
               52220  voluntary context switches
            13107715  involuntary context switches
          3669069028  instructions retired
          3125978277  cycles elapsed
            25576216  peak memory footprint
EXIT=0
