go version go1.26.6 darwin/arm64
fuzz: elapsed: 0s, gathering baseline coverage: 0/4 completed
fuzz: elapsed: 0s, gathering baseline coverage: 4/4 completed, now fuzzing with 2 workers
fuzz: elapsed: 3s, execs: 17037 (5678/sec), new interesting: 57 (total: 61)
fuzz: elapsed: 6s, execs: 32604 (5189/sec), new interesting: 124 (total: 128)
fuzz: elapsed: 9s, execs: 49991 (5794/sec), new interesting: 172 (total: 176)
fuzz: elapsed: 12s, execs: 65234 (5082/sec), new interesting: 206 (total: 210)
fuzz: elapsed: 15s, execs: 81355 (5372/sec), new interesting: 223 (total: 227)
fuzz: elapsed: 18s, execs: 98085 (5577/sec), new interesting: 229 (total: 233)
fuzz: elapsed: 21s, execs: 241802 (47912/sec), new interesting: 238 (total: 242)
fuzz: elapsed: 24s, execs: 275003 (11067/sec), new interesting: 243 (total: 247)
fuzz: elapsed: 27s, execs: 307415 (10806/sec), new interesting: 252 (total: 256)
fuzz: elapsed: 30s, execs: 340485 (11021/sec), new interesting: 258 (total: 262)
fuzz: elapsed: 33s, execs: 373085 (10839/sec), new interesting: 260 (total: 264)
fuzz: elapsed: 36s, execs: 404200 (10398/sec), new interesting: 263 (total: 267)
fuzz: elapsed: 39s, execs: 436628 (10812/sec), new interesting: 266 (total: 270)
fuzz: elapsed: 42s, execs: 460057 (7807/sec), new interesting: 270 (total: 274)
fuzz: elapsed: 45s, execs: 485276 (8409/sec), new interesting: 271 (total: 275)
fuzz: elapsed: 48s, execs: 511023 (8558/sec), new interesting: 272 (total: 276)
fuzz: elapsed: 51s, execs: 533814 (7618/sec), new interesting: 272 (total: 276)
fuzz: elapsed: 54s, execs: 553483 (6557/sec), new interesting: 275 (total: 279)
fuzz: elapsed: 57s, execs: 569790 (5434/sec), new interesting: 276 (total: 280)
fuzz: elapsed: 1m0s, execs: 575981 (2064/sec), new interesting: 276 (total: 280)
fuzz: elapsed: 1m3s, execs: 581891 (1971/sec), new interesting: 276 (total: 280)
fuzz: elapsed: 1m6s, execs: 593231 (3778/sec), new interesting: 276 (total: 280)
fuzz: elapsed: 1m9s, execs: 610230 (5628/sec), new interesting: 276 (total: 280)
fuzz: elapsed: 1m12s, execs: 635554 (8500/sec), new interesting: 277 (total: 281)
fuzz: elapsed: 1m15s, execs: 658293 (7583/sec), new interesting: 278 (total: 282)
fuzz: elapsed: 1m18s, execs: 680518 (7407/sec), new interesting: 280 (total: 284)
fuzz: elapsed: 1m21s, execs: 707484 (8988/sec), new interesting: 281 (total: 285)
fuzz: elapsed: 1m24s, execs: 736273 (9596/sec), new interesting: 281 (total: 285)
fuzz: elapsed: 1m27s, execs: 762962 (8897/sec), new interesting: 284 (total: 288)
fuzz: elapsed: 1m30s, execs: 769129 (2054/sec), new interesting: 284 (total: 288)
fuzz: elapsed: 1m33s, execs: 793870 (8247/sec), new interesting: 286 (total: 290)
fuzz: elapsed: 1m36s, execs: 800317 (2150/sec), new interesting: 286 (total: 290)
fuzz: elapsed: 1m39s, execs: 806499 (2061/sec), new interesting: 286 (total: 290)
fuzz: elapsed: 1m42s, execs: 813790 (2430/sec), new interesting: 286 (total: 290)
fuzz: elapsed: 1m45s, execs: 818174 (1461/sec), new interesting: 286 (total: 290)
fuzz: elapsed: 1m48s, execs: 823927 (1918/sec), new interesting: 287 (total: 291)
fuzz: elapsed: 1m51s, execs: 832854 (2978/sec), new interesting: 287 (total: 291)
fuzz: elapsed: 1m54s, execs: 841571 (2905/sec), new interesting: 287 (total: 291)
fuzz: elapsed: 1m57s, execs: 850942 (3123/sec), new interesting: 287 (total: 291)
fuzz: elapsed: 2m0s, execs: 865824 (4962/sec), new interesting: 287 (total: 291)
fuzz: elapsed: 2m3s, execs: 890683 (8289/sec), new interesting: 290 (total: 294)
fuzz: elapsed: 2m6s, execs: 916548 (8619/sec), new interesting: 290 (total: 294)
fuzz: elapsed: 2m9s, execs: 948149 (10536/sec), new interesting: 290 (total: 294)
fuzz: elapsed: 2m12s, execs: 980779 (10877/sec), new interesting: 290 (total: 294)
fuzz: elapsed: 2m15s, execs: 1013891 (11038/sec), new interesting: 292 (total: 296)
fuzz: elapsed: 2m18s, execs: 1045525 (10523/sec), new interesting: 292 (total: 296)
fuzz: elapsed: 2m21s, execs: 1073016 (9182/sec), new interesting: 292 (total: 296)
fuzz: elapsed: 2m24s, execs: 1092145 (6375/sec), new interesting: 292 (total: 296)
fuzz: elapsed: 2m27s, execs: 1119290 (8974/sec), new interesting: 293 (total: 297)
fuzz: elapsed: 2m30s, execs: 1148068 (9662/sec), new interesting: 294 (total: 298)
fuzz: elapsed: 2m33s, execs: 1172610 (8191/sec), new interesting: 294 (total: 298)
fuzz: elapsed: 2m36s, execs: 1201446 (9610/sec), new interesting: 297 (total: 301)
fuzz: elapsed: 2m39s, execs: 1230458 (9671/sec), new interesting: 297 (total: 301)
fuzz: elapsed: 2m42s, execs: 1260843 (10129/sec), new interesting: 297 (total: 301)
fuzz: elapsed: 2m45s, execs: 1288182 (9115/sec), new interesting: 297 (total: 301)
fuzz: elapsed: 2m48s, execs: 1309423 (7078/sec), new interesting: 297 (total: 301)
fuzz: elapsed: 2m51s, execs: 1329288 (6623/sec), new interesting: 297 (total: 301)
fuzz: elapsed: 2m54s, execs: 1358507 (9739/sec), new interesting: 298 (total: 302)
fuzz: elapsed: 2m57s, execs: 1390519 (10671/sec), new interesting: 298 (total: 302)
fuzz: elapsed: 3m0s, execs: 1422943 (10809/sec), new interesting: 298 (total: 302)
fuzz: elapsed: 3m3s, execs: 1453207 (10088/sec), new interesting: 299 (total: 303)
fuzz: elapsed: 3m6s, execs: 1484235 (10334/sec), new interesting: 300 (total: 304)
fuzz: elapsed: 3m9s, execs: 1515242 (10336/sec), new interesting: 300 (total: 304)
fuzz: elapsed: 3m12s, execs: 1538715 (7829/sec), new interesting: 300 (total: 304)
fuzz: elapsed: 3m15s, execs: 1569164 (10149/sec), new interesting: 300 (total: 304)
fuzz: elapsed: 3m18s, execs: 1599390 (10077/sec), new interesting: 300 (total: 304)
fuzz: elapsed: 3m21s, execs: 1626770 (9103/sec), new interesting: 300 (total: 304)
fuzz: elapsed: 3m24s, execs: 1654342 (9210/sec), new interesting: 300 (total: 304)
fuzz: elapsed: 3m27s, execs: 1679943 (8537/sec), new interesting: 300 (total: 304)
fuzz: elapsed: 3m30s, execs: 1705089 (8380/sec), new interesting: 300 (total: 304)
fuzz: elapsed: 3m33s, execs: 1724490 (6416/sec), new interesting: 301 (total: 305)
fuzz: elapsed: 3m36s, execs: 1738671 (4767/sec), new interesting: 301 (total: 305)
fuzz: elapsed: 3m39s, execs: 1746992 (2772/sec), new interesting: 301 (total: 305)
fuzz: elapsed: 3m42s, execs: 1759219 (4078/sec), new interesting: 301 (total: 305)
fuzz: elapsed: 3m45s, execs: 1776668 (5814/sec), new interesting: 301 (total: 305)
fuzz: elapsed: 3m48s, execs: 1806557 (9967/sec), new interesting: 302 (total: 306)
fuzz: elapsed: 3m51s, execs: 1831368 (8271/sec), new interesting: 302 (total: 306)
fuzz: elapsed: 3m54s, execs: 1850128 (6252/sec), new interesting: 302 (total: 306)
fuzz: elapsed: 3m57s, execs: 1870475 (6782/sec), new interesting: 302 (total: 306)
fuzz: elapsed: 4m0s, execs: 1890550 (6688/sec), new interesting: 302 (total: 306)
fuzz: elapsed: 4m3s, execs: 1915286 (8252/sec), new interesting: 302 (total: 306)
fuzz: elapsed: 4m6s, execs: 1943790 (9494/sec), new interesting: 303 (total: 307)
fuzz: elapsed: 4m9s, execs: 1974230 (10154/sec), new interesting: 303 (total: 307)
fuzz: elapsed: 4m12s, execs: 2003611 (9794/sec), new interesting: 303 (total: 307)
fuzz: elapsed: 4m15s, execs: 2032151 (9516/sec), new interesting: 303 (total: 307)
fuzz: elapsed: 4m18s, execs: 2065710 (11183/sec), new interesting: 303 (total: 307)
fuzz: elapsed: 4m21s, execs: 2092421 (8906/sec), new interesting: 303 (total: 307)
fuzz: elapsed: 4m24s, execs: 2115139 (7573/sec), new interesting: 303 (total: 307)
fuzz: elapsed: 4m27s, execs: 2139189 (8016/sec), new interesting: 303 (total: 307)
fuzz: elapsed: 4m30s, execs: 2163069 (7960/sec), new interesting: 303 (total: 307)
fuzz: elapsed: 4m33s, execs: 2187703 (8210/sec), new interesting: 303 (total: 307)
fuzz: elapsed: 4m36s, execs: 2212228 (8176/sec), new interesting: 304 (total: 308)
fuzz: elapsed: 4m39s, execs: 2236719 (8163/sec), new interesting: 304 (total: 308)
fuzz: elapsed: 4m42s, execs: 2264356 (9215/sec), new interesting: 307 (total: 311)
fuzz: elapsed: 4m45s, execs: 2288636 (8093/sec), new interesting: 309 (total: 313)
fuzz: elapsed: 4m48s, execs: 2317452 (9597/sec), new interesting: 309 (total: 313)
fuzz: elapsed: 4m51s, execs: 2350103 (10890/sec), new interesting: 309 (total: 313)
fuzz: elapsed: 4m54s, execs: 2372114 (7337/sec), new interesting: 309 (total: 313)
fuzz: elapsed: 4m57s, execs: 2389531 (5805/sec), new interesting: 311 (total: 315)
fuzz: elapsed: 5m0s, execs: 2396928 (2466/sec), new interesting: 311 (total: 315)
fuzz: elapsed: 5m3s, execs: 2407284 (3453/sec), new interesting: 311 (total: 315)
fuzz: elapsed: 5m6s, execs: 2425176 (5964/sec), new interesting: 311 (total: 315)
fuzz: elapsed: 5m9s, execs: 2448343 (7723/sec), new interesting: 311 (total: 315)
fuzz: elapsed: 5m12s, execs: 2474629 (8759/sec), new interesting: 311 (total: 315)
fuzz: elapsed: 5m15s, execs: 2496196 (7185/sec), new interesting: 312 (total: 316)
fuzz: elapsed: 5m18s, execs: 2503359 (2389/sec), new interesting: 312 (total: 316)
fuzz: elapsed: 5m21s, execs: 2520093 (5577/sec), new interesting: 312 (total: 316)
fuzz: elapsed: 5m24s, execs: 2529046 (2984/sec), new interesting: 312 (total: 316)
fuzz: elapsed: 5m27s, execs: 2532655 (1203/sec), new interesting: 312 (total: 316)
fuzz: elapsed: 5m30s, execs: 2536408 (1251/sec), new interesting: 312 (total: 316)
fuzz: elapsed: 5m33s, execs: 2540475 (1356/sec), new interesting: 312 (total: 316)
fuzz: elapsed: 5m36s, execs: 2544318 (1280/sec), new interesting: 312 (total: 316)
fuzz: elapsed: 5m39s, execs: 2547597 (1093/sec), new interesting: 312 (total: 316)
fuzz: elapsed: 5m42s, execs: 2553009 (1806/sec), new interesting: 312 (total: 316)
fuzz: elapsed: 5m45s, execs: 2557443 (1478/sec), new interesting: 312 (total: 316)
fuzz: elapsed: 5m48s, execs: 2563055 (1870/sec), new interesting: 312 (total: 316)
fuzz: elapsed: 5m51s, execs: 2571335 (2761/sec), new interesting: 312 (total: 316)
fuzz: elapsed: 5m54s, execs: 2582626 (3764/sec), new interesting: 312 (total: 316)
fuzz: elapsed: 5m57s, execs: 2590945 (2769/sec), new interesting: 312 (total: 316)
fuzz: elapsed: 6m0s, execs: 2599988 (3017/sec), new interesting: 312 (total: 316)
fuzz: elapsed: 6m3s, execs: 2608664 (2892/sec), new interesting: 312 (total: 316)
fuzz: elapsed: 6m6s, execs: 2620664 (4001/sec), new interesting: 312 (total: 316)
fuzz: elapsed: 6m9s, execs: 2631402 (3575/sec), new interesting: 312 (total: 316)
fuzz: elapsed: 6m12s, execs: 2642330 (3646/sec), new interesting: 312 (total: 316)
fuzz: elapsed: 6m15s, execs: 2655579 (4417/sec), new interesting: 312 (total: 316)
fuzz: elapsed: 6m18s, execs: 2668637 (4351/sec), new interesting: 312 (total: 316)
fuzz: elapsed: 6m21s, execs: 2684573 (5311/sec), new interesting: 312 (total: 316)
fuzz: elapsed: 6m24s, execs: 2706183 (7207/sec), new interesting: 312 (total: 316)
fuzz: elapsed: 6m27s, execs: 2746601 (13474/sec), new interesting: 312 (total: 316)
fuzz: elapsed: 6m30s, execs: 2791391 (14925/sec), new interesting: 312 (total: 316)
fuzz: elapsed: 6m33s, execs: 2831393 (13334/sec), new interesting: 312 (total: 316)
fuzz: elapsed: 6m36s, execs: 2869953 (12853/sec), new interesting: 312 (total: 316)
fuzz: elapsed: 6m39s, execs: 2910201 (13420/sec), new interesting: 312 (total: 316)
fuzz: elapsed: 6m42s, execs: 2953571 (14455/sec), new interesting: 313 (total: 317)
fuzz: elapsed: 6m45s, execs: 2990515 (12305/sec), new interesting: 314 (total: 318)
fuzz: elapsed: 6m48s, execs: 3002254 (3914/sec), new interesting: 314 (total: 318)
fuzz: elapsed: 6m51s, execs: 3015643 (4464/sec), new interesting: 314 (total: 318)
fuzz: elapsed: 6m54s, execs: 3038632 (7664/sec), new interesting: 314 (total: 318)
fuzz: elapsed: 6m57s, execs: 3072134 (11169/sec), new interesting: 314 (total: 318)
fuzz: elapsed: 7m0s, execs: 3104607 (10826/sec), new interesting: 316 (total: 320)
fuzz: elapsed: 7m3s, execs: 3132139 (9179/sec), new interesting: 316 (total: 320)
fuzz: elapsed: 7m6s, execs: 3142453 (3437/sec), new interesting: 316 (total: 320)
fuzz: elapsed: 7m9s, execs: 3165136 (7559/sec), new interesting: 316 (total: 320)
fuzz: elapsed: 7m12s, execs: 3172707 (2525/sec), new interesting: 316 (total: 320)
fuzz: elapsed: 7m15s, execs: 3184485 (3925/sec), new interesting: 316 (total: 320)
fuzz: elapsed: 7m18s, execs: 3188690 (1401/sec), new interesting: 316 (total: 320)
fuzz: elapsed: 7m21s, execs: 3193314 (1542/sec), new interesting: 316 (total: 320)
fuzz: elapsed: 7m24s, execs: 3206082 (4258/sec), new interesting: 316 (total: 320)
fuzz: elapsed: 7m27s, execs: 3219343 (4419/sec), new interesting: 316 (total: 320)
fuzz: elapsed: 7m30s, execs: 3244745 (8471/sec), new interesting: 316 (total: 320)
fuzz: elapsed: 7m33s, execs: 3270260 (8495/sec), new interesting: 316 (total: 320)
fuzz: elapsed: 7m36s, execs: 3298695 (9490/sec), new interesting: 316 (total: 320)
fuzz: elapsed: 7m39s, execs: 3335141 (12145/sec), new interesting: 316 (total: 320)
fuzz: elapsed: 7m42s, execs: 3371661 (12175/sec), new interesting: 316 (total: 320)
fuzz: elapsed: 7m45s, execs: 3408543 (12295/sec), new interesting: 316 (total: 320)
fuzz: elapsed: 7m48s, execs: 3447104 (12854/sec), new interesting: 316 (total: 320)
fuzz: elapsed: 7m51s, execs: 3484522 (12472/sec), new interesting: 316 (total: 320)
fuzz: elapsed: 7m54s, execs: 3525571 (13682/sec), new interesting: 316 (total: 320)
fuzz: elapsed: 7m57s, execs: 3566126 (13517/sec), new interesting: 316 (total: 320)
fuzz: elapsed: 8m0s, execs: 3601045 (11641/sec), new interesting: 316 (total: 320)
fuzz: elapsed: 8m3s, execs: 3610137 (3026/sec), new interesting: 316 (total: 320)
fuzz: elapsed: 8m6s, execs: 3628393 (6095/sec), new interesting: 316 (total: 320)
fuzz: elapsed: 8m9s, execs: 3662144 (11250/sec), new interesting: 316 (total: 320)
fuzz: elapsed: 8m12s, execs: 3706202 (14688/sec), new interesting: 316 (total: 320)
fuzz: elapsed: 8m15s, execs: 3726243 (6679/sec), new interesting: 316 (total: 320)
fuzz: elapsed: 8m18s, execs: 3756114 (9956/sec), new interesting: 316 (total: 320)
fuzz: elapsed: 8m21s, execs: 3764719 (2867/sec), new interesting: 316 (total: 320)
fuzz: elapsed: 8m24s, execs: 3769937 (1741/sec), new interesting: 316 (total: 320)
fuzz: elapsed: 8m27s, execs: 3774646 (1568/sec), new interesting: 316 (total: 320)
fuzz: elapsed: 8m30s, execs: 3778987 (1448/sec), new interesting: 317 (total: 321)
fuzz: elapsed: 8m33s, execs: 3786735 (2581/sec), new interesting: 317 (total: 321)
fuzz: elapsed: 8m36s, execs: 3798773 (4014/sec), new interesting: 317 (total: 321)
fuzz: elapsed: 8m39s, execs: 3827593 (9614/sec), new interesting: 317 (total: 321)
fuzz: elapsed: 8m42s, execs: 3861170 (11194/sec), new interesting: 317 (total: 321)
fuzz: elapsed: 8m45s, execs: 3903400 (14073/sec), new interesting: 317 (total: 321)
fuzz: elapsed: 8m48s, execs: 3945274 (13962/sec), new interesting: 317 (total: 321)
fuzz: elapsed: 8m51s, execs: 3990115 (14942/sec), new interesting: 317 (total: 321)
fuzz: elapsed: 8m54s, execs: 4034354 (14747/sec), new interesting: 317 (total: 321)
fuzz: elapsed: 8m57s, execs: 4075136 (13594/sec), new interesting: 318 (total: 322)
fuzz: elapsed: 9m0s, execs: 4102104 (8988/sec), new interesting: 318 (total: 322)
fuzz: elapsed: 9m3s, execs: 4108043 (1981/sec), new interesting: 318 (total: 322)
fuzz: elapsed: 9m6s, execs: 4116513 (2822/sec), new interesting: 318 (total: 322)
fuzz: elapsed: 9m9s, execs: 4135333 (6264/sec), new interesting: 319 (total: 323)
fuzz: elapsed: 9m12s, execs: 4162312 (9006/sec), new interesting: 319 (total: 323)
fuzz: elapsed: 9m15s, execs: 4195177 (10959/sec), new interesting: 319 (total: 323)
fuzz: elapsed: 9m18s, execs: 4224712 (9843/sec), new interesting: 319 (total: 323)
fuzz: elapsed: 9m21s, execs: 4245672 (6987/sec), new interesting: 319 (total: 323)
fuzz: elapsed: 9m24s, execs: 4257983 (4101/sec), new interesting: 319 (total: 323)
fuzz: elapsed: 9m27s, execs: 4264314 (2113/sec), new interesting: 319 (total: 323)
fuzz: elapsed: 9m30s, execs: 4267158 (948/sec), new interesting: 319 (total: 323)
fuzz: elapsed: 9m33s, execs: 4270438 (1091/sec), new interesting: 319 (total: 323)
fuzz: elapsed: 9m36s, execs: 4273683 (1084/sec), new interesting: 319 (total: 323)
fuzz: elapsed: 9m39s, execs: 4280415 (2244/sec), new interesting: 319 (total: 323)
fuzz: elapsed: 9m42s, execs: 4287049 (2212/sec), new interesting: 319 (total: 323)
fuzz: elapsed: 9m45s, execs: 4298860 (3937/sec), new interesting: 319 (total: 323)
fuzz: elapsed: 9m48s, execs: 4323162 (8098/sec), new interesting: 319 (total: 323)
fuzz: elapsed: 9m51s, execs: 4352273 (9703/sec), new interesting: 319 (total: 323)
fuzz: elapsed: 9m54s, execs: 4368368 (5361/sec), new interesting: 319 (total: 323)
fuzz: elapsed: 9m57s, execs: 4387136 (6262/sec), new interesting: 319 (total: 323)
fuzz: elapsed: 10m0s, execs: 4418853 (10572/sec), new interesting: 319 (total: 323)
fuzz: elapsed: 10m3s, execs: 4455252 (12130/sec), new interesting: 319 (total: 323)
fuzz: elapsed: 10m6s, execs: 4491836 (12194/sec), new interesting: 319 (total: 323)
fuzz: elapsed: 10m9s, execs: 4533849 (14009/sec), new interesting: 319 (total: 323)
fuzz: elapsed: 10m12s, execs: 4577429 (14523/sec), new interesting: 319 (total: 323)
fuzz: elapsed: 10m15s, execs: 4621811 (14793/sec), new interesting: 319 (total: 323)
fuzz: elapsed: 10m18s, execs: 4656948 (11710/sec), new interesting: 319 (total: 323)
fuzz: elapsed: 10m21s, execs: 4668166 (3739/sec), new interesting: 319 (total: 323)
fuzz: elapsed: 10m24s, execs: 4687559 (6466/sec), new interesting: 319 (total: 323)
fuzz: elapsed: 10m27s, execs: 4725146 (12529/sec), new interesting: 319 (total: 323)
fuzz: elapsed: 10m30s, execs: 4766466 (13773/sec), new interesting: 320 (total: 324)
fuzz: elapsed: 10m33s, execs: 4804788 (12778/sec), new interesting: 320 (total: 324)
fuzz: elapsed: 10m36s, execs: 4840848 (12021/sec), new interesting: 320 (total: 324)
fuzz: elapsed: 10m39s, execs: 4882317 (13819/sec), new interesting: 320 (total: 324)
fuzz: elapsed: 10m42s, execs: 4924900 (14199/sec), new interesting: 321 (total: 325)
fuzz: elapsed: 10m45s, execs: 4962478 (12522/sec), new interesting: 321 (total: 325)
fuzz: elapsed: 10m48s, execs: 4995660 (11064/sec), new interesting: 321 (total: 325)
fuzz: elapsed: 10m51s, execs: 5027278 (10536/sec), new interesting: 321 (total: 325)
fuzz: elapsed: 10m54s, execs: 5060191 (10968/sec), new interesting: 321 (total: 325)
fuzz: elapsed: 10m57s, execs: 5079867 (6560/sec), new interesting: 321 (total: 325)
fuzz: elapsed: 11m0s, execs: 5085658 (1930/sec), new interesting: 321 (total: 325)
fuzz: elapsed: 11m3s, execs: 5104931 (6419/sec), new interesting: 321 (total: 325)
fuzz: elapsed: 11m6s, execs: 5127284 (7420/sec), new interesting: 321 (total: 325)
fuzz: elapsed: 11m9s, execs: 5165625 (12848/sec), new interesting: 321 (total: 325)
fuzz: elapsed: 11m12s, execs: 5196844 (10406/sec), new interesting: 321 (total: 325)
fuzz: elapsed: 11m15s, execs: 5227125 (10094/sec), new interesting: 321 (total: 325)
fuzz: elapsed: 11m18s, execs: 5251821 (8232/sec), new interesting: 321 (total: 325)
fuzz: elapsed: 11m21s, execs: 5263627 (3930/sec), new interesting: 321 (total: 325)
fuzz: elapsed: 11m24s, execs: 5268276 (1552/sec), new interesting: 321 (total: 325)
fuzz: elapsed: 11m27s, execs: 5272440 (1388/sec), new interesting: 321 (total: 325)
fuzz: elapsed: 11m30s, execs: 5292986 (6838/sec), new interesting: 321 (total: 325)
fuzz: elapsed: 11m33s, execs: 5317426 (8136/sec), new interesting: 321 (total: 325)
fuzz: elapsed: 11m36s, execs: 5352116 (11595/sec), new interesting: 322 (total: 326)
fuzz: elapsed: 11m39s, execs: 5384366 (10753/sec), new interesting: 322 (total: 326)
fuzz: elapsed: 11m42s, execs: 5417218 (10947/sec), new interesting: 322 (total: 326)
fuzz: elapsed: 11m45s, execs: 5449431 (10738/sec), new interesting: 322 (total: 326)
fuzz: elapsed: 11m48s, execs: 5484730 (11769/sec), new interesting: 322 (total: 326)
fuzz: elapsed: 11m51s, execs: 5516791 (10685/sec), new interesting: 322 (total: 326)
fuzz: elapsed: 11m54s, execs: 5539976 (7727/sec), new interesting: 323 (total: 327)
fuzz: elapsed: 11m57s, execs: 5545627 (1872/sec), new interesting: 323 (total: 327)
fuzz: elapsed: 12m0s, execs: 5557124 (3857/sec), new interesting: 323 (total: 327)
fuzz: elapsed: 12m0s, execs: 5557124 (0/sec), new interesting: 323 (total: 327)
PASS
ok  	github.com/DataDog/dd-iast-go/internal/taint/propagation	720.545s
      723.04 real       970.85 user        49.84 sys
           266698752  maximum resident set size
                   0  average shared memory size
                   0  average unshared data size
                   0  average unshared stack size
              149836  page reclaims
                7260  page faults
                   0  swaps
                   0  block input operations
                   0  block output operations
                   0  messages sent
                   0  messages received
              101511  signals received
               33205  voluntary context switches
             8954758  involuntary context switches
          4010109166  instructions retired
          2119267941  cycles elapsed
            26378984  peak memory footprint
EXIT=0
