fuzz: elapsed: 0s, gathering baseline coverage: 0/3 completed
fuzz: elapsed: 0s, gathering baseline coverage: 3/3 completed, now fuzzing with 2 workers
fuzz: elapsed: 3s, execs: 50266 (16755/sec), new interesting: 29 (total: 32)
fuzz: elapsed: 6s, execs: 113640 (21118/sec), new interesting: 29 (total: 32)
fuzz: elapsed: 9s, execs: 174548 (20308/sec), new interesting: 29 (total: 32)
fuzz: elapsed: 12s, execs: 221642 (15687/sec), new interesting: 29 (total: 32)
fuzz: elapsed: 15s, execs: 236186 (4846/sec), new interesting: 29 (total: 32)
fuzz: elapsed: 18s, execs: 248526 (4114/sec), new interesting: 29 (total: 32)
fuzz: elapsed: 21s, execs: 277790 (9737/sec), new interesting: 29 (total: 32)
fuzz: elapsed: 24s, execs: 316632 (12981/sec), new interesting: 29 (total: 32)
fuzz: elapsed: 27s, execs: 368366 (17246/sec), new interesting: 29 (total: 32)
fuzz: elapsed: 30s, execs: 406865 (12833/sec), new interesting: 29 (total: 32)
fuzz: elapsed: 33s, execs: 445362 (12833/sec), new interesting: 29 (total: 32)
fuzz: elapsed: 36s, execs: 484843 (13149/sec), new interesting: 29 (total: 32)
fuzz: elapsed: 39s, execs: 538304 (17831/sec), new interesting: 29 (total: 32)
fuzz: elapsed: 42s, execs: 597413 (19709/sec), new interesting: 29 (total: 32)
fuzz: elapsed: 45s, execs: 646943 (16509/sec), new interesting: 29 (total: 32)
fuzz: elapsed: 48s, execs: 705806 (19616/sec), new interesting: 29 (total: 32)
fuzz: elapsed: 51s, execs: 768947 (21047/sec), new interesting: 29 (total: 32)
fuzz: elapsed: 54s, execs: 832136 (21068/sec), new interesting: 29 (total: 32)
fuzz: elapsed: 57s, execs: 896741 (21530/sec), new interesting: 29 (total: 32)
fuzz: elapsed: 1m0s, execs: 962073 (21780/sec), new interesting: 29 (total: 32)
fuzz: elapsed: 1m3s, execs: 1024157 (20692/sec), new interesting: 29 (total: 32)
fuzz: elapsed: 1m6s, execs: 1088004 (21283/sec), new interesting: 30 (total: 33)
fuzz: elapsed: 1m9s, execs: 1150353 (20785/sec), new interesting: 30 (total: 33)
fuzz: elapsed: 1m12s, execs: 1202930 (17528/sec), new interesting: 30 (total: 33)
fuzz: elapsed: 1m15s, execs: 1245360 (14137/sec), new interesting: 30 (total: 33)
fuzz: elapsed: 1m18s, execs: 1256859 (3833/sec), new interesting: 30 (total: 33)
fuzz: elapsed: 1m21s, execs: 1276995 (6685/sec), new interesting: 30 (total: 33)
fuzz: elapsed: 1m24s, execs: 1309555 (10900/sec), new interesting: 30 (total: 33)
fuzz: elapsed: 1m27s, execs: 1358340 (16258/sec), new interesting: 30 (total: 33)
fuzz: elapsed: 1m30s, execs: 1413031 (18235/sec), new interesting: 30 (total: 33)
fuzz: elapsed: 1m33s, execs: 1438957 (8639/sec), new interesting: 30 (total: 33)
fuzz: elapsed: 1m36s, execs: 1462133 (7719/sec), new interesting: 30 (total: 33)
fuzz: elapsed: 1m39s, execs: 1468779 (2217/sec), new interesting: 30 (total: 33)
fuzz: elapsed: 1m42s, execs: 1474913 (2044/sec), new interesting: 30 (total: 33)
fuzz: elapsed: 1m45s, execs: 1511326 (12138/sec), new interesting: 31 (total: 34)
fuzz: elapsed: 1m48s, execs: 1571017 (19902/sec), new interesting: 31 (total: 34)
fuzz: elapsed: 1m51s, execs: 1635376 (21446/sec), new interesting: 31 (total: 34)
fuzz: elapsed: 1m54s, execs: 1699069 (21238/sec), new interesting: 31 (total: 34)
fuzz: elapsed: 1m57s, execs: 1762875 (21261/sec), new interesting: 31 (total: 34)
fuzz: elapsed: 2m0s, execs: 1828165 (21763/sec), new interesting: 31 (total: 34)
fuzz: elapsed: 2m3s, execs: 1890875 (20903/sec), new interesting: 31 (total: 34)
fuzz: elapsed: 2m6s, execs: 1955894 (21673/sec), new interesting: 31 (total: 34)
fuzz: elapsed: 2m9s, execs: 2020477 (21529/sec), new interesting: 31 (total: 34)
fuzz: elapsed: 2m12s, execs: 2077399 (18977/sec), new interesting: 31 (total: 34)
fuzz: elapsed: 2m15s, execs: 2107905 (10166/sec), new interesting: 31 (total: 34)
fuzz: elapsed: 2m18s, execs: 2117108 (3067/sec), new interesting: 31 (total: 34)
fuzz: elapsed: 2m21s, execs: 2136848 (6581/sec), new interesting: 32 (total: 35)
fuzz: elapsed: 2m24s, execs: 2169609 (10923/sec), new interesting: 32 (total: 35)
fuzz: elapsed: 2m27s, execs: 2225665 (18686/sec), new interesting: 32 (total: 35)
fuzz: elapsed: 2m30s, execs: 2265548 (13291/sec), new interesting: 32 (total: 35)
fuzz: elapsed: 2m33s, execs: 2302989 (12482/sec), new interesting: 32 (total: 35)
fuzz: elapsed: 2m36s, execs: 2316837 (4616/sec), new interesting: 32 (total: 35)
fuzz: elapsed: 2m39s, execs: 2323032 (2061/sec), new interesting: 32 (total: 35)
fuzz: elapsed: 2m42s, execs: 2349433 (8815/sec), new interesting: 32 (total: 35)
fuzz: elapsed: 2m45s, execs: 2394389 (14986/sec), new interesting: 32 (total: 35)
fuzz: elapsed: 2m48s, execs: 2430026 (11881/sec), new interesting: 32 (total: 35)
fuzz: elapsed: 2m51s, execs: 2467095 (12357/sec), new interesting: 32 (total: 35)
fuzz: elapsed: 2m54s, execs: 2500691 (11199/sec), new interesting: 32 (total: 35)
fuzz: elapsed: 2m57s, execs: 2542829 (14046/sec), new interesting: 32 (total: 35)
fuzz: elapsed: 3m0s, execs: 2579510 (12224/sec), new interesting: 32 (total: 35)
fuzz: elapsed: 3m3s, execs: 2630688 (17063/sec), new interesting: 32 (total: 35)
fuzz: elapsed: 3m6s, execs: 2689768 (19694/sec), new interesting: 32 (total: 35)
fuzz: elapsed: 3m9s, execs: 2754140 (21451/sec), new interesting: 32 (total: 35)
fuzz: elapsed: 3m12s, execs: 2808303 (18054/sec), new interesting: 32 (total: 35)
fuzz: elapsed: 3m15s, execs: 2867157 (19622/sec), new interesting: 32 (total: 35)
fuzz: elapsed: 3m18s, execs: 2929787 (20880/sec), new interesting: 32 (total: 35)
fuzz: elapsed: 3m21s, execs: 2994295 (21496/sec), new interesting: 32 (total: 35)
fuzz: elapsed: 3m24s, execs: 3057917 (21207/sec), new interesting: 32 (total: 35)
fuzz: elapsed: 3m27s, execs: 3122656 (21580/sec), new interesting: 32 (total: 35)
fuzz: elapsed: 3m30s, execs: 3186300 (21221/sec), new interesting: 32 (total: 35)
fuzz: elapsed: 3m33s, execs: 3249341 (21009/sec), new interesting: 32 (total: 35)
fuzz: elapsed: 3m36s, execs: 3299594 (16750/sec), new interesting: 32 (total: 35)
fuzz: elapsed: 3m39s, execs: 3349794 (16738/sec), new interesting: 32 (total: 35)
fuzz: elapsed: 3m42s, execs: 3375015 (8405/sec), new interesting: 32 (total: 35)
fuzz: elapsed: 3m45s, execs: 3383968 (2980/sec), new interesting: 32 (total: 35)
fuzz: elapsed: 3m48s, execs: 3405109 (7056/sec), new interesting: 32 (total: 35)
fuzz: elapsed: 3m51s, execs: 3448973 (14621/sec), new interesting: 32 (total: 35)
fuzz: elapsed: 3m54s, execs: 3502617 (17887/sec), new interesting: 32 (total: 35)
fuzz: elapsed: 3m57s, execs: 3556420 (17928/sec), new interesting: 32 (total: 35)
fuzz: elapsed: 4m0s, execs: 3607820 (17139/sec), new interesting: 32 (total: 35)
fuzz: elapsed: 4m3s, execs: 3655444 (15873/sec), new interesting: 32 (total: 35)
fuzz: elapsed: 4m6s, execs: 3700520 (15026/sec), new interesting: 32 (total: 35)
fuzz: elapsed: 4m9s, execs: 3742756 (14075/sec), new interesting: 32 (total: 35)
fuzz: elapsed: 4m12s, execs: 3782315 (13186/sec), new interesting: 32 (total: 35)
fuzz: elapsed: 4m15s, execs: 3839493 (19060/sec), new interesting: 32 (total: 35)
fuzz: elapsed: 4m18s, execs: 3897190 (19232/sec), new interesting: 32 (total: 35)
fuzz: elapsed: 4m21s, execs: 3950806 (17872/sec), new interesting: 32 (total: 35)
fuzz: elapsed: 4m24s, execs: 4006170 (18455/sec), new interesting: 32 (total: 35)
fuzz: elapsed: 4m27s, execs: 4054019 (15947/sec), new interesting: 32 (total: 35)
fuzz: elapsed: 4m30s, execs: 4100694 (15561/sec), new interesting: 32 (total: 35)
fuzz: elapsed: 4m33s, execs: 4140732 (13346/sec), new interesting: 32 (total: 35)
fuzz: elapsed: 4m36s, execs: 4176729 (11992/sec), new interesting: 32 (total: 35)
fuzz: elapsed: 4m39s, execs: 4193076 (5449/sec), new interesting: 32 (total: 35)
fuzz: elapsed: 4m42s, execs: 4202869 (3266/sec), new interesting: 32 (total: 35)
fuzz: elapsed: 4m45s, execs: 4221479 (6205/sec), new interesting: 32 (total: 35)
fuzz: elapsed: 4m48s, execs: 4263263 (13925/sec), new interesting: 32 (total: 35)
fuzz: elapsed: 4m51s, execs: 4313229 (16655/sec), new interesting: 32 (total: 35)
fuzz: elapsed: 4m54s, execs: 4375654 (20808/sec), new interesting: 32 (total: 35)
fuzz: elapsed: 4m57s, execs: 4432448 (18935/sec), new interesting: 32 (total: 35)
fuzz: elapsed: 5m0s, execs: 4464031 (10519/sec), new interesting: 33 (total: 36)
fuzz: elapsed: 5m3s, execs: 4491316 (9092/sec), new interesting: 33 (total: 36)
fuzz: elapsed: 5m6s, execs: 4516580 (8432/sec), new interesting: 33 (total: 36)
fuzz: elapsed: 5m9s, execs: 4557016 (13476/sec), new interesting: 33 (total: 36)
fuzz: elapsed: 5m12s, execs: 4598437 (13808/sec), new interesting: 33 (total: 36)
fuzz: elapsed: 5m15s, execs: 4634868 (12144/sec), new interesting: 33 (total: 36)
fuzz: elapsed: 5m18s, execs: 4664689 (9931/sec), new interesting: 33 (total: 36)
fuzz: elapsed: 5m21s, execs: 4675576 (3623/sec), new interesting: 33 (total: 36)
fuzz: elapsed: 5m24s, execs: 4705282 (9925/sec), new interesting: 33 (total: 36)
fuzz: elapsed: 5m27s, execs: 4746611 (13776/sec), new interesting: 33 (total: 36)
fuzz: elapsed: 5m30s, execs: 4792849 (15415/sec), new interesting: 33 (total: 36)
fuzz: elapsed: 5m33s, execs: 4839606 (15583/sec), new interesting: 33 (total: 36)
fuzz: elapsed: 5m36s, execs: 4890299 (16900/sec), new interesting: 33 (total: 36)
fuzz: elapsed: 5m39s, execs: 4923877 (11191/sec), new interesting: 33 (total: 36)
fuzz: elapsed: 5m42s, execs: 4937349 (4491/sec), new interesting: 33 (total: 36)
fuzz: elapsed: 5m45s, execs: 4970304 (10985/sec), new interesting: 33 (total: 36)
fuzz: elapsed: 5m48s, execs: 5017359 (15685/sec), new interesting: 33 (total: 36)
fuzz: elapsed: 5m51s, execs: 5075233 (19295/sec), new interesting: 33 (total: 36)
fuzz: elapsed: 5m54s, execs: 5122822 (15862/sec), new interesting: 33 (total: 36)
fuzz: elapsed: 5m57s, execs: 5168993 (15392/sec), new interesting: 33 (total: 36)
fuzz: elapsed: 6m0s, execs: 5225089 (18695/sec), new interesting: 33 (total: 36)
fuzz: elapsed: 6m3s, execs: 5280613 (18509/sec), new interesting: 33 (total: 36)
fuzz: elapsed: 6m6s, execs: 5338276 (19219/sec), new interesting: 33 (total: 36)
fuzz: elapsed: 6m9s, execs: 5402049 (21265/sec), new interesting: 33 (total: 36)
fuzz: elapsed: 6m12s, execs: 5464697 (20876/sec), new interesting: 33 (total: 36)
fuzz: elapsed: 6m15s, execs: 5528269 (21197/sec), new interesting: 33 (total: 36)
fuzz: elapsed: 6m18s, execs: 5591795 (21170/sec), new interesting: 33 (total: 36)
fuzz: elapsed: 6m21s, execs: 5652014 (20071/sec), new interesting: 33 (total: 36)
fuzz: elapsed: 6m24s, execs: 5716376 (21461/sec), new interesting: 33 (total: 36)
fuzz: elapsed: 6m27s, execs: 5780126 (21247/sec), new interesting: 33 (total: 36)
fuzz: elapsed: 6m30s, execs: 5830158 (16674/sec), new interesting: 33 (total: 36)
fuzz: elapsed: 6m33s, execs: 5881730 (17191/sec), new interesting: 33 (total: 36)
fuzz: elapsed: 6m36s, execs: 5938451 (18907/sec), new interesting: 33 (total: 36)
fuzz: elapsed: 6m39s, execs: 6002063 (21204/sec), new interesting: 33 (total: 36)
fuzz: elapsed: 6m42s, execs: 6065948 (21295/sec), new interesting: 33 (total: 36)
fuzz: elapsed: 6m45s, execs: 6131205 (21752/sec), new interesting: 33 (total: 36)
fuzz: elapsed: 6m48s, execs: 6190409 (19735/sec), new interesting: 33 (total: 36)
fuzz: elapsed: 6m51s, execs: 6247523 (19038/sec), new interesting: 33 (total: 36)
fuzz: elapsed: 6m54s, execs: 6312573 (21683/sec), new interesting: 33 (total: 36)
fuzz: elapsed: 6m57s, execs: 6377316 (21583/sec), new interesting: 33 (total: 36)
fuzz: elapsed: 7m0s, execs: 6436997 (19892/sec), new interesting: 33 (total: 36)
fuzz: elapsed: 7m3s, execs: 6498661 (20555/sec), new interesting: 33 (total: 36)
fuzz: elapsed: 7m6s, execs: 6559469 (20269/sec), new interesting: 33 (total: 36)
fuzz: elapsed: 7m9s, execs: 6623075 (21202/sec), new interesting: 33 (total: 36)
fuzz: elapsed: 7m12s, execs: 6686521 (21149/sec), new interesting: 33 (total: 36)
fuzz: elapsed: 7m15s, execs: 6749522 (21005/sec), new interesting: 33 (total: 36)
fuzz: elapsed: 7m18s, execs: 6812109 (20858/sec), new interesting: 33 (total: 36)
fuzz: elapsed: 7m21s, execs: 6874659 (20850/sec), new interesting: 33 (total: 36)
fuzz: elapsed: 7m24s, execs: 6939248 (21537/sec), new interesting: 33 (total: 36)
fuzz: elapsed: 7m27s, execs: 7001893 (20875/sec), new interesting: 33 (total: 36)
fuzz: elapsed: 7m30s, execs: 7058497 (18868/sec), new interesting: 33 (total: 36)
fuzz: elapsed: 7m33s, execs: 7119940 (20481/sec), new interesting: 33 (total: 36)
fuzz: elapsed: 7m36s, execs: 7187035 (22365/sec), new interesting: 33 (total: 36)
fuzz: elapsed: 7m39s, execs: 7251147 (21371/sec), new interesting: 33 (total: 36)
fuzz: elapsed: 7m42s, execs: 7314298 (21050/sec), new interesting: 33 (total: 36)
fuzz: elapsed: 7m45s, execs: 7375861 (20521/sec), new interesting: 33 (total: 36)
fuzz: elapsed: 7m48s, execs: 7434729 (19623/sec), new interesting: 33 (total: 36)
fuzz: elapsed: 7m51s, execs: 7497005 (20764/sec), new interesting: 33 (total: 36)
fuzz: elapsed: 7m54s, execs: 7559223 (20735/sec), new interesting: 33 (total: 36)
fuzz: elapsed: 7m57s, execs: 7617559 (19445/sec), new interesting: 33 (total: 36)
fuzz: elapsed: 8m0s, execs: 7677247 (19902/sec), new interesting: 33 (total: 36)
fuzz: elapsed: 8m3s, execs: 7740262 (20998/sec), new interesting: 33 (total: 36)
fuzz: elapsed: 8m6s, execs: 7800100 (19946/sec), new interesting: 33 (total: 36)
fuzz: elapsed: 8m9s, execs: 7860722 (20208/sec), new interesting: 33 (total: 36)
fuzz: elapsed: 8m12s, execs: 7924748 (21344/sec), new interesting: 33 (total: 36)
fuzz: elapsed: 8m15s, execs: 7986983 (20746/sec), new interesting: 33 (total: 36)
fuzz: elapsed: 8m18s, execs: 8050939 (21313/sec), new interesting: 33 (total: 36)
fuzz: elapsed: 8m21s, execs: 8116042 (21704/sec), new interesting: 33 (total: 36)
fuzz: elapsed: 8m24s, execs: 8178430 (20794/sec), new interesting: 33 (total: 36)
fuzz: elapsed: 8m27s, execs: 8242071 (21220/sec), new interesting: 33 (total: 36)
fuzz: elapsed: 8m30s, execs: 8307094 (21668/sec), new interesting: 33 (total: 36)
fuzz: elapsed: 8m33s, execs: 8369580 (20829/sec), new interesting: 33 (total: 36)
fuzz: elapsed: 8m36s, execs: 8434318 (21587/sec), new interesting: 33 (total: 36)
fuzz: elapsed: 8m39s, execs: 8496514 (20728/sec), new interesting: 33 (total: 36)
fuzz: elapsed: 8m42s, execs: 8560087 (21188/sec), new interesting: 33 (total: 36)
fuzz: elapsed: 8m45s, execs: 8624245 (21386/sec), new interesting: 33 (total: 36)
fuzz: elapsed: 8m48s, execs: 8688257 (21337/sec), new interesting: 34 (total: 37)
fuzz: elapsed: 8m51s, execs: 8749377 (20373/sec), new interesting: 34 (total: 37)
fuzz: elapsed: 8m54s, execs: 8808311 (19645/sec), new interesting: 34 (total: 37)
fuzz: elapsed: 8m57s, execs: 8870561 (20750/sec), new interesting: 34 (total: 37)
fuzz: elapsed: 9m0s, execs: 8934702 (21380/sec), new interesting: 34 (total: 37)
fuzz: elapsed: 9m3s, execs: 8995804 (20371/sec), new interesting: 34 (total: 37)
fuzz: elapsed: 9m6s, execs: 9058307 (20831/sec), new interesting: 34 (total: 37)
fuzz: elapsed: 9m9s, execs: 9120069 (20587/sec), new interesting: 34 (total: 37)
fuzz: elapsed: 9m12s, execs: 9183671 (21201/sec), new interesting: 34 (total: 37)
fuzz: elapsed: 9m15s, execs: 9248552 (21629/sec), new interesting: 34 (total: 37)
fuzz: elapsed: 9m18s, execs: 9311584 (21009/sec), new interesting: 34 (total: 37)
fuzz: elapsed: 9m21s, execs: 9373028 (20481/sec), new interesting: 34 (total: 37)
fuzz: elapsed: 9m24s, execs: 9425943 (17639/sec), new interesting: 34 (total: 37)
fuzz: elapsed: 9m27s, execs: 9465244 (13104/sec), new interesting: 34 (total: 37)
fuzz: elapsed: 9m30s, execs: 9509326 (14689/sec), new interesting: 34 (total: 37)
fuzz: elapsed: 9m33s, execs: 9571073 (20589/sec), new interesting: 34 (total: 37)
fuzz: elapsed: 9m36s, execs: 9634917 (21282/sec), new interesting: 34 (total: 37)
fuzz: elapsed: 9m39s, execs: 9697115 (20728/sec), new interesting: 34 (total: 37)
fuzz: elapsed: 9m42s, execs: 9754068 (18982/sec), new interesting: 34 (total: 37)
fuzz: elapsed: 9m45s, execs: 9816629 (20856/sec), new interesting: 34 (total: 37)
fuzz: elapsed: 9m48s, execs: 9882316 (21894/sec), new interesting: 34 (total: 37)
fuzz: elapsed: 9m51s, execs: 9948218 (21967/sec), new interesting: 34 (total: 37)
fuzz: elapsed: 9m54s, execs: 10011223 (21004/sec), new interesting: 34 (total: 37)
fuzz: elapsed: 9m57s, execs: 10075761 (21518/sec), new interesting: 34 (total: 37)
fuzz: elapsed: 10m0s, execs: 10138328 (20849/sec), new interesting: 34 (total: 37)
fuzz: elapsed: 10m3s, execs: 10203552 (21741/sec), new interesting: 34 (total: 37)
fuzz: elapsed: 10m6s, execs: 10269618 (22024/sec), new interesting: 34 (total: 37)
fuzz: elapsed: 10m9s, execs: 10335398 (21925/sec), new interesting: 34 (total: 37)
fuzz: elapsed: 10m12s, execs: 10398146 (20920/sec), new interesting: 34 (total: 37)
fuzz: elapsed: 10m15s, execs: 10464038 (21960/sec), new interesting: 34 (total: 37)
fuzz: elapsed: 10m18s, execs: 10527965 (21308/sec), new interesting: 34 (total: 37)
fuzz: elapsed: 10m21s, execs: 10593281 (21779/sec), new interesting: 34 (total: 37)
fuzz: elapsed: 10m24s, execs: 10655464 (20721/sec), new interesting: 34 (total: 37)
fuzz: elapsed: 10m27s, execs: 10720464 (21667/sec), new interesting: 34 (total: 37)
fuzz: elapsed: 10m30s, execs: 10785092 (21545/sec), new interesting: 34 (total: 37)
fuzz: elapsed: 10m33s, execs: 10847639 (20847/sec), new interesting: 34 (total: 37)
fuzz: elapsed: 10m36s, execs: 10911430 (21271/sec), new interesting: 34 (total: 37)
fuzz: elapsed: 10m39s, execs: 10974696 (21082/sec), new interesting: 34 (total: 37)
fuzz: elapsed: 10m42s, execs: 11037331 (20877/sec), new interesting: 34 (total: 37)
fuzz: elapsed: 10m45s, execs: 11095352 (19342/sec), new interesting: 34 (total: 37)
fuzz: elapsed: 10m48s, execs: 11141749 (15468/sec), new interesting: 34 (total: 37)
fuzz: elapsed: 10m51s, execs: 11192138 (16794/sec), new interesting: 34 (total: 37)
fuzz: elapsed: 10m54s, execs: 11256559 (21474/sec), new interesting: 34 (total: 37)
fuzz: elapsed: 10m57s, execs: 11321194 (21546/sec), new interesting: 34 (total: 37)
fuzz: elapsed: 11m0s, execs: 11383753 (20853/sec), new interesting: 34 (total: 37)
fuzz: elapsed: 11m3s, execs: 11447571 (21278/sec), new interesting: 34 (total: 37)
fuzz: elapsed: 11m6s, execs: 11511387 (21274/sec), new interesting: 34 (total: 37)
fuzz: elapsed: 11m9s, execs: 11576363 (21652/sec), new interesting: 34 (total: 37)
fuzz: elapsed: 11m12s, execs: 11641352 (21663/sec), new interesting: 34 (total: 37)
fuzz: elapsed: 11m15s, execs: 11704415 (21023/sec), new interesting: 34 (total: 37)
fuzz: elapsed: 11m18s, execs: 11766561 (20713/sec), new interesting: 34 (total: 37)
fuzz: elapsed: 11m21s, execs: 11826764 (20068/sec), new interesting: 34 (total: 37)
fuzz: elapsed: 11m24s, execs: 11888399 (20545/sec), new interesting: 34 (total: 37)
fuzz: elapsed: 11m27s, execs: 11947233 (19611/sec), new interesting: 34 (total: 37)
fuzz: elapsed: 11m30s, execs: 12008251 (20339/sec), new interesting: 34 (total: 37)
fuzz: elapsed: 11m33s, execs: 12069500 (20416/sec), new interesting: 34 (total: 37)
fuzz: elapsed: 11m36s, execs: 12132435 (20978/sec), new interesting: 34 (total: 37)
fuzz: elapsed: 11m39s, execs: 12197664 (21745/sec), new interesting: 34 (total: 37)
fuzz: elapsed: 11m42s, execs: 12259721 (20684/sec), new interesting: 34 (total: 37)
fuzz: elapsed: 11m45s, execs: 12323411 (21234/sec), new interesting: 34 (total: 37)
fuzz: elapsed: 11m48s, execs: 12388180 (21593/sec), new interesting: 34 (total: 37)
fuzz: elapsed: 11m51s, execs: 12451534 (21112/sec), new interesting: 34 (total: 37)
fuzz: elapsed: 11m54s, execs: 12518238 (22234/sec), new interesting: 34 (total: 37)
fuzz: elapsed: 11m57s, execs: 12580877 (20886/sec), new interesting: 34 (total: 37)
fuzz: elapsed: 12m0s, execs: 12641782 (20297/sec), new interesting: 34 (total: 37)
fuzz: elapsed: 12m0s, execs: 12641782 (0/sec), new interesting: 34 (total: 37)
PASS
ok  	github.com/DataDog/dd-iast-go/internal/taint/propagation	720.367s
      721.29 real      1316.61 user       103.27 sys
           262438912  maximum resident set size
                   0  average shared memory size
                   0  average unshared data size
                   0  average unshared stack size
               76795  page reclaims
                7786  page faults
                   0  swaps
                   0  block input operations
                   0  block output operations
                   0  messages sent
                   0  messages received
               75371  signals received
               40316  voluntary context switches
            25226703  involuntary context switches
          3479557288  instructions retired
          1714429336  cycles elapsed
            24642232  peak memory footprint
EXIT=0
